Archive member included to satisfy reference by file (symbol)

hw_include/libdriver.a(gpio_pintypei2c_.o)
                              gcc/osram96x16.o (GPIOPinTypeI2C)
hw_include/libdriver.a(i2c_mastercontrol_.o)
                              gcc/osram96x16.o (I2CMasterControl)
hw_include/libdriver.a(i2c_masterdataput_.o)
                              gcc/osram96x16.o (I2CMasterDataPut)
hw_include/libdriver.a(i2c_masterinit_.o)
                              gcc/osram96x16.o (I2CMasterInit)
hw_include/libdriver.a(i2c_masterintstatus_.o)
                              gcc/osram96x16.o (I2CMasterIntStatus)
hw_include/libdriver.a(i2c_masterslaveaddrset_.o)
                              gcc/osram96x16.o (I2CMasterSlaveAddrSet)
hw_include/libdriver.a(sysctl_clockget_.o)
                              hw_include/libdriver.a(i2c_masterinit_.o) (SysCtlClockGet)
hw_include/libdriver.a(sysctl_clockset_.o)
                              gcc/main.o (SysCtlClockSet)
hw_include/libdriver.a(sysctl_peripheralenable_.o)
                              gcc/osram96x16.o (SysCtlPeripheralEnable)
hw_include/libdriver.a(sysctl_pulrcgcregs_.o)
                              hw_include/libdriver.a(sysctl_peripheralenable_.o) (g_pulRCGCRegs)
hw_include/libdriver.a(sysctl_pulxtals_.o)
                              hw_include/libdriver.a(sysctl_clockget_.o) (g_pulXtals)
hw_include/libdriver.a(gpio_dirmodeset_.o)
                              hw_include/libdriver.a(gpio_pintypei2c_.o) (GPIODirModeSet)
hw_include/libdriver.a(gpio_padconfigset_.o)
                              hw_include/libdriver.a(gpio_pintypei2c_.o) (GPIOPadConfigSet)
hw_include/libdriver.a(i2c_masterenable_.o)
                              hw_include/libdriver.a(i2c_masterinit_.o) (I2CMasterEnable)
/usr/lib/gcc/arm-none-eabi/13.2.1/../../../arm-none-eabi/lib/thumb/nofp/libc.a(libc_a-memset.o)
                              gcc/tasks.o (memset)
/usr/lib/gcc/arm-none-eabi/13.2.1/../../../arm-none-eabi/lib/thumb/nofp/libc.a(libc_a-memcpy-stub.o)
                              gcc/queue.o (memcpy)

There are no discarded input sections

Memory Configuration

Name             Origin             Length             Attributes
FLASH            0x00000000         0x00010000         xr
SRAM             0x20000000         0x00002000         xrw
*default*        0x00000000         0xffffffff

Linker script and memory map


.text           0x00000000     0x3ecc
 *(.isr_vector)
 .isr_vector    0x00000000       0xb8 gcc/startup.o
                0x00000000                g_pfnVectors
 *(.text*)
 .text          0x000000b8       0x54 gcc/startup.o
                0x000000b8                ResetISR
 .text          0x0000010c       0xe0 gcc/main.o
                0x0000010c                main
                0x000001d4                vGPIO_ISR
                0x000001e0                vUART_ISR
 .text          0x000001ec      0x15e gcc/list.o
                0x000001ec                vListInitialise
                0x0000022a                vListInitialiseItem
                0x00000242                vListInsertEnd
                0x00000288                vListInsert
                0x000002f8                uxListRemove
 *fill*         0x0000034a        0x2 
 .text          0x0000034c      0xc4c gcc/queue.o
                0x0000034c                xQueueGenericReset
                0x00000434                xQueueGenericCreate
                0x000004f0                xQueueGenericSend
                0x00000644                xQueueGenericSendFromISR
                0x0000070e                xQueueGiveFromISR
                0x000007c6                xQueueReceive
                0x0000090c                xQueueSemaphoreTake
                0x00000a48                xQueuePeek
                0x00000b90                xQueueReceiveFromISR
                0x00000c52                xQueuePeekFromISR
                0x00000cb8                uxQueueMessagesWaiting
                0x00000cd8                uxQueueSpacesAvailable
                0x00000d02                uxQueueMessagesWaitingFromISR
                0x00000d20                vQueueDelete
                0x00000f0e                xQueueIsQueueEmptyFromISR
                0x00000f68                xQueueIsQueueFullFromISR
 .text          0x00000f98     0x1758 gcc/tasks.o
                0x00000f98                xTaskCreate
                0x00001214                xTaskDelayUntil
                0x000012b8                vTaskDelay
                0x00001300                vTaskStartScheduler
                0x00001378                vTaskEndScheduler
                0x000013a8                vTaskSuspendAll
                0x000013c4                xTaskResumeAll
                0x0000159c                xTaskGetTickCount
                0x000015b8                xTaskGetTickCountFromISR
                0x000015d8                uxTaskGetNumberOfTasks
                0x000015ec                pcTaskGetName
                0x00001618                xTaskCatchUpTicks
                0x0000164c                xTaskIncrementTick
                0x00001858                vTaskSwitchContext
                0x000018e4                vTaskPlaceOnEventList
                0x00001910                vTaskPlaceOnUnorderedEventList
                0x00001980                xTaskRemoveFromEventList
                0x00001b10                vTaskRemoveFromUnorderedEventList
                0x00001c50                vTaskSetTimeOutState
                0x00001c80                vTaskInternalSetTimeOutState
                0x00001cac                xTaskCheckForTimeOut
                0x00001d30                vTaskMissedYield
                0x00001e00                xTaskGetCurrentTaskHandle
                0x00001e1c                uxTaskResetEventItemValue
                0x00001e4c                ulTaskGenericNotifyTake
                0x00001f00                xTaskGenericNotifyWait
                0x00001fe4                xTaskGenericNotify
                0x000021a8                xTaskGenericNotifyFromISR
                0x000023e0                vTaskGenericNotifyGiveFromISR
                0x00002594                xTaskGenericNotifyStateClear
                0x000025ec                ulTaskGenericNotifyValueClear
 .text          0x000026f0      0x250 gcc/port.o
                0x000026f0                pxPortInitialiseStack
                0x0000277a                vPortSVCHandler
                0x000027c6                xPortStartScheduler
                0x00002808                vPortEndScheduler
                0x00002814                vPortEnterCritical
                0x00002848                vPortExitCritical
                0x0000287c                xPortPendSVHandler
                0x000028c6                xPortSysTickHandler
                0x0000290c                vPortSetupTimerInterrupt
 .text          0x00002940       0xe8 gcc/heap_1.o
                0x00002940                pvPortMalloc
                0x000029e4                vPortFree
                0x000029f6                vPortInitialiseBlocks
                0x00002a0c                xPortGetFreeHeapSize
 .text          0x00002a28      0x2dc gcc/BlockQ.o
                0x00002a28                vStartBlockingQueueTasks
                0x00002c72                xAreBlockingQueuesStillRunning
 .text          0x00002d04      0x184 gcc/PollQ.o
                0x00002d04                vStartPolledQueueTasks
                0x00002e48                xArePollingQueuesStillRunning
 .text          0x00002e88      0x114 gcc/integer.o
                0x00002e88                vStartIntegerMathTasks
                0x00002f48                xAreIntegerMathsTaskStillRunning
 .text          0x00002f9c      0x290 gcc/semtest.o
                0x00002f9c                vStartSemaphoreTasks
                0x000031d0                xAreSemaphoreTasksStillRunning
 .text          0x0000322c      0x4c0 gcc/osram96x16.o
                0x0000336c                OSRAMClear
                0x000033dc                OSRAMStringDraw
                0x000034e4                OSRAMImageDraw
                0x0000358a                OSRAMInit
                0x0000364c                OSRAMDisplayOn
                0x000036c0                OSRAMDisplayOff
 .text          0x000036ec       0x20 hw_include/libdriver.a(gpio_pintypei2c_.o)
                0x000036ec                GPIOPinTypeI2C
 .text          0x0000370c        0x4 hw_include/libdriver.a(i2c_mastercontrol_.o)
                0x0000370c                I2CMasterControl
 .text          0x00003710        0x4 hw_include/libdriver.a(i2c_masterdataput_.o)
                0x00003710                I2CMasterDataPut
 .text          0x00003714       0x34 hw_include/libdriver.a(i2c_masterinit_.o)
                0x00003714                I2CMasterInit
 .text          0x00003748       0x18 hw_include/libdriver.a(i2c_masterintstatus_.o)
                0x00003748                I2CMasterIntStatus
 .text          0x00003760        0x8 hw_include/libdriver.a(i2c_masterslaveaddrset_.o)
                0x00003760                I2CMasterSlaveAddrSet
 .text          0x00003768       0x90 hw_include/libdriver.a(sysctl_clockget_.o)
                0x00003768                SysCtlClockGet
 .text          0x000037f8       0xcc hw_include/libdriver.a(sysctl_clockset_.o)
                0x000037f8                SysCtlClockSet
 .text          0x000038c4       0x1c hw_include/libdriver.a(sysctl_peripheralenable_.o)
                0x000038c4                SysCtlPeripheralEnable
 .text          0x000038e0        0x0 hw_include/libdriver.a(sysctl_pulrcgcregs_.o)
 .text          0x000038e0        0x0 hw_include/libdriver.a(sysctl_pulxtals_.o)
 .text          0x000038e0       0x48 hw_include/libdriver.a(gpio_dirmodeset_.o)
                0x000038e0                GPIODirModeSet
 .text          0x00003928      0x11c hw_include/libdriver.a(gpio_padconfigset_.o)
                0x00003928                GPIOPadConfigSet
 .text          0x00003a44        0xc hw_include/libdriver.a(i2c_masterenable_.o)
                0x00003a44                I2CMasterEnable
 .text          0x00003a50       0xb0 /usr/lib/gcc/arm-none-eabi/13.2.1/../../../arm-none-eabi/lib/thumb/nofp/libc.a(libc_a-memset.o)
                0x00003a50                memset
 .text          0x00003b00       0x90 /usr/lib/gcc/arm-none-eabi/13.2.1/../../../arm-none-eabi/lib/thumb/nofp/libc.a(libc_a-memcpy-stub.o)
                0x00003b00                memcpy
 *(.rodata*)
 .rodata        0x00003b90       0x29 gcc/main.o
 *fill*         0x00003bb9        0x3 
 .rodata        0x00003bbc        0x9 gcc/tasks.o
                0x00003bbc                uxTopUsedPriority
 *fill*         0x00003bc5        0x3 
 .rodata        0x00003bc8       0x30 gcc/BlockQ.o
 .rodata        0x00003bf8       0x10 gcc/PollQ.o
 .rodata        0x00003c08        0x8 gcc/integer.o
 .rodata        0x00003c10       0x20 gcc/semtest.o
 .rodata        0x00003c30      0x25e gcc/osram96x16.o
 *fill*         0x00003e8e        0x2 
 .rodata        0x00003e90        0xc hw_include/libdriver.a(sysctl_pulrcgcregs_.o)
                0x00003e90                g_pulRCGCRegs
 .rodata        0x00003e9c       0x30 hw_include/libdriver.a(sysctl_pulxtals_.o)
                0x00003e9c                g_pulXtals
                0x00003ecc                        _etext = .

.glue_7         0x00003ecc        0x0
 .glue_7        0x00003ecc        0x0 linker stubs

.glue_7t        0x00003ecc        0x0
 .glue_7t       0x00003ecc        0x0 linker stubs

.vfp11_veneer   0x00003ecc        0x0
 .vfp11_veneer  0x00003ecc        0x0 linker stubs

.v4_bx          0x00003ecc        0x0
 .v4_bx         0x00003ecc        0x0 linker stubs

.iplt           0x00003ecc        0x0
 .iplt          0x00003ecc        0x0 gcc/startup.o

.rel.dyn        0x00003ecc        0x0
 .rel.iplt      0x00003ecc        0x0 gcc/startup.o

.data           0x20000000        0x4 load address 0x00003ecc
                0x20000000                        _data = .
 *(vtable)
 *(.data)
 .data          0x20000000        0x0 gcc/startup.o
 .data          0x20000000        0x0 gcc/main.o
 .data          0x20000000        0x0 gcc/list.o
 .data          0x20000000        0x0 gcc/queue.o
 .data          0x20000000        0x0 gcc/tasks.o
 .data          0x20000000        0x4 gcc/port.o
 .data          0x20000004        0x0 gcc/heap_1.o
 .data          0x20000004        0x0 gcc/BlockQ.o
 .data          0x20000004        0x0 gcc/PollQ.o
 .data          0x20000004        0x0 gcc/integer.o
 .data          0x20000004        0x0 gcc/semtest.o
 .data          0x20000004        0x0 gcc/osram96x16.o
 .data          0x20000004        0x0 hw_include/libdriver.a(gpio_pintypei2c_.o)
 .data          0x20000004        0x0 hw_include/libdriver.a(i2c_mastercontrol_.o)
 .data          0x20000004        0x0 hw_include/libdriver.a(i2c_masterdataput_.o)
 .data          0x20000004        0x0 hw_include/libdriver.a(i2c_masterinit_.o)
 .data          0x20000004        0x0 hw_include/libdriver.a(i2c_masterintstatus_.o)
 .data          0x20000004        0x0 hw_include/libdriver.a(i2c_masterslaveaddrset_.o)
 .data          0x20000004        0x0 hw_include/libdriver.a(sysctl_clockget_.o)
 .data          0x20000004        0x0 hw_include/libdriver.a(sysctl_clockset_.o)
 .data          0x20000004        0x0 hw_include/libdriver.a(sysctl_peripheralenable_.o)
 .data          0x20000004        0x0 hw_include/libdriver.a(sysctl_pulrcgcregs_.o)
 .data          0x20000004        0x0 hw_include/libdriver.a(sysctl_pulxtals_.o)
 .data          0x20000004        0x0 hw_include/libdriver.a(gpio_dirmodeset_.o)
 .data          0x20000004        0x0 hw_include/libdriver.a(gpio_padconfigset_.o)
 .data          0x20000004        0x0 hw_include/libdriver.a(i2c_masterenable_.o)
 .data          0x20000004        0x0 /usr/lib/gcc/arm-none-eabi/13.2.1/../../../arm-none-eabi/lib/thumb/nofp/libc.a(libc_a-memset.o)
 .data          0x20000004        0x0 /usr/lib/gcc/arm-none-eabi/13.2.1/../../../arm-none-eabi/lib/thumb/nofp/libc.a(libc_a-memcpy-stub.o)
                0x20000004                        _edata = .

.igot.plt       0x20000004        0x0 load address 0x00003ed0
 .igot.plt      0x20000004        0x0 gcc/startup.o

.bss            0x20000004     0x1d84 load address 0x00003ed0
                0x20000004                        _bss = .
 *(.bss)
 .bss           0x20000004      0x100 gcc/startup.o
 .bss           0x20000104        0x4 gcc/main.o
                0x20000104                xPrintQueue
 .bss           0x20000108        0x0 gcc/list.o
 .bss           0x20000108        0x0 gcc/queue.o
 .bss           0x20000108       0xd8 gcc/tasks.o
                0x20000108                pxCurrentTCB
 .bss           0x200001e0        0x0 gcc/port.o
 .bss           0x200001e0     0x1b60 gcc/heap_1.o
 .bss           0x20001d40       0x1e gcc/BlockQ.o
 *fill*         0x20001d5e        0x2 
 .bss           0x20001d60        0xc gcc/PollQ.o
 .bss           0x20001d6c        0x4 gcc/integer.o
 .bss           0x20001d70       0x14 gcc/semtest.o
 .bss           0x20001d84        0x4 gcc/osram96x16.o
 .bss           0x20001d88        0x0 hw_include/libdriver.a(gpio_pintypei2c_.o)
 .bss           0x20001d88        0x0 hw_include/libdriver.a(i2c_mastercontrol_.o)
 .bss           0x20001d88        0x0 hw_include/libdriver.a(i2c_masterdataput_.o)
 .bss           0x20001d88        0x0 hw_include/libdriver.a(i2c_masterinit_.o)
 .bss           0x20001d88        0x0 hw_include/libdriver.a(i2c_masterintstatus_.o)
 .bss           0x20001d88        0x0 hw_include/libdriver.a(i2c_masterslaveaddrset_.o)
 .bss           0x20001d88        0x0 hw_include/libdriver.a(sysctl_clockget_.o)
 .bss           0x20001d88        0x0 hw_include/libdriver.a(sysctl_clockset_.o)
 .bss           0x20001d88        0x0 hw_include/libdriver.a(sysctl_peripheralenable_.o)
 .bss           0x20001d88        0x0 hw_include/libdriver.a(sysctl_pulrcgcregs_.o)
 .bss           0x20001d88        0x0 hw_include/libdriver.a(sysctl_pulxtals_.o)
 .bss           0x20001d88        0x0 hw_include/libdriver.a(gpio_dirmodeset_.o)
 .bss           0x20001d88        0x0 hw_include/libdriver.a(gpio_padconfigset_.o)
 .bss           0x20001d88        0x0 hw_include/libdriver.a(i2c_masterenable_.o)
 .bss           0x20001d88        0x0 /usr/lib/gcc/arm-none-eabi/13.2.1/../../../arm-none-eabi/lib/thumb/nofp/libc.a(libc_a-memset.o)
 .bss           0x20001d88        0x0 /usr/lib/gcc/arm-none-eabi/13.2.1/../../../arm-none-eabi/lib/thumb/nofp/libc.a(libc_a-memcpy-stub.o)
 *(COMMON)
                0x20001d88                        _ebss = .
LOAD gcc/startup.o
LOAD gcc/main.o
LOAD gcc/list.o
LOAD gcc/queue.o
LOAD gcc/tasks.o
LOAD gcc/port.o
LOAD gcc/heap_1.o
LOAD gcc/BlockQ.o
LOAD gcc/PollQ.o
LOAD gcc/integer.o
LOAD gcc/semtest.o
LOAD gcc/osram96x16.o
LOAD hw_include/libdriver.a
LOAD /usr/lib/gcc/arm-none-eabi/13.2.1/../../../arm-none-eabi/lib/thumb/nofp/libc.a
LOAD /usr/lib/gcc/arm-none-eabi/13.2.1/thumb/nofp/libgcc.a
OUTPUT(gcc/RTOSDemo.axf elf32-littlearm)
LOAD linker stubs

.debug_info     0x00000000     0x4262
 .debug_info    0x00000000      0x13b gcc/startup.o
 .debug_info    0x0000013b      0x2b5 gcc/main.o
 .debug_info    0x000003f0      0x29f gcc/list.o
 .debug_info    0x0000068f      0xef7 gcc/queue.o
 .debug_info    0x00001586     0x14e1 gcc/tasks.o
 .debug_info    0x00002a67      0x2d7 gcc/port.o
 .debug_info    0x00002d3e      0x18e gcc/heap_1.o
 .debug_info    0x00002ecc      0x44e gcc/BlockQ.o
 .debug_info    0x0000331a      0x33e gcc/PollQ.o
 .debug_info    0x00003658      0x217 gcc/integer.o
 .debug_info    0x0000386f      0x3d5 gcc/semtest.o
 .debug_info    0x00003c44      0x397 gcc/osram96x16.o
 .debug_info    0x00003fdb      0x135 /usr/lib/gcc/arm-none-eabi/13.2.1/../../../arm-none-eabi/lib/thumb/nofp/libc.a(libc_a-memset.o)
 .debug_info    0x00004110      0x152 /usr/lib/gcc/arm-none-eabi/13.2.1/../../../arm-none-eabi/lib/thumb/nofp/libc.a(libc_a-memcpy-stub.o)

.debug_abbrev   0x00000000     0x1438
 .debug_abbrev  0x00000000       0xee gcc/startup.o
 .debug_abbrev  0x000000ee      0x16f gcc/main.o
 .debug_abbrev  0x0000025d       0xf3 gcc/list.o
 .debug_abbrev  0x00000350      0x2a1 gcc/queue.o
 .debug_abbrev  0x000005f1      0x32d gcc/tasks.o
 .debug_abbrev  0x0000091e      0x20a gcc/port.o
 .debug_abbrev  0x00000b28      0x121 gcc/heap_1.o
 .debug_abbrev  0x00000c49      0x161 gcc/BlockQ.o
 .debug_abbrev  0x00000daa      0x12c gcc/PollQ.o
 .debug_abbrev  0x00000ed6      0x122 gcc/integer.o
 .debug_abbrev  0x00000ff8      0x189 gcc/semtest.o
 .debug_abbrev  0x00001181      0x136 gcc/osram96x16.o
 .debug_abbrev  0x000012b7       0xb7 /usr/lib/gcc/arm-none-eabi/13.2.1/../../../arm-none-eabi/lib/thumb/nofp/libc.a(libc_a-memset.o)
 .debug_abbrev  0x0000136e       0xca /usr/lib/gcc/arm-none-eabi/13.2.1/../../../arm-none-eabi/lib/thumb/nofp/libc.a(libc_a-memcpy-stub.o)

.debug_aranges  0x00000000      0x1c0
 .debug_aranges
                0x00000000       0x20 gcc/startup.o
 .debug_aranges
                0x00000020       0x20 gcc/main.o
 .debug_aranges
                0x00000040       0x20 gcc/list.o
 .debug_aranges
                0x00000060       0x20 gcc/queue.o
 .debug_aranges
                0x00000080       0x20 gcc/tasks.o
 .debug_aranges
                0x000000a0       0x20 gcc/port.o
 .debug_aranges
                0x000000c0       0x20 gcc/heap_1.o
 .debug_aranges
                0x000000e0       0x20 gcc/BlockQ.o
 .debug_aranges
                0x00000100       0x20 gcc/PollQ.o
 .debug_aranges
                0x00000120       0x20 gcc/integer.o
 .debug_aranges
                0x00000140       0x20 gcc/semtest.o
 .debug_aranges
                0x00000160       0x20 gcc/osram96x16.o
 .debug_aranges
                0x00000180       0x20 /usr/lib/gcc/arm-none-eabi/13.2.1/../../../arm-none-eabi/lib/thumb/nofp/libc.a(libc_a-memset.o)
 .debug_aranges
                0x000001a0       0x20 /usr/lib/gcc/arm-none-eabi/13.2.1/../../../arm-none-eabi/lib/thumb/nofp/libc.a(libc_a-memcpy-stub.o)

.debug_line     0x00000000     0x26a2
 .debug_line    0x00000000       0x7b gcc/startup.o
 .debug_line    0x0000007b      0x169 gcc/main.o
 .debug_line    0x000001e4      0x1a8 gcc/list.o
 .debug_line    0x0000038c      0x820 gcc/queue.o
 .debug_line    0x00000bac      0x944 gcc/tasks.o
 .debug_line    0x000014f0      0x21a gcc/port.o
 .debug_line    0x0000170a      0x162 gcc/heap_1.o
 .debug_line    0x0000186c      0x24a gcc/BlockQ.o
 .debug_line    0x00001ab6      0x1c8 gcc/PollQ.o
 .debug_line    0x00001c7e      0x173 gcc/integer.o
 .debug_line    0x00001df1      0x25a gcc/semtest.o
 .debug_line    0x0000204b      0x2b9 gcc/osram96x16.o
 .debug_line    0x00002304      0x1bd /usr/lib/gcc/arm-none-eabi/13.2.1/../../../arm-none-eabi/lib/thumb/nofp/libc.a(libc_a-memset.o)
 .debug_line    0x000024c1      0x1e1 /usr/lib/gcc/arm-none-eabi/13.2.1/../../../arm-none-eabi/lib/thumb/nofp/libc.a(libc_a-memcpy-stub.o)

.debug_str      0x00000000     0x1aa4
 .debug_str     0x00000000     0x1aa4 gcc/startup.o
                                0x166 (size before relaxing)
 .debug_str     0x00001aa4      0x2b8 gcc/main.o
 .debug_str     0x00001aa4      0x297 gcc/list.o
 .debug_str     0x00001aa4      0x7e5 gcc/queue.o
 .debug_str     0x00001aa4      0xc77 gcc/tasks.o
 .debug_str     0x00001aa4      0x321 gcc/port.o
 .debug_str     0x00001aa4      0x21f gcc/heap_1.o
 .debug_str     0x00001aa4      0x455 gcc/BlockQ.o
 .debug_str     0x00001aa4      0x34a gcc/PollQ.o
 .debug_str     0x00001aa4      0x278 gcc/integer.o
 .debug_str     0x00001aa4      0x3ea gcc/semtest.o
 .debug_str     0x00001aa4      0x28d gcc/osram96x16.o
 .debug_str     0x00001aa4      0x1a6 /usr/lib/gcc/arm-none-eabi/13.2.1/../../../arm-none-eabi/lib/thumb/nofp/libc.a(libc_a-memset.o)
 .debug_str     0x00001aa4      0x1c3 /usr/lib/gcc/arm-none-eabi/13.2.1/../../../arm-none-eabi/lib/thumb/nofp/libc.a(libc_a-memcpy-stub.o)

.comment        0x00000000      0x202
 .comment       0x00000000       0x26 gcc/startup.o
                                 0x27 (size before relaxing)
 .comment       0x00000026       0x27 gcc/main.o
 .comment       0x00000026       0x27 gcc/list.o
 .comment       0x00000026       0x27 gcc/queue.o
 .comment       0x00000026       0x27 gcc/tasks.o
 .comment       0x00000026       0x27 gcc/port.o
 .comment       0x00000026       0x27 gcc/heap_1.o
 .comment       0x00000026       0x27 gcc/BlockQ.o
 .comment       0x00000026       0x27 gcc/PollQ.o
 .comment       0x00000026       0x27 gcc/integer.o
 .comment       0x00000026       0x27 gcc/semtest.o
 .comment       0x00000026       0x27 gcc/osram96x16.o
 .comment       0x00000026       0x22 hw_include/libdriver.a(gpio_pintypei2c_.o)
 .comment       0x00000048       0x22 hw_include/libdriver.a(i2c_mastercontrol_.o)
 .comment       0x0000006a       0x22 hw_include/libdriver.a(i2c_masterdataput_.o)
 .comment       0x0000008c       0x22 hw_include/libdriver.a(i2c_masterinit_.o)
 .comment       0x000000ae       0x22 hw_include/libdriver.a(i2c_masterintstatus_.o)
 .comment       0x000000d0       0x22 hw_include/libdriver.a(i2c_masterslaveaddrset_.o)
 .comment       0x000000f2       0x22 hw_include/libdriver.a(sysctl_clockget_.o)
 .comment       0x00000114       0x22 hw_include/libdriver.a(sysctl_clockset_.o)
 .comment       0x00000136       0x22 hw_include/libdriver.a(sysctl_peripheralenable_.o)
 .comment       0x00000158       0x22 hw_include/libdriver.a(sysctl_pulrcgcregs_.o)
 .comment       0x0000017a       0x22 hw_include/libdriver.a(sysctl_pulxtals_.o)
 .comment       0x0000019c       0x22 hw_include/libdriver.a(gpio_dirmodeset_.o)
 .comment       0x000001be       0x22 hw_include/libdriver.a(gpio_padconfigset_.o)
 .comment       0x000001e0       0x22 hw_include/libdriver.a(i2c_masterenable_.o)
 .comment       0x00000202       0x27 /usr/lib/gcc/arm-none-eabi/13.2.1/../../../arm-none-eabi/lib/thumb/nofp/libc.a(libc_a-memset.o)
 .comment       0x00000202       0x27 /usr/lib/gcc/arm-none-eabi/13.2.1/../../../arm-none-eabi/lib/thumb/nofp/libc.a(libc_a-memcpy-stub.o)

.ARM.attributes
                0x00000000       0x2f
 .ARM.attributes
                0x00000000       0x2d gcc/startup.o
 .ARM.attributes
                0x0000002d       0x2d gcc/main.o
 .ARM.attributes
                0x0000005a       0x2d gcc/list.o
 .ARM.attributes
                0x00000087       0x2d gcc/queue.o
 .ARM.attributes
                0x000000b4       0x2d gcc/tasks.o
 .ARM.attributes
                0x000000e1       0x2d gcc/port.o
 .ARM.attributes
                0x0000010e       0x2d gcc/heap_1.o
 .ARM.attributes
                0x0000013b       0x2d gcc/BlockQ.o
 .ARM.attributes
                0x00000168       0x2d gcc/PollQ.o
 .ARM.attributes
                0x00000195       0x2d gcc/integer.o
 .ARM.attributes
                0x000001c2       0x2d gcc/semtest.o
 .ARM.attributes
                0x000001ef       0x2d gcc/osram96x16.o
 .ARM.attributes
                0x0000021c       0x31 hw_include/libdriver.a(gpio_pintypei2c_.o)
 .ARM.attributes
                0x0000024d       0x31 hw_include/libdriver.a(i2c_mastercontrol_.o)
 .ARM.attributes
                0x0000027e       0x31 hw_include/libdriver.a(i2c_masterdataput_.o)
 .ARM.attributes
                0x000002af       0x31 hw_include/libdriver.a(i2c_masterinit_.o)
 .ARM.attributes
                0x000002e0       0x31 hw_include/libdriver.a(i2c_masterintstatus_.o)
 .ARM.attributes
                0x00000311       0x31 hw_include/libdriver.a(i2c_masterslaveaddrset_.o)
 .ARM.attributes
                0x00000342       0x31 hw_include/libdriver.a(sysctl_clockget_.o)
 .ARM.attributes
                0x00000373       0x31 hw_include/libdriver.a(sysctl_clockset_.o)
 .ARM.attributes
                0x000003a4       0x31 hw_include/libdriver.a(sysctl_peripheralenable_.o)
 .ARM.attributes
                0x000003d5       0x2f hw_include/libdriver.a(sysctl_pulrcgcregs_.o)
 .ARM.attributes
                0x00000404       0x2f hw_include/libdriver.a(sysctl_pulxtals_.o)
 .ARM.attributes
                0x00000433       0x31 hw_include/libdriver.a(gpio_dirmodeset_.o)
 .ARM.attributes
                0x00000464       0x31 hw_include/libdriver.a(gpio_padconfigset_.o)
 .ARM.attributes
                0x00000495       0x31 hw_include/libdriver.a(i2c_masterenable_.o)
 .ARM.attributes
                0x000004c6       0x2a /usr/lib/gcc/arm-none-eabi/13.2.1/../../../arm-none-eabi/lib/thumb/nofp/libc.a(libc_a-memset.o)
 .ARM.attributes
                0x000004f0       0x2a /usr/lib/gcc/arm-none-eabi/13.2.1/../../../arm-none-eabi/lib/thumb/nofp/libc.a(libc_a-memcpy-stub.o)

.debug_frame    0x00000000     0x10cc
 .debug_frame   0x00000000       0x7c gcc/startup.o
 .debug_frame   0x0000007c       0xb0 gcc/main.o
 .debug_frame   0x0000012c       0xd8 gcc/list.o
 .debug_frame   0x00000204      0x334 gcc/queue.o
 .debug_frame   0x00000538      0x580 gcc/tasks.o
 .debug_frame   0x00000ab8      0x160 gcc/port.o
 .debug_frame   0x00000c18       0x9c gcc/heap_1.o
 .debug_frame   0x00000cb4       0xa0 gcc/BlockQ.o
 .debug_frame   0x00000d54       0x9c gcc/PollQ.o
 .debug_frame   0x00000df0       0x7c gcc/integer.o
 .debug_frame   0x00000e6c       0x80 gcc/semtest.o
 .debug_frame   0x00000eec      0x180 gcc/osram96x16.o
 .debug_frame   0x0000106c       0x30 /usr/lib/gcc/arm-none-eabi/13.2.1/../../../arm-none-eabi/lib/thumb/nofp/libc.a(libc_a-memset.o)
 .debug_frame   0x0000109c       0x30 /usr/lib/gcc/arm-none-eabi/13.2.1/../../../arm-none-eabi/lib/thumb/nofp/libc.a(libc_a-memcpy-stub.o)

.debug_loclists
                0x00000000      0x48d
 .debug_loclists
                0x00000000      0x1c6 /usr/lib/gcc/arm-none-eabi/13.2.1/../../../arm-none-eabi/lib/thumb/nofp/libc.a(libc_a-memset.o)
 .debug_loclists
                0x000001c6      0x2c7 /usr/lib/gcc/arm-none-eabi/13.2.1/../../../arm-none-eabi/lib/thumb/nofp/libc.a(libc_a-memcpy-stub.o)
