Archive member included to satisfy reference by file (symbol)

hw_include/libdriver.a(gpio_pintypei2c_.o)
                              gcc/osram96x16.o (GPIOPinTypeI2C)
hw_include/libdriver.a(i2c_mastercontrol_.o)
                              gcc/osram96x16.o (I2CMasterControl)
hw_include/libdriver.a(i2c_masterdataput_.o)
                              gcc/osram96x16.o (I2CMasterDataPut)
hw_include/libdriver.a(i2c_masterinit_.o)
                              gcc/osram96x16.o (I2CMasterInit)
hw_include/libdriver.a(i2c_masterintstatus_.o)
                              gcc/osram96x16.o (I2CMasterIntStatus)
hw_include/libdriver.a(i2c_masterslaveaddrset_.o)
                              gcc/osram96x16.o (I2CMasterSlaveAddrSet)
hw_include/libdriver.a(sysctl_clockget_.o)
                              hw_include/libdriver.a(i2c_masterinit_.o) (SysCtlClockGet)
hw_include/libdriver.a(sysctl_clockset_.o)
                              gcc/main.o (SysCtlClockSet)
hw_include/libdriver.a(sysctl_peripheralenable_.o)
                              gcc/osram96x16.o (SysCtlPeripheralEnable)
hw_include/libdriver.a(sysctl_pulrcgcregs_.o)
                              hw_include/libdriver.a(sysctl_peripheralenable_.o) (g_pulRCGCRegs)
hw_include/libdriver.a(sysctl_pulxtals_.o)
                              hw_include/libdriver.a(sysctl_clockget_.o) (g_pulXtals)
hw_include/libdriver.a(gpio_dirmodeset_.o)
                              hw_include/libdriver.a(gpio_pintypei2c_.o) (GPIODirModeSet)
hw_include/libdriver.a(gpio_padconfigset_.o)
                              hw_include/libdriver.a(gpio_pintypei2c_.o) (GPIOPadConfigSet)
hw_include/libdriver.a(i2c_masterenable_.o)
                              hw_include/libdriver.a(i2c_masterinit_.o) (I2CMasterEnable)
/usr/lib/gcc/arm-none-eabi/13.2.1/../../../arm-none-eabi/lib/thumb/nofp/libc.a(libc_a-memset.o)
                              gcc/tasks.o (memset)
/usr/lib/gcc/arm-none-eabi/13.2.1/../../../arm-none-eabi/lib/thumb/nofp/libc.a(libc_a-memcpy-stub.o)
                              gcc/queue.o (memcpy)

There are no discarded input sections

Memory Configuration

Name             Origin             Length             Attributes
FLASH            0x00000000         0x00010000         xr
SRAM             0x20000000         0x00002000         xrw
*default*        0x00000000         0xffffffff

Linker script and memory map


.text           0x00000000     0x46c0
 *(.isr_vector)
 .isr_vector    0x00000000       0xb4 gcc/startup.o
                0x00000000                g_pfnVectors
 *(.text*)
 .text          0x000000b4       0x54 gcc/startup.o
                0x000000b4                ResetISR
 .text          0x00000108      0x3b4 gcc/main.o
                0x00000108                main
                0x0000032e                addValueToSignal
                0x000003b4                intToStr
                0x000004b0                vUART_ISR
 .text          0x000004bc      0x15e gcc/list.o
                0x000004bc                vListInitialise
                0x000004fa                vListInitialiseItem
                0x00000512                vListInsertEnd
                0x00000558                vListInsert
                0x000005c8                uxListRemove
 *fill*         0x0000061a        0x2 
 .text          0x0000061c      0xc9c gcc/queue.o
                0x0000061c                xQueueGenericReset
                0x00000704                xQueueGenericCreate
                0x000007c8                xQueueGenericSend
                0x0000091c                xQueueGenericSendFromISR
                0x000009e6                xQueueGiveFromISR
                0x00000a9e                xQueueReceive
                0x00000be4                xQueueSemaphoreTake
                0x00000d20                xQueuePeek
                0x00000e68                xQueueReceiveFromISR
                0x00000f2a                xQueuePeekFromISR
                0x00000f90                uxQueueMessagesWaiting
                0x00000fb0                uxQueueSpacesAvailable
                0x00000fda                uxQueueMessagesWaitingFromISR
                0x00000ff8                vQueueDelete
                0x00001012                uxQueueGetQueueNumber
                0x00001028                vQueueSetQueueNumber
                0x00001042                ucQueueGetQueueType
                0x0000122e                xQueueIsQueueEmptyFromISR
                0x00001288                xQueueIsQueueFullFromISR
 .text          0x000012b8     0x1c10 gcc/tasks.o
                0x000012b8                xTaskCreate
                0x0000154c                xTaskDelayUntil
                0x000015f0                vTaskDelay
                0x00001638                eTaskGetState
                0x000016a0                vTaskStartScheduler
                0x00001718                vTaskEndScheduler
                0x00001748                vTaskSuspendAll
                0x00001764                xTaskResumeAll
                0x0000193c                xTaskGetTickCount
                0x00001958                xTaskGetTickCountFromISR
                0x00001978                uxTaskGetNumberOfTasks
                0x0000198c                pcTaskGetName
                0x00001a92                xTaskGetHandle
                0x00001b14                uxTaskGetSystemState
                0x00001be4                xTaskCatchUpTicks
                0x00001c18                xTaskIncrementTick
                0x00001e24                vTaskSwitchContext
                0x00001eb0                vTaskPlaceOnEventList
                0x00001edc                vTaskPlaceOnUnorderedEventList
                0x00001f4c                xTaskRemoveFromEventList
                0x000020dc                vTaskRemoveFromUnorderedEventList
                0x0000221c                vTaskSetTimeOutState
                0x0000224c                vTaskInternalSetTimeOutState
                0x00002278                xTaskCheckForTimeOut
                0x000022fc                vTaskMissedYield
                0x00002314                uxTaskGetTaskNumber
                0x0000233e                vTaskSetTaskNumber
                0x000023e8                vTaskGetInfo
                0x0000256e                uxTaskGetStackHighWaterMark
                0x000025d8                xTaskGetCurrentTaskHandle
                0x000025f4                uxTaskResetEventItemValue
                0x00002624                ulTaskGenericNotifyTake
                0x000026d8                xTaskGenericNotifyWait
                0x000027bc                xTaskGenericNotify
                0x00002980                xTaskGenericNotifyFromISR
                0x00002bb8                vTaskGenericNotifyGiveFromISR
                0x00002d6c                xTaskGenericNotifyStateClear
                0x00002dc4                ulTaskGenericNotifyValueClear
 *fill*         0x00002ec8        0x8 
 .text          0x00002ed0      0x250 gcc/port.o
                0x00002ed0                pxPortInitialiseStack
                0x00002f5a                vPortSVCHandler
                0x00002fa6                xPortStartScheduler
                0x00002fe8                vPortEndScheduler
                0x00002ff4                vPortEnterCritical
                0x00003028                vPortExitCritical
                0x0000305c                xPortPendSVHandler
                0x000030a6                xPortSysTickHandler
                0x000030ec                vPortSetupTimerInterrupt
 .text          0x00003120       0xe8 gcc/heap_1.o
                0x00003120                pvPortMalloc
                0x000031c4                vPortFree
                0x000031d6                vPortInitialiseBlocks
                0x000031ec                xPortGetFreeHeapSize
 .text          0x00003208      0x2dc gcc/BlockQ.o
                0x00003208                vStartBlockingQueueTasks
                0x00003452                xAreBlockingQueuesStillRunning
 .text          0x000034e4      0x184 gcc/PollQ.o
                0x000034e4                vStartPolledQueueTasks
                0x00003628                xArePollingQueuesStillRunning
 .text          0x00003668      0x114 gcc/integer.o
                0x00003668                vStartIntegerMathTasks
                0x00003728                xAreIntegerMathsTaskStillRunning
 .text          0x0000377c      0x290 gcc/semtest.o
                0x0000377c                vStartSemaphoreTasks
                0x000039b0                xAreSemaphoreTasksStillRunning
 .text          0x00003a0c      0x4c0 gcc/osram96x16.o
                0x00003b4c                OSRAMClear
                0x00003bbc                OSRAMStringDraw
                0x00003cc4                OSRAMImageDraw
                0x00003d6a                OSRAMInit
                0x00003e2c                OSRAMDisplayOn
                0x00003ea0                OSRAMDisplayOff
 .text          0x00003ecc       0x20 hw_include/libdriver.a(gpio_pintypei2c_.o)
                0x00003ecc                GPIOPinTypeI2C
 .text          0x00003eec        0x4 hw_include/libdriver.a(i2c_mastercontrol_.o)
                0x00003eec                I2CMasterControl
 .text          0x00003ef0        0x4 hw_include/libdriver.a(i2c_masterdataput_.o)
                0x00003ef0                I2CMasterDataPut
 .text          0x00003ef4       0x34 hw_include/libdriver.a(i2c_masterinit_.o)
                0x00003ef4                I2CMasterInit
 .text          0x00003f28       0x18 hw_include/libdriver.a(i2c_masterintstatus_.o)
                0x00003f28                I2CMasterIntStatus
 .text          0x00003f40        0x8 hw_include/libdriver.a(i2c_masterslaveaddrset_.o)
                0x00003f40                I2CMasterSlaveAddrSet
 .text          0x00003f48       0x90 hw_include/libdriver.a(sysctl_clockget_.o)
                0x00003f48                SysCtlClockGet
 .text          0x00003fd8       0xcc hw_include/libdriver.a(sysctl_clockset_.o)
                0x00003fd8                SysCtlClockSet
 .text          0x000040a4       0x1c hw_include/libdriver.a(sysctl_peripheralenable_.o)
                0x000040a4                SysCtlPeripheralEnable
 .text          0x000040c0        0x0 hw_include/libdriver.a(sysctl_pulrcgcregs_.o)
 .text          0x000040c0        0x0 hw_include/libdriver.a(sysctl_pulxtals_.o)
 .text          0x000040c0       0x48 hw_include/libdriver.a(gpio_dirmodeset_.o)
                0x000040c0                GPIODirModeSet
 .text          0x00004108      0x11c hw_include/libdriver.a(gpio_padconfigset_.o)
                0x00004108                GPIOPadConfigSet
 .text          0x00004224        0xc hw_include/libdriver.a(i2c_masterenable_.o)
                0x00004224                I2CMasterEnable
 .text          0x00004230       0xb0 /usr/lib/gcc/arm-none-eabi/13.2.1/../../../arm-none-eabi/lib/thumb/nofp/libc.a(libc_a-memset.o)
                0x00004230                memset
 .text          0x000042e0       0x90 /usr/lib/gcc/arm-none-eabi/13.2.1/../../../arm-none-eabi/lib/thumb/nofp/libc.a(libc_a-memcpy-stub.o)
                0x000042e0                memcpy
 *(.rodata*)
 .rodata        0x00004370       0x3d gcc/main.o
 *fill*         0x000043ad        0x3 
 .rodata        0x000043b0        0x9 gcc/tasks.o
                0x000043b0                uxTopUsedPriority
 *fill*         0x000043b9        0x3 
 .rodata        0x000043bc       0x30 gcc/BlockQ.o
 .rodata        0x000043ec       0x10 gcc/PollQ.o
 .rodata        0x000043fc        0x8 gcc/integer.o
 .rodata        0x00004404       0x20 gcc/semtest.o
 .rodata        0x00004424      0x25e gcc/osram96x16.o
 *fill*         0x00004682        0x2 
 .rodata        0x00004684        0xc hw_include/libdriver.a(sysctl_pulrcgcregs_.o)
                0x00004684                g_pulRCGCRegs
 .rodata        0x00004690       0x30 hw_include/libdriver.a(sysctl_pulxtals_.o)
                0x00004690                g_pulXtals
                0x000046c0                        _etext = .

.glue_7         0x000046c0        0x0
 .glue_7        0x000046c0        0x0 linker stubs

.glue_7t        0x000046c0        0x0
 .glue_7t       0x000046c0        0x0 linker stubs

.vfp11_veneer   0x000046c0        0x0
 .vfp11_veneer  0x000046c0        0x0 linker stubs

.v4_bx          0x000046c0        0x0
 .v4_bx         0x000046c0        0x0 linker stubs

.iplt           0x000046c0        0x0
 .iplt          0x000046c0        0x0 gcc/startup.o

.rel.dyn        0x000046c0        0x0
 .rel.iplt      0x000046c0        0x0 gcc/startup.o

.data           0x20000000        0x4 load address 0x000046c0
                0x20000000                        _data = .
 *(vtable)
 *(.data)
 .data          0x20000000        0x0 gcc/startup.o
 .data          0x20000000        0x0 gcc/main.o
 .data          0x20000000        0x0 gcc/list.o
 .data          0x20000000        0x0 gcc/queue.o
 .data          0x20000000        0x0 gcc/tasks.o
 .data          0x20000000        0x4 gcc/port.o
 .data          0x20000004        0x0 gcc/heap_1.o
 .data          0x20000004        0x0 gcc/BlockQ.o
 .data          0x20000004        0x0 gcc/PollQ.o
 .data          0x20000004        0x0 gcc/integer.o
 .data          0x20000004        0x0 gcc/semtest.o
 .data          0x20000004        0x0 gcc/osram96x16.o
 .data          0x20000004        0x0 hw_include/libdriver.a(gpio_pintypei2c_.o)
 .data          0x20000004        0x0 hw_include/libdriver.a(i2c_mastercontrol_.o)
 .data          0x20000004        0x0 hw_include/libdriver.a(i2c_masterdataput_.o)
 .data          0x20000004        0x0 hw_include/libdriver.a(i2c_masterinit_.o)
 .data          0x20000004        0x0 hw_include/libdriver.a(i2c_masterintstatus_.o)
 .data          0x20000004        0x0 hw_include/libdriver.a(i2c_masterslaveaddrset_.o)
 .data          0x20000004        0x0 hw_include/libdriver.a(sysctl_clockget_.o)
 .data          0x20000004        0x0 hw_include/libdriver.a(sysctl_clockset_.o)
 .data          0x20000004        0x0 hw_include/libdriver.a(sysctl_peripheralenable_.o)
 .data          0x20000004        0x0 hw_include/libdriver.a(sysctl_pulrcgcregs_.o)
 .data          0x20000004        0x0 hw_include/libdriver.a(sysctl_pulxtals_.o)
 .data          0x20000004        0x0 hw_include/libdriver.a(gpio_dirmodeset_.o)
 .data          0x20000004        0x0 hw_include/libdriver.a(gpio_padconfigset_.o)
 .data          0x20000004        0x0 hw_include/libdriver.a(i2c_masterenable_.o)
 .data          0x20000004        0x0 /usr/lib/gcc/arm-none-eabi/13.2.1/../../../arm-none-eabi/lib/thumb/nofp/libc.a(libc_a-memset.o)
 .data          0x20000004        0x0 /usr/lib/gcc/arm-none-eabi/13.2.1/../../../arm-none-eabi/lib/thumb/nofp/libc.a(libc_a-memcpy-stub.o)
                0x20000004                        _edata = .

.igot.plt       0x20000004        0x0 load address 0x000046c4
 .igot.plt      0x20000004        0x0 gcc/startup.o

.bss            0x20000004     0x1f14 load address 0x000046c4
                0x20000004                        _bss = .
 *(.bss)
 .bss           0x20000004      0x100 gcc/startup.o
 .bss           0x20000104      0x194 gcc/main.o
                0x20000104                xSensorQueue
                0x20000108                xDisplayQueue
                0x2000010c                xFilterQueue
 .bss           0x20000298        0x0 gcc/list.o
 .bss           0x20000298        0x0 gcc/queue.o
 .bss           0x20000298       0xd8 gcc/tasks.o
                0x20000298                pxCurrentTCB
 .bss           0x20000370        0x0 gcc/port.o
 .bss           0x20000370     0x1b60 gcc/heap_1.o
 .bss           0x20001ed0       0x1e gcc/BlockQ.o
 *fill*         0x20001eee        0x2 
 .bss           0x20001ef0        0xc gcc/PollQ.o
 .bss           0x20001efc        0x4 gcc/integer.o
 .bss           0x20001f00       0x14 gcc/semtest.o
 .bss           0x20001f14        0x4 gcc/osram96x16.o
 .bss           0x20001f18        0x0 hw_include/libdriver.a(gpio_pintypei2c_.o)
 .bss           0x20001f18        0x0 hw_include/libdriver.a(i2c_mastercontrol_.o)
 .bss           0x20001f18        0x0 hw_include/libdriver.a(i2c_masterdataput_.o)
 .bss           0x20001f18        0x0 hw_include/libdriver.a(i2c_masterinit_.o)
 .bss           0x20001f18        0x0 hw_include/libdriver.a(i2c_masterintstatus_.o)
 .bss           0x20001f18        0x0 hw_include/libdriver.a(i2c_masterslaveaddrset_.o)
 .bss           0x20001f18        0x0 hw_include/libdriver.a(sysctl_clockget_.o)
 .bss           0x20001f18        0x0 hw_include/libdriver.a(sysctl_clockset_.o)
 .bss           0x20001f18        0x0 hw_include/libdriver.a(sysctl_peripheralenable_.o)
 .bss           0x20001f18        0x0 hw_include/libdriver.a(sysctl_pulrcgcregs_.o)
 .bss           0x20001f18        0x0 hw_include/libdriver.a(sysctl_pulxtals_.o)
 .bss           0x20001f18        0x0 hw_include/libdriver.a(gpio_dirmodeset_.o)
 .bss           0x20001f18        0x0 hw_include/libdriver.a(gpio_padconfigset_.o)
 .bss           0x20001f18        0x0 hw_include/libdriver.a(i2c_masterenable_.o)
 .bss           0x20001f18        0x0 /usr/lib/gcc/arm-none-eabi/13.2.1/../../../arm-none-eabi/lib/thumb/nofp/libc.a(libc_a-memset.o)
 .bss           0x20001f18        0x0 /usr/lib/gcc/arm-none-eabi/13.2.1/../../../arm-none-eabi/lib/thumb/nofp/libc.a(libc_a-memcpy-stub.o)
 *(COMMON)
                0x20001f18                        _ebss = .
LOAD gcc/startup.o
LOAD gcc/main.o
LOAD gcc/list.o
LOAD gcc/queue.o
LOAD gcc/tasks.o
LOAD gcc/port.o
LOAD gcc/heap_1.o
LOAD gcc/BlockQ.o
LOAD gcc/PollQ.o
LOAD gcc/integer.o
LOAD gcc/semtest.o
LOAD gcc/osram96x16.o
LOAD hw_include/libdriver.a
LOAD /usr/lib/gcc/arm-none-eabi/13.2.1/../../../arm-none-eabi/lib/thumb/nofp/libc.a
LOAD /usr/lib/gcc/arm-none-eabi/13.2.1/thumb/nofp/libgcc.a
OUTPUT(gcc/RTOSDemo.axf elf32-littlearm)
LOAD linker stubs

.debug_info     0x00000000     0x4ad5
 .debug_info    0x00000000      0x135 gcc/startup.o
 .debug_info    0x00000135      0x565 gcc/main.o
 .debug_info    0x0000069a      0x29f gcc/list.o
 .debug_info    0x00000939      0xf9b gcc/queue.o
 .debug_info    0x000018d4     0x1a06 gcc/tasks.o
 .debug_info    0x000032da      0x2d7 gcc/port.o
 .debug_info    0x000035b1      0x18e gcc/heap_1.o
 .debug_info    0x0000373f      0x44e gcc/BlockQ.o
 .debug_info    0x00003b8d      0x33e gcc/PollQ.o
 .debug_info    0x00003ecb      0x217 gcc/integer.o
 .debug_info    0x000040e2      0x3d5 gcc/semtest.o
 .debug_info    0x000044b7      0x397 gcc/osram96x16.o
 .debug_info    0x0000484e      0x135 /usr/lib/gcc/arm-none-eabi/13.2.1/../../../arm-none-eabi/lib/thumb/nofp/libc.a(libc_a-memset.o)
 .debug_info    0x00004983      0x152 /usr/lib/gcc/arm-none-eabi/13.2.1/../../../arm-none-eabi/lib/thumb/nofp/libc.a(libc_a-memcpy-stub.o)

.debug_abbrev   0x00000000     0x1513
 .debug_abbrev  0x00000000       0xee gcc/startup.o
 .debug_abbrev  0x000000ee      0x1f3 gcc/main.o
 .debug_abbrev  0x000002e1       0xf3 gcc/list.o
 .debug_abbrev  0x000003d4      0x2bc gcc/queue.o
 .debug_abbrev  0x00000690      0x369 gcc/tasks.o
 .debug_abbrev  0x000009f9      0x20a gcc/port.o
 .debug_abbrev  0x00000c03      0x121 gcc/heap_1.o
 .debug_abbrev  0x00000d24      0x161 gcc/BlockQ.o
 .debug_abbrev  0x00000e85      0x12c gcc/PollQ.o
 .debug_abbrev  0x00000fb1      0x122 gcc/integer.o
 .debug_abbrev  0x000010d3      0x189 gcc/semtest.o
 .debug_abbrev  0x0000125c      0x136 gcc/osram96x16.o
 .debug_abbrev  0x00001392       0xb7 /usr/lib/gcc/arm-none-eabi/13.2.1/../../../arm-none-eabi/lib/thumb/nofp/libc.a(libc_a-memset.o)
 .debug_abbrev  0x00001449       0xca /usr/lib/gcc/arm-none-eabi/13.2.1/../../../arm-none-eabi/lib/thumb/nofp/libc.a(libc_a-memcpy-stub.o)

.debug_aranges  0x00000000      0x1c0
 .debug_aranges
                0x00000000       0x20 gcc/startup.o
 .debug_aranges
                0x00000020       0x20 gcc/main.o
 .debug_aranges
                0x00000040       0x20 gcc/list.o
 .debug_aranges
                0x00000060       0x20 gcc/queue.o
 .debug_aranges
                0x00000080       0x20 gcc/tasks.o
 .debug_aranges
                0x000000a0       0x20 gcc/port.o
 .debug_aranges
                0x000000c0       0x20 gcc/heap_1.o
 .debug_aranges
                0x000000e0       0x20 gcc/BlockQ.o
 .debug_aranges
                0x00000100       0x20 gcc/PollQ.o
 .debug_aranges
                0x00000120       0x20 gcc/integer.o
 .debug_aranges
                0x00000140       0x20 gcc/semtest.o
 .debug_aranges
                0x00000160       0x20 gcc/osram96x16.o
 .debug_aranges
                0x00000180       0x20 /usr/lib/gcc/arm-none-eabi/13.2.1/../../../arm-none-eabi/lib/thumb/nofp/libc.a(libc_a-memset.o)
 .debug_aranges
                0x000001a0       0x20 /usr/lib/gcc/arm-none-eabi/13.2.1/../../../arm-none-eabi/lib/thumb/nofp/libc.a(libc_a-memcpy-stub.o)

.debug_line     0x00000000     0x29e9
 .debug_line    0x00000000       0x7b gcc/startup.o
 .debug_line    0x0000007b      0x2d6 gcc/main.o
 .debug_line    0x00000351      0x196 gcc/list.o
 .debug_line    0x000004e7      0x82b gcc/queue.o
 .debug_line    0x00000d12      0xb85 gcc/tasks.o
 .debug_line    0x00001897      0x208 gcc/port.o
 .debug_line    0x00001a9f      0x150 gcc/heap_1.o
 .debug_line    0x00001bef      0x23b gcc/BlockQ.o
 .debug_line    0x00001e2a      0x1b9 gcc/PollQ.o
 .debug_line    0x00001fe3      0x164 gcc/integer.o
 .debug_line    0x00002147      0x24b gcc/semtest.o
 .debug_line    0x00002392      0x2b9 gcc/osram96x16.o
 .debug_line    0x0000264b      0x1bd /usr/lib/gcc/arm-none-eabi/13.2.1/../../../arm-none-eabi/lib/thumb/nofp/libc.a(libc_a-memset.o)
 .debug_line    0x00002808      0x1e1 /usr/lib/gcc/arm-none-eabi/13.2.1/../../../arm-none-eabi/lib/thumb/nofp/libc.a(libc_a-memcpy-stub.o)

.debug_str      0x00000000     0x1d6a
 .debug_str     0x00000000     0x1d6a gcc/startup.o
                                0x164 (size before relaxing)
 .debug_str     0x00001d6a      0x384 gcc/main.o
 .debug_str     0x00001d6a      0x278 gcc/list.o
 .debug_str     0x00001d6a      0x813 gcc/queue.o
 .debug_str     0x00001d6a      0xf1a gcc/tasks.o
 .debug_str     0x00001d6a      0x302 gcc/port.o
 .debug_str     0x00001d6a      0x200 gcc/heap_1.o
 .debug_str     0x00001d6a      0x439 gcc/BlockQ.o
 .debug_str     0x00001d6a      0x32e gcc/PollQ.o
 .debug_str     0x00001d6a      0x25c gcc/integer.o
 .debug_str     0x00001d6a      0x3ce gcc/semtest.o
 .debug_str     0x00001d6a      0x274 gcc/osram96x16.o
 .debug_str     0x00001d6a      0x1a6 /usr/lib/gcc/arm-none-eabi/13.2.1/../../../arm-none-eabi/lib/thumb/nofp/libc.a(libc_a-memset.o)
 .debug_str     0x00001d6a      0x1c3 /usr/lib/gcc/arm-none-eabi/13.2.1/../../../arm-none-eabi/lib/thumb/nofp/libc.a(libc_a-memcpy-stub.o)

.comment        0x00000000      0x202
 .comment       0x00000000       0x26 gcc/startup.o
                                 0x27 (size before relaxing)
 .comment       0x00000026       0x27 gcc/main.o
 .comment       0x00000026       0x27 gcc/list.o
 .comment       0x00000026       0x27 gcc/queue.o
 .comment       0x00000026       0x27 gcc/tasks.o
 .comment       0x00000026       0x27 gcc/port.o
 .comment       0x00000026       0x27 gcc/heap_1.o
 .comment       0x00000026       0x27 gcc/BlockQ.o
 .comment       0x00000026       0x27 gcc/PollQ.o
 .comment       0x00000026       0x27 gcc/integer.o
 .comment       0x00000026       0x27 gcc/semtest.o
 .comment       0x00000026       0x27 gcc/osram96x16.o
 .comment       0x00000026       0x22 hw_include/libdriver.a(gpio_pintypei2c_.o)
 .comment       0x00000048       0x22 hw_include/libdriver.a(i2c_mastercontrol_.o)
 .comment       0x0000006a       0x22 hw_include/libdriver.a(i2c_masterdataput_.o)
 .comment       0x0000008c       0x22 hw_include/libdriver.a(i2c_masterinit_.o)
 .comment       0x000000ae       0x22 hw_include/libdriver.a(i2c_masterintstatus_.o)
 .comment       0x000000d0       0x22 hw_include/libdriver.a(i2c_masterslaveaddrset_.o)
 .comment       0x000000f2       0x22 hw_include/libdriver.a(sysctl_clockget_.o)
 .comment       0x00000114       0x22 hw_include/libdriver.a(sysctl_clockset_.o)
 .comment       0x00000136       0x22 hw_include/libdriver.a(sysctl_peripheralenable_.o)
 .comment       0x00000158       0x22 hw_include/libdriver.a(sysctl_pulrcgcregs_.o)
 .comment       0x0000017a       0x22 hw_include/libdriver.a(sysctl_pulxtals_.o)
 .comment       0x0000019c       0x22 hw_include/libdriver.a(gpio_dirmodeset_.o)
 .comment       0x000001be       0x22 hw_include/libdriver.a(gpio_padconfigset_.o)
 .comment       0x000001e0       0x22 hw_include/libdriver.a(i2c_masterenable_.o)
 .comment       0x00000202       0x27 /usr/lib/gcc/arm-none-eabi/13.2.1/../../../arm-none-eabi/lib/thumb/nofp/libc.a(libc_a-memset.o)
 .comment       0x00000202       0x27 /usr/lib/gcc/arm-none-eabi/13.2.1/../../../arm-none-eabi/lib/thumb/nofp/libc.a(libc_a-memcpy-stub.o)

.ARM.attributes
                0x00000000       0x2f
 .ARM.attributes
                0x00000000       0x2d gcc/startup.o
 .ARM.attributes
                0x0000002d       0x2d gcc/main.o
 .ARM.attributes
                0x0000005a       0x2d gcc/list.o
 .ARM.attributes
                0x00000087       0x2d gcc/queue.o
 .ARM.attributes
                0x000000b4       0x2d gcc/tasks.o
 .ARM.attributes
                0x000000e1       0x2d gcc/port.o
 .ARM.attributes
                0x0000010e       0x2d gcc/heap_1.o
 .ARM.attributes
                0x0000013b       0x2d gcc/BlockQ.o
 .ARM.attributes
                0x00000168       0x2d gcc/PollQ.o
 .ARM.attributes
                0x00000195       0x2d gcc/integer.o
 .ARM.attributes
                0x000001c2       0x2d gcc/semtest.o
 .ARM.attributes
                0x000001ef       0x2d gcc/osram96x16.o
 .ARM.attributes
                0x0000021c       0x31 hw_include/libdriver.a(gpio_pintypei2c_.o)
 .ARM.attributes
                0x0000024d       0x31 hw_include/libdriver.a(i2c_mastercontrol_.o)
 .ARM.attributes
                0x0000027e       0x31 hw_include/libdriver.a(i2c_masterdataput_.o)
 .ARM.attributes
                0x000002af       0x31 hw_include/libdriver.a(i2c_masterinit_.o)
 .ARM.attributes
                0x000002e0       0x31 hw_include/libdriver.a(i2c_masterintstatus_.o)
 .ARM.attributes
                0x00000311       0x31 hw_include/libdriver.a(i2c_masterslaveaddrset_.o)
 .ARM.attributes
                0x00000342       0x31 hw_include/libdriver.a(sysctl_clockget_.o)
 .ARM.attributes
                0x00000373       0x31 hw_include/libdriver.a(sysctl_clockset_.o)
 .ARM.attributes
                0x000003a4       0x31 hw_include/libdriver.a(sysctl_peripheralenable_.o)
 .ARM.attributes
                0x000003d5       0x2f hw_include/libdriver.a(sysctl_pulrcgcregs_.o)
 .ARM.attributes
                0x00000404       0x2f hw_include/libdriver.a(sysctl_pulxtals_.o)
 .ARM.attributes
                0x00000433       0x31 hw_include/libdriver.a(gpio_dirmodeset_.o)
 .ARM.attributes
                0x00000464       0x31 hw_include/libdriver.a(gpio_padconfigset_.o)
 .ARM.attributes
                0x00000495       0x31 hw_include/libdriver.a(i2c_masterenable_.o)
 .ARM.attributes
                0x000004c6       0x2a /usr/lib/gcc/arm-none-eabi/13.2.1/../../../arm-none-eabi/lib/thumb/nofp/libc.a(libc_a-memset.o)
 .ARM.attributes
                0x000004f0       0x2a /usr/lib/gcc/arm-none-eabi/13.2.1/../../../arm-none-eabi/lib/thumb/nofp/libc.a(libc_a-memcpy-stub.o)

.debug_frame    0x00000000     0x134c
 .debug_frame   0x00000000       0x7c gcc/startup.o
 .debug_frame   0x0000007c      0x140 gcc/main.o
 .debug_frame   0x000001bc       0xd8 gcc/list.o
 .debug_frame   0x00000294      0x3ac gcc/queue.o
 .debug_frame   0x00000640      0x6f8 gcc/tasks.o
 .debug_frame   0x00000d38      0x160 gcc/port.o
 .debug_frame   0x00000e98       0x9c gcc/heap_1.o
 .debug_frame   0x00000f34       0xa0 gcc/BlockQ.o
 .debug_frame   0x00000fd4       0x9c gcc/PollQ.o
 .debug_frame   0x00001070       0x7c gcc/integer.o
 .debug_frame   0x000010ec       0x80 gcc/semtest.o
 .debug_frame   0x0000116c      0x180 gcc/osram96x16.o
 .debug_frame   0x000012ec       0x30 /usr/lib/gcc/arm-none-eabi/13.2.1/../../../arm-none-eabi/lib/thumb/nofp/libc.a(libc_a-memset.o)
 .debug_frame   0x0000131c       0x30 /usr/lib/gcc/arm-none-eabi/13.2.1/../../../arm-none-eabi/lib/thumb/nofp/libc.a(libc_a-memcpy-stub.o)

.debug_loclists
                0x00000000      0x48d
 .debug_loclists
                0x00000000      0x1c6 /usr/lib/gcc/arm-none-eabi/13.2.1/../../../arm-none-eabi/lib/thumb/nofp/libc.a(libc_a-memset.o)
 .debug_loclists
                0x000001c6      0x2c7 /usr/lib/gcc/arm-none-eabi/13.2.1/../../../arm-none-eabi/lib/thumb/nofp/libc.a(libc_a-memcpy-stub.o)
