Archive member included to satisfy reference by file (symbol)

hw_include/libdriver.a(gpio_pintypei2c_.o)
                              gcc/osram96x16.o (GPIOPinTypeI2C)
hw_include/libdriver.a(i2c_mastercontrol_.o)
                              gcc/osram96x16.o (I2CMasterControl)
hw_include/libdriver.a(i2c_masterdataput_.o)
                              gcc/osram96x16.o (I2CMasterDataPut)
hw_include/libdriver.a(i2c_masterinit_.o)
                              gcc/osram96x16.o (I2CMasterInit)
hw_include/libdriver.a(i2c_masterintstatus_.o)
                              gcc/osram96x16.o (I2CMasterIntStatus)
hw_include/libdriver.a(i2c_masterslaveaddrset_.o)
                              gcc/osram96x16.o (I2CMasterSlaveAddrSet)
hw_include/libdriver.a(sysctl_clockget_.o)
                              hw_include/libdriver.a(i2c_masterinit_.o) (SysCtlClockGet)
hw_include/libdriver.a(sysctl_clockset_.o)
                              gcc/main.o (SysCtlClockSet)
hw_include/libdriver.a(sysctl_peripheralenable_.o)
                              gcc/osram96x16.o (SysCtlPeripheralEnable)
hw_include/libdriver.a(sysctl_pulrcgcregs_.o)
                              hw_include/libdriver.a(sysctl_peripheralenable_.o) (g_pulRCGCRegs)
hw_include/libdriver.a(sysctl_pulxtals_.o)
                              hw_include/libdriver.a(sysctl_clockget_.o) (g_pulXtals)
hw_include/libdriver.a(gpio_dirmodeset_.o)
                              hw_include/libdriver.a(gpio_pintypei2c_.o) (GPIODirModeSet)
hw_include/libdriver.a(gpio_padconfigset_.o)
                              hw_include/libdriver.a(gpio_pintypei2c_.o) (GPIOPadConfigSet)
hw_include/libdriver.a(i2c_masterenable_.o)
                              hw_include/libdriver.a(i2c_masterinit_.o) (I2CMasterEnable)
/usr/lib/gcc/arm-none-eabi/13.2.1/../../../arm-none-eabi/lib/thumb/nofp/libc.a(libc_a-memset.o)
                              gcc/tasks.o (memset)
/usr/lib/gcc/arm-none-eabi/13.2.1/../../../arm-none-eabi/lib/thumb/nofp/libc.a(libc_a-memcpy-stub.o)
                              gcc/queue.o (memcpy)

There are no discarded input sections

Memory Configuration

Name             Origin             Length             Attributes
FLASH            0x00000000         0x00010000         xr
SRAM             0x20000000         0x00002000         xrw
*default*        0x00000000         0xffffffff

Linker script and memory map


.text           0x00000000     0x4588
 *(.isr_vector)
 .isr_vector    0x00000000       0xb8 gcc/startup.o
                0x00000000                g_pfnVectors
 *(.text*)
 .text          0x000000b8       0x54 gcc/startup.o
                0x000000b8                ResetISR
 .text          0x0000010c      0x26c gcc/main.o
                0x0000010c                main
                0x00000264                vGPIO_ISR
                0x00000270                vUART_ISR
                0x0000027c                intToStr
 .text          0x00000378      0x15e gcc/list.o
                0x00000378                vListInitialise
                0x000003b6                vListInitialiseItem
                0x000003ce                vListInsertEnd
                0x00000414                vListInsert
                0x00000484                uxListRemove
 *fill*         0x000004d6        0x2 
 .text          0x000004d8      0xc9c gcc/queue.o
                0x000004d8                xQueueGenericReset
                0x000005c0                xQueueGenericCreate
                0x00000684                xQueueGenericSend
                0x000007d8                xQueueGenericSendFromISR
                0x000008a2                xQueueGiveFromISR
                0x0000095a                xQueueReceive
                0x00000aa0                xQueueSemaphoreTake
                0x00000bdc                xQueuePeek
                0x00000d24                xQueueReceiveFromISR
                0x00000de6                xQueuePeekFromISR
                0x00000e4c                uxQueueMessagesWaiting
                0x00000e6c                uxQueueSpacesAvailable
                0x00000e96                uxQueueMessagesWaitingFromISR
                0x00000eb4                vQueueDelete
                0x00000ece                uxQueueGetQueueNumber
                0x00000ee4                vQueueSetQueueNumber
                0x00000efe                ucQueueGetQueueType
                0x000010ea                xQueueIsQueueEmptyFromISR
                0x00001144                xQueueIsQueueFullFromISR
 .text          0x00001174     0x1c10 gcc/tasks.o
                0x00001174                xTaskCreate
                0x00001408                xTaskDelayUntil
                0x000014ac                vTaskDelay
                0x000014f4                eTaskGetState
                0x0000155c                vTaskStartScheduler
                0x000015d4                vTaskEndScheduler
                0x00001604                vTaskSuspendAll
                0x00001620                xTaskResumeAll
                0x000017f8                xTaskGetTickCount
                0x00001814                xTaskGetTickCountFromISR
                0x00001834                uxTaskGetNumberOfTasks
                0x00001848                pcTaskGetName
                0x0000194e                xTaskGetHandle
                0x000019d0                uxTaskGetSystemState
                0x00001aa0                xTaskCatchUpTicks
                0x00001ad4                xTaskIncrementTick
                0x00001ce0                vTaskSwitchContext
                0x00001d6c                vTaskPlaceOnEventList
                0x00001d98                vTaskPlaceOnUnorderedEventList
                0x00001e08                xTaskRemoveFromEventList
                0x00001f98                vTaskRemoveFromUnorderedEventList
                0x000020d8                vTaskSetTimeOutState
                0x00002108                vTaskInternalSetTimeOutState
                0x00002134                xTaskCheckForTimeOut
                0x000021b8                vTaskMissedYield
                0x000021d0                uxTaskGetTaskNumber
                0x000021fa                vTaskSetTaskNumber
                0x000022a4                vTaskGetInfo
                0x0000242a                uxTaskGetStackHighWaterMark
                0x00002494                xTaskGetCurrentTaskHandle
                0x000024b0                uxTaskResetEventItemValue
                0x000024e0                ulTaskGenericNotifyTake
                0x00002594                xTaskGenericNotifyWait
                0x00002678                xTaskGenericNotify
                0x0000283c                xTaskGenericNotifyFromISR
                0x00002a74                vTaskGenericNotifyGiveFromISR
                0x00002c28                xTaskGenericNotifyStateClear
                0x00002c80                ulTaskGenericNotifyValueClear
 *fill*         0x00002d84        0xc 
 .text          0x00002d90      0x250 gcc/port.o
                0x00002d90                pxPortInitialiseStack
                0x00002e1a                vPortSVCHandler
                0x00002e66                xPortStartScheduler
                0x00002ea8                vPortEndScheduler
                0x00002eb4                vPortEnterCritical
                0x00002ee8                vPortExitCritical
                0x00002f1c                xPortPendSVHandler
                0x00002f66                xPortSysTickHandler
                0x00002fac                vPortSetupTimerInterrupt
 .text          0x00002fe0       0xe8 gcc/heap_1.o
                0x00002fe0                pvPortMalloc
                0x00003084                vPortFree
                0x00003096                vPortInitialiseBlocks
                0x000030ac                xPortGetFreeHeapSize
 .text          0x000030c8      0x2dc gcc/BlockQ.o
                0x000030c8                vStartBlockingQueueTasks
                0x00003312                xAreBlockingQueuesStillRunning
 .text          0x000033a4      0x184 gcc/PollQ.o
                0x000033a4                vStartPolledQueueTasks
                0x000034e8                xArePollingQueuesStillRunning
 .text          0x00003528      0x114 gcc/integer.o
                0x00003528                vStartIntegerMathTasks
                0x000035e8                xAreIntegerMathsTaskStillRunning
 .text          0x0000363c      0x290 gcc/semtest.o
                0x0000363c                vStartSemaphoreTasks
                0x00003870                xAreSemaphoreTasksStillRunning
 .text          0x000038cc      0x4c0 gcc/osram96x16.o
                0x00003a0c                OSRAMClear
                0x00003a7c                OSRAMStringDraw
                0x00003b84                OSRAMImageDraw
                0x00003c2a                OSRAMInit
                0x00003cec                OSRAMDisplayOn
                0x00003d60                OSRAMDisplayOff
 .text          0x00003d8c       0x20 hw_include/libdriver.a(gpio_pintypei2c_.o)
                0x00003d8c                GPIOPinTypeI2C
 .text          0x00003dac        0x4 hw_include/libdriver.a(i2c_mastercontrol_.o)
                0x00003dac                I2CMasterControl
 .text          0x00003db0        0x4 hw_include/libdriver.a(i2c_masterdataput_.o)
                0x00003db0                I2CMasterDataPut
 .text          0x00003db4       0x34 hw_include/libdriver.a(i2c_masterinit_.o)
                0x00003db4                I2CMasterInit
 .text          0x00003de8       0x18 hw_include/libdriver.a(i2c_masterintstatus_.o)
                0x00003de8                I2CMasterIntStatus
 .text          0x00003e00        0x8 hw_include/libdriver.a(i2c_masterslaveaddrset_.o)
                0x00003e00                I2CMasterSlaveAddrSet
 .text          0x00003e08       0x90 hw_include/libdriver.a(sysctl_clockget_.o)
                0x00003e08                SysCtlClockGet
 .text          0x00003e98       0xcc hw_include/libdriver.a(sysctl_clockset_.o)
                0x00003e98                SysCtlClockSet
 .text          0x00003f64       0x1c hw_include/libdriver.a(sysctl_peripheralenable_.o)
                0x00003f64                SysCtlPeripheralEnable
 .text          0x00003f80        0x0 hw_include/libdriver.a(sysctl_pulrcgcregs_.o)
 .text          0x00003f80        0x0 hw_include/libdriver.a(sysctl_pulxtals_.o)
 .text          0x00003f80       0x48 hw_include/libdriver.a(gpio_dirmodeset_.o)
                0x00003f80                GPIODirModeSet
 .text          0x00003fc8      0x11c hw_include/libdriver.a(gpio_padconfigset_.o)
                0x00003fc8                GPIOPadConfigSet
 .text          0x000040e4        0xc hw_include/libdriver.a(i2c_masterenable_.o)
                0x000040e4                I2CMasterEnable
 .text          0x000040f0       0xb0 /usr/lib/gcc/arm-none-eabi/13.2.1/../../../arm-none-eabi/lib/thumb/nofp/libc.a(libc_a-memset.o)
                0x000040f0                memset
 .text          0x000041a0       0x90 /usr/lib/gcc/arm-none-eabi/13.2.1/../../../arm-none-eabi/lib/thumb/nofp/libc.a(libc_a-memcpy-stub.o)
                0x000041a0                memcpy
 *(.rodata*)
 .rodata        0x00004230       0x45 gcc/main.o
 *fill*         0x00004275        0x3 
 .rodata        0x00004278        0x9 gcc/tasks.o
                0x00004278                uxTopUsedPriority
 *fill*         0x00004281        0x3 
 .rodata        0x00004284       0x30 gcc/BlockQ.o
 .rodata        0x000042b4       0x10 gcc/PollQ.o
 .rodata        0x000042c4        0x8 gcc/integer.o
 .rodata        0x000042cc       0x20 gcc/semtest.o
 .rodata        0x000042ec      0x25e gcc/osram96x16.o
 *fill*         0x0000454a        0x2 
 .rodata        0x0000454c        0xc hw_include/libdriver.a(sysctl_pulrcgcregs_.o)
                0x0000454c                g_pulRCGCRegs
 .rodata        0x00004558       0x30 hw_include/libdriver.a(sysctl_pulxtals_.o)
                0x00004558                g_pulXtals
                0x00004588                        _etext = .

.glue_7         0x00004588        0x0
 .glue_7        0x00004588        0x0 linker stubs

.glue_7t        0x00004588        0x0
 .glue_7t       0x00004588        0x0 linker stubs

.vfp11_veneer   0x00004588        0x0
 .vfp11_veneer  0x00004588        0x0 linker stubs

.v4_bx          0x00004588        0x0
 .v4_bx         0x00004588        0x0 linker stubs

.iplt           0x00004588        0x0
 .iplt          0x00004588        0x0 gcc/startup.o

.rel.dyn        0x00004588        0x0
 .rel.iplt      0x00004588        0x0 gcc/startup.o

.data           0x20000000        0x4 load address 0x00004588
                0x20000000                        _data = .
 *(vtable)
 *(.data)
 .data          0x20000000        0x0 gcc/startup.o
 .data          0x20000000        0x0 gcc/main.o
 .data          0x20000000        0x0 gcc/list.o
 .data          0x20000000        0x0 gcc/queue.o
 .data          0x20000000        0x0 gcc/tasks.o
 .data          0x20000000        0x4 gcc/port.o
 .data          0x20000004        0x0 gcc/heap_1.o
 .data          0x20000004        0x0 gcc/BlockQ.o
 .data          0x20000004        0x0 gcc/PollQ.o
 .data          0x20000004        0x0 gcc/integer.o
 .data          0x20000004        0x0 gcc/semtest.o
 .data          0x20000004        0x0 gcc/osram96x16.o
 .data          0x20000004        0x0 hw_include/libdriver.a(gpio_pintypei2c_.o)
 .data          0x20000004        0x0 hw_include/libdriver.a(i2c_mastercontrol_.o)
 .data          0x20000004        0x0 hw_include/libdriver.a(i2c_masterdataput_.o)
 .data          0x20000004        0x0 hw_include/libdriver.a(i2c_masterinit_.o)
 .data          0x20000004        0x0 hw_include/libdriver.a(i2c_masterintstatus_.o)
 .data          0x20000004        0x0 hw_include/libdriver.a(i2c_masterslaveaddrset_.o)
 .data          0x20000004        0x0 hw_include/libdriver.a(sysctl_clockget_.o)
 .data          0x20000004        0x0 hw_include/libdriver.a(sysctl_clockset_.o)
 .data          0x20000004        0x0 hw_include/libdriver.a(sysctl_peripheralenable_.o)
 .data          0x20000004        0x0 hw_include/libdriver.a(sysctl_pulrcgcregs_.o)
 .data          0x20000004        0x0 hw_include/libdriver.a(sysctl_pulxtals_.o)
 .data          0x20000004        0x0 hw_include/libdriver.a(gpio_dirmodeset_.o)
 .data          0x20000004        0x0 hw_include/libdriver.a(gpio_padconfigset_.o)
 .data          0x20000004        0x0 hw_include/libdriver.a(i2c_masterenable_.o)
 .data          0x20000004        0x0 /usr/lib/gcc/arm-none-eabi/13.2.1/../../../arm-none-eabi/lib/thumb/nofp/libc.a(libc_a-memset.o)
 .data          0x20000004        0x0 /usr/lib/gcc/arm-none-eabi/13.2.1/../../../arm-none-eabi/lib/thumb/nofp/libc.a(libc_a-memcpy-stub.o)
                0x20000004                        _edata = .

.igot.plt       0x20000004        0x0 load address 0x0000458c
 .igot.plt      0x20000004        0x0 gcc/startup.o

.bss            0x20000004     0x1d84 load address 0x0000458c
                0x20000004                        _bss = .
 *(.bss)
 .bss           0x20000004      0x100 gcc/startup.o
 .bss           0x20000104        0x4 gcc/main.o
                0x20000104                xPrintQueue
 .bss           0x20000108        0x0 gcc/list.o
 .bss           0x20000108        0x0 gcc/queue.o
 .bss           0x20000108       0xd8 gcc/tasks.o
                0x20000108                pxCurrentTCB
 .bss           0x200001e0        0x0 gcc/port.o
 .bss           0x200001e0     0x1b60 gcc/heap_1.o
 .bss           0x20001d40       0x1e gcc/BlockQ.o
 *fill*         0x20001d5e        0x2 
 .bss           0x20001d60        0xc gcc/PollQ.o
 .bss           0x20001d6c        0x4 gcc/integer.o
 .bss           0x20001d70       0x14 gcc/semtest.o
 .bss           0x20001d84        0x4 gcc/osram96x16.o
 .bss           0x20001d88        0x0 hw_include/libdriver.a(gpio_pintypei2c_.o)
 .bss           0x20001d88        0x0 hw_include/libdriver.a(i2c_mastercontrol_.o)
 .bss           0x20001d88        0x0 hw_include/libdriver.a(i2c_masterdataput_.o)
 .bss           0x20001d88        0x0 hw_include/libdriver.a(i2c_masterinit_.o)
 .bss           0x20001d88        0x0 hw_include/libdriver.a(i2c_masterintstatus_.o)
 .bss           0x20001d88        0x0 hw_include/libdriver.a(i2c_masterslaveaddrset_.o)
 .bss           0x20001d88        0x0 hw_include/libdriver.a(sysctl_clockget_.o)
 .bss           0x20001d88        0x0 hw_include/libdriver.a(sysctl_clockset_.o)
 .bss           0x20001d88        0x0 hw_include/libdriver.a(sysctl_peripheralenable_.o)
 .bss           0x20001d88        0x0 hw_include/libdriver.a(sysctl_pulrcgcregs_.o)
 .bss           0x20001d88        0x0 hw_include/libdriver.a(sysctl_pulxtals_.o)
 .bss           0x20001d88        0x0 hw_include/libdriver.a(gpio_dirmodeset_.o)
 .bss           0x20001d88        0x0 hw_include/libdriver.a(gpio_padconfigset_.o)
 .bss           0x20001d88        0x0 hw_include/libdriver.a(i2c_masterenable_.o)
 .bss           0x20001d88        0x0 /usr/lib/gcc/arm-none-eabi/13.2.1/../../../arm-none-eabi/lib/thumb/nofp/libc.a(libc_a-memset.o)
 .bss           0x20001d88        0x0 /usr/lib/gcc/arm-none-eabi/13.2.1/../../../arm-none-eabi/lib/thumb/nofp/libc.a(libc_a-memcpy-stub.o)
 *(COMMON)
                0x20001d88                        _ebss = .
LOAD gcc/startup.o
LOAD gcc/main.o
LOAD gcc/list.o
LOAD gcc/queue.o
LOAD gcc/tasks.o
LOAD gcc/port.o
LOAD gcc/heap_1.o
LOAD gcc/BlockQ.o
LOAD gcc/PollQ.o
LOAD gcc/integer.o
LOAD gcc/semtest.o
LOAD gcc/osram96x16.o
LOAD hw_include/libdriver.a
LOAD /usr/lib/gcc/arm-none-eabi/13.2.1/../../../arm-none-eabi/lib/thumb/nofp/libc.a
LOAD /usr/lib/gcc/arm-none-eabi/13.2.1/thumb/nofp/libgcc.a
OUTPUT(gcc/RTOSDemo.axf elf32-littlearm)
LOAD linker stubs

.debug_info     0x00000000     0x4991
 .debug_info    0x00000000      0x13b gcc/startup.o
 .debug_info    0x0000013b      0x41b gcc/main.o
 .debug_info    0x00000556      0x29f gcc/list.o
 .debug_info    0x000007f5      0xf9b gcc/queue.o
 .debug_info    0x00001790     0x1a06 gcc/tasks.o
 .debug_info    0x00003196      0x2d7 gcc/port.o
 .debug_info    0x0000346d      0x18e gcc/heap_1.o
 .debug_info    0x000035fb      0x44e gcc/BlockQ.o
 .debug_info    0x00003a49      0x33e gcc/PollQ.o
 .debug_info    0x00003d87      0x217 gcc/integer.o
 .debug_info    0x00003f9e      0x3d5 gcc/semtest.o
 .debug_info    0x00004373      0x397 gcc/osram96x16.o
 .debug_info    0x0000470a      0x135 /usr/lib/gcc/arm-none-eabi/13.2.1/../../../arm-none-eabi/lib/thumb/nofp/libc.a(libc_a-memset.o)
 .debug_info    0x0000483f      0x152 /usr/lib/gcc/arm-none-eabi/13.2.1/../../../arm-none-eabi/lib/thumb/nofp/libc.a(libc_a-memcpy-stub.o)

.debug_abbrev   0x00000000     0x1511
 .debug_abbrev  0x00000000       0xee gcc/startup.o
 .debug_abbrev  0x000000ee      0x1f1 gcc/main.o
 .debug_abbrev  0x000002df       0xf3 gcc/list.o
 .debug_abbrev  0x000003d2      0x2bc gcc/queue.o
 .debug_abbrev  0x0000068e      0x369 gcc/tasks.o
 .debug_abbrev  0x000009f7      0x20a gcc/port.o
 .debug_abbrev  0x00000c01      0x121 gcc/heap_1.o
 .debug_abbrev  0x00000d22      0x161 gcc/BlockQ.o
 .debug_abbrev  0x00000e83      0x12c gcc/PollQ.o
 .debug_abbrev  0x00000faf      0x122 gcc/integer.o
 .debug_abbrev  0x000010d1      0x189 gcc/semtest.o
 .debug_abbrev  0x0000125a      0x136 gcc/osram96x16.o
 .debug_abbrev  0x00001390       0xb7 /usr/lib/gcc/arm-none-eabi/13.2.1/../../../arm-none-eabi/lib/thumb/nofp/libc.a(libc_a-memset.o)
 .debug_abbrev  0x00001447       0xca /usr/lib/gcc/arm-none-eabi/13.2.1/../../../arm-none-eabi/lib/thumb/nofp/libc.a(libc_a-memcpy-stub.o)

.debug_aranges  0x00000000      0x1c0
 .debug_aranges
                0x00000000       0x20 gcc/startup.o
 .debug_aranges
                0x00000020       0x20 gcc/main.o
 .debug_aranges
                0x00000040       0x20 gcc/list.o
 .debug_aranges
                0x00000060       0x20 gcc/queue.o
 .debug_aranges
                0x00000080       0x20 gcc/tasks.o
 .debug_aranges
                0x000000a0       0x20 gcc/port.o
 .debug_aranges
                0x000000c0       0x20 gcc/heap_1.o
 .debug_aranges
                0x000000e0       0x20 gcc/BlockQ.o
 .debug_aranges
                0x00000100       0x20 gcc/PollQ.o
 .debug_aranges
                0x00000120       0x20 gcc/integer.o
 .debug_aranges
                0x00000140       0x20 gcc/semtest.o
 .debug_aranges
                0x00000160       0x20 gcc/osram96x16.o
 .debug_aranges
                0x00000180       0x20 /usr/lib/gcc/arm-none-eabi/13.2.1/../../../arm-none-eabi/lib/thumb/nofp/libc.a(libc_a-memset.o)
 .debug_aranges
                0x000001a0       0x20 /usr/lib/gcc/arm-none-eabi/13.2.1/../../../arm-none-eabi/lib/thumb/nofp/libc.a(libc_a-memcpy-stub.o)

.debug_line     0x00000000     0x2926
 .debug_line    0x00000000       0x7b gcc/startup.o
 .debug_line    0x0000007b      0x213 gcc/main.o
 .debug_line    0x0000028e      0x196 gcc/list.o
 .debug_line    0x00000424      0x82b gcc/queue.o
 .debug_line    0x00000c4f      0xb85 gcc/tasks.o
 .debug_line    0x000017d4      0x208 gcc/port.o
 .debug_line    0x000019dc      0x150 gcc/heap_1.o
 .debug_line    0x00001b2c      0x23b gcc/BlockQ.o
 .debug_line    0x00001d67      0x1b9 gcc/PollQ.o
 .debug_line    0x00001f20      0x164 gcc/integer.o
 .debug_line    0x00002084      0x24b gcc/semtest.o
 .debug_line    0x000022cf      0x2b9 gcc/osram96x16.o
 .debug_line    0x00002588      0x1bd /usr/lib/gcc/arm-none-eabi/13.2.1/../../../arm-none-eabi/lib/thumb/nofp/libc.a(libc_a-memset.o)
 .debug_line    0x00002745      0x1e1 /usr/lib/gcc/arm-none-eabi/13.2.1/../../../arm-none-eabi/lib/thumb/nofp/libc.a(libc_a-memcpy-stub.o)

.debug_str      0x00000000     0x1d94
 .debug_str     0x00000000     0x1d94 gcc/startup.o
                                0x166 (size before relaxing)
 .debug_str     0x00001d94      0x324 gcc/main.o
 .debug_str     0x00001d94      0x278 gcc/list.o
 .debug_str     0x00001d94      0x813 gcc/queue.o
 .debug_str     0x00001d94      0xf1a gcc/tasks.o
 .debug_str     0x00001d94      0x302 gcc/port.o
 .debug_str     0x00001d94      0x200 gcc/heap_1.o
 .debug_str     0x00001d94      0x439 gcc/BlockQ.o
 .debug_str     0x00001d94      0x32e gcc/PollQ.o
 .debug_str     0x00001d94      0x25c gcc/integer.o
 .debug_str     0x00001d94      0x3ce gcc/semtest.o
 .debug_str     0x00001d94      0x28d gcc/osram96x16.o
 .debug_str     0x00001d94      0x1a6 /usr/lib/gcc/arm-none-eabi/13.2.1/../../../arm-none-eabi/lib/thumb/nofp/libc.a(libc_a-memset.o)
 .debug_str     0x00001d94      0x1c3 /usr/lib/gcc/arm-none-eabi/13.2.1/../../../arm-none-eabi/lib/thumb/nofp/libc.a(libc_a-memcpy-stub.o)

.comment        0x00000000      0x202
 .comment       0x00000000       0x26 gcc/startup.o
                                 0x27 (size before relaxing)
 .comment       0x00000026       0x27 gcc/main.o
 .comment       0x00000026       0x27 gcc/list.o
 .comment       0x00000026       0x27 gcc/queue.o
 .comment       0x00000026       0x27 gcc/tasks.o
 .comment       0x00000026       0x27 gcc/port.o
 .comment       0x00000026       0x27 gcc/heap_1.o
 .comment       0x00000026       0x27 gcc/BlockQ.o
 .comment       0x00000026       0x27 gcc/PollQ.o
 .comment       0x00000026       0x27 gcc/integer.o
 .comment       0x00000026       0x27 gcc/semtest.o
 .comment       0x00000026       0x27 gcc/osram96x16.o
 .comment       0x00000026       0x22 hw_include/libdriver.a(gpio_pintypei2c_.o)
 .comment       0x00000048       0x22 hw_include/libdriver.a(i2c_mastercontrol_.o)
 .comment       0x0000006a       0x22 hw_include/libdriver.a(i2c_masterdataput_.o)
 .comment       0x0000008c       0x22 hw_include/libdriver.a(i2c_masterinit_.o)
 .comment       0x000000ae       0x22 hw_include/libdriver.a(i2c_masterintstatus_.o)
 .comment       0x000000d0       0x22 hw_include/libdriver.a(i2c_masterslaveaddrset_.o)
 .comment       0x000000f2       0x22 hw_include/libdriver.a(sysctl_clockget_.o)
 .comment       0x00000114       0x22 hw_include/libdriver.a(sysctl_clockset_.o)
 .comment       0x00000136       0x22 hw_include/libdriver.a(sysctl_peripheralenable_.o)
 .comment       0x00000158       0x22 hw_include/libdriver.a(sysctl_pulrcgcregs_.o)
 .comment       0x0000017a       0x22 hw_include/libdriver.a(sysctl_pulxtals_.o)
 .comment       0x0000019c       0x22 hw_include/libdriver.a(gpio_dirmodeset_.o)
 .comment       0x000001be       0x22 hw_include/libdriver.a(gpio_padconfigset_.o)
 .comment       0x000001e0       0x22 hw_include/libdriver.a(i2c_masterenable_.o)
 .comment       0x00000202       0x27 /usr/lib/gcc/arm-none-eabi/13.2.1/../../../arm-none-eabi/lib/thumb/nofp/libc.a(libc_a-memset.o)
 .comment       0x00000202       0x27 /usr/lib/gcc/arm-none-eabi/13.2.1/../../../arm-none-eabi/lib/thumb/nofp/libc.a(libc_a-memcpy-stub.o)

.ARM.attributes
                0x00000000       0x2f
 .ARM.attributes
                0x00000000       0x2d gcc/startup.o
 .ARM.attributes
                0x0000002d       0x2d gcc/main.o
 .ARM.attributes
                0x0000005a       0x2d gcc/list.o
 .ARM.attributes
                0x00000087       0x2d gcc/queue.o
 .ARM.attributes
                0x000000b4       0x2d gcc/tasks.o
 .ARM.attributes
                0x000000e1       0x2d gcc/port.o
 .ARM.attributes
                0x0000010e       0x2d gcc/heap_1.o
 .ARM.attributes
                0x0000013b       0x2d gcc/BlockQ.o
 .ARM.attributes
                0x00000168       0x2d gcc/PollQ.o
 .ARM.attributes
                0x00000195       0x2d gcc/integer.o
 .ARM.attributes
                0x000001c2       0x2d gcc/semtest.o
 .ARM.attributes
                0x000001ef       0x2d gcc/osram96x16.o
 .ARM.attributes
                0x0000021c       0x31 hw_include/libdriver.a(gpio_pintypei2c_.o)
 .ARM.attributes
                0x0000024d       0x31 hw_include/libdriver.a(i2c_mastercontrol_.o)
 .ARM.attributes
                0x0000027e       0x31 hw_include/libdriver.a(i2c_masterdataput_.o)
 .ARM.attributes
                0x000002af       0x31 hw_include/libdriver.a(i2c_masterinit_.o)
 .ARM.attributes
                0x000002e0       0x31 hw_include/libdriver.a(i2c_masterintstatus_.o)
 .ARM.attributes
                0x00000311       0x31 hw_include/libdriver.a(i2c_masterslaveaddrset_.o)
 .ARM.attributes
                0x00000342       0x31 hw_include/libdriver.a(sysctl_clockget_.o)
 .ARM.attributes
                0x00000373       0x31 hw_include/libdriver.a(sysctl_clockset_.o)
 .ARM.attributes
                0x000003a4       0x31 hw_include/libdriver.a(sysctl_peripheralenable_.o)
 .ARM.attributes
                0x000003d5       0x2f hw_include/libdriver.a(sysctl_pulrcgcregs_.o)
 .ARM.attributes
                0x00000404       0x2f hw_include/libdriver.a(sysctl_pulxtals_.o)
 .ARM.attributes
                0x00000433       0x31 hw_include/libdriver.a(gpio_dirmodeset_.o)
 .ARM.attributes
                0x00000464       0x31 hw_include/libdriver.a(gpio_padconfigset_.o)
 .ARM.attributes
                0x00000495       0x31 hw_include/libdriver.a(i2c_masterenable_.o)
 .ARM.attributes
                0x000004c6       0x2a /usr/lib/gcc/arm-none-eabi/13.2.1/../../../arm-none-eabi/lib/thumb/nofp/libc.a(libc_a-memset.o)
 .ARM.attributes
                0x000004f0       0x2a /usr/lib/gcc/arm-none-eabi/13.2.1/../../../arm-none-eabi/lib/thumb/nofp/libc.a(libc_a-memcpy-stub.o)

.debug_frame    0x00000000     0x1304
 .debug_frame   0x00000000       0x7c gcc/startup.o
 .debug_frame   0x0000007c       0xf8 gcc/main.o
 .debug_frame   0x00000174       0xd8 gcc/list.o
 .debug_frame   0x0000024c      0x3ac gcc/queue.o
 .debug_frame   0x000005f8      0x6f8 gcc/tasks.o
 .debug_frame   0x00000cf0      0x160 gcc/port.o
 .debug_frame   0x00000e50       0x9c gcc/heap_1.o
 .debug_frame   0x00000eec       0xa0 gcc/BlockQ.o
 .debug_frame   0x00000f8c       0x9c gcc/PollQ.o
 .debug_frame   0x00001028       0x7c gcc/integer.o
 .debug_frame   0x000010a4       0x80 gcc/semtest.o
 .debug_frame   0x00001124      0x180 gcc/osram96x16.o
 .debug_frame   0x000012a4       0x30 /usr/lib/gcc/arm-none-eabi/13.2.1/../../../arm-none-eabi/lib/thumb/nofp/libc.a(libc_a-memset.o)
 .debug_frame   0x000012d4       0x30 /usr/lib/gcc/arm-none-eabi/13.2.1/../../../arm-none-eabi/lib/thumb/nofp/libc.a(libc_a-memcpy-stub.o)

.debug_loclists
                0x00000000      0x48d
 .debug_loclists
                0x00000000      0x1c6 /usr/lib/gcc/arm-none-eabi/13.2.1/../../../arm-none-eabi/lib/thumb/nofp/libc.a(libc_a-memset.o)
 .debug_loclists
                0x000001c6      0x2c7 /usr/lib/gcc/arm-none-eabi/13.2.1/../../../arm-none-eabi/lib/thumb/nofp/libc.a(libc_a-memcpy-stub.o)
