Archive member included to satisfy reference by file (symbol)

hw_include/libdriver.a(gpio_pintypei2c_.o)
                              gcc/osram96x16.o (GPIOPinTypeI2C)
hw_include/libdriver.a(i2c_mastercontrol_.o)
                              gcc/osram96x16.o (I2CMasterControl)
hw_include/libdriver.a(i2c_masterdataput_.o)
                              gcc/osram96x16.o (I2CMasterDataPut)
hw_include/libdriver.a(i2c_masterinit_.o)
                              gcc/osram96x16.o (I2CMasterInit)
hw_include/libdriver.a(i2c_masterintstatus_.o)
                              gcc/osram96x16.o (I2CMasterIntStatus)
hw_include/libdriver.a(i2c_masterslaveaddrset_.o)
                              gcc/osram96x16.o (I2CMasterSlaveAddrSet)
hw_include/libdriver.a(interrupt_enable_.o)
                              gcc/main.o (IntEnable)
hw_include/libdriver.a(interrupt_masterenable_.o)
                              gcc/main.o (IntMasterEnable)
hw_include/libdriver.a(interrupt_priorityset_.o)
                              gcc/main.o (IntPrioritySet)
hw_include/libdriver.a(interrupt_pulregs_.o)
                              hw_include/libdriver.a(interrupt_priorityset_.o) (g_pulRegs)
hw_include/libdriver.a(sysctl_clockget_.o)
                              hw_include/libdriver.a(i2c_masterinit_.o) (SysCtlClockGet)
hw_include/libdriver.a(sysctl_clockset_.o)
                              gcc/main.o (SysCtlClockSet)
hw_include/libdriver.a(sysctl_peripheralenable_.o)
                              gcc/main.o (SysCtlPeripheralEnable)
hw_include/libdriver.a(sysctl_pulrcgcregs_.o)
                              hw_include/libdriver.a(sysctl_peripheralenable_.o) (g_pulRCGCRegs)
hw_include/libdriver.a(sysctl_pulxtals_.o)
                              hw_include/libdriver.a(sysctl_clockget_.o) (g_pulXtals)
hw_include/libdriver.a(timer_configure_.o)
                              gcc/main.o (TimerConfigure)
hw_include/libdriver.a(timer_enable_.o)
                              gcc/main.o (TimerEnable)
hw_include/libdriver.a(timer_intclear_.o)
                              gcc/main.o (TimerIntClear)
hw_include/libdriver.a(timer_intenable_.o)
                              gcc/main.o (TimerIntEnable)
hw_include/libdriver.a(timer_intregister_.o)
                              gcc/main.o (TimerIntRegister)
hw_include/libdriver.a(timer_loadset_.o)
                              gcc/main.o (TimerLoadSet)
hw_include/libdriver.a(uart_charget_.o)
                              gcc/main.o (UARTCharGet)
hw_include/libdriver.a(uart_charput_.o)
                              gcc/main.o (UARTCharPut)
hw_include/libdriver.a(uart_charsavail_.o)
                              gcc/main.o (UARTCharsAvail)
hw_include/libdriver.a(uart_configset_.o)
                              gcc/main.o (UARTConfigSet)
hw_include/libdriver.a(uart_disable_.o)
                              hw_include/libdriver.a(uart_configset_.o) (UARTDisable)
hw_include/libdriver.a(uart_enable_.o)
                              hw_include/libdriver.a(uart_configset_.o) (UARTEnable)
hw_include/libdriver.a(uart_intclear_.o)
                              gcc/main.o (UARTIntClear)
hw_include/libdriver.a(uart_intenable_.o)
                              gcc/main.o (UARTIntEnable)
hw_include/libdriver.a(uart_intregister_.o)
                              gcc/main.o (UARTIntRegister)
hw_include/libdriver.a(uart_intstatus_.o)
                              gcc/main.o (UARTIntStatus)
hw_include/libdriver.a(cpu_cpsie_.o)
                              hw_include/libdriver.a(interrupt_masterenable_.o) (CPUcpsie)
hw_include/libdriver.a(gpio_dirmodeset_.o)
                              hw_include/libdriver.a(gpio_pintypei2c_.o) (GPIODirModeSet)
hw_include/libdriver.a(gpio_padconfigset_.o)
                              hw_include/libdriver.a(gpio_pintypei2c_.o) (GPIOPadConfigSet)
hw_include/libdriver.a(i2c_masterenable_.o)
                              hw_include/libdriver.a(i2c_masterinit_.o) (I2CMasterEnable)
hw_include/libdriver.a(interrupt_register_.o)
                              hw_include/libdriver.a(timer_intregister_.o) (IntRegister)
hw_include/libdriver.a(interrupt_vtable_.o)
                              hw_include/libdriver.a(interrupt_register_.o) (g_pfnRAMVectors)
/usr/lib/gcc/arm-none-eabi/13.2.1/../../../arm-none-eabi/lib/thumb/nofp/libc.a(libc_a-memset.o)
                              gcc/tasks.o (memset)
/usr/lib/gcc/arm-none-eabi/13.2.1/../../../arm-none-eabi/lib/thumb/nofp/libc.a(libc_a-memcpy-stub.o)
                              gcc/queue.o (memcpy)

There are no discarded input sections

Memory Configuration

Name             Origin             Length             Attributes
FLASH            0x00000000         0x00010000         xr
SRAM             0x20000000         0x00002000         xrw
*default*        0x00000000         0xffffffff

Linker script and memory map


.text           0x00000000     0x4e10
 *(.isr_vector)
 .isr_vector    0x00000000       0xb4 gcc/startup.o
                0x00000000                g_pfnVectors
 *(.text*)
 .text          0x000000b4       0x54 gcc/startup.o
                0x000000b4                ResetISR
 .text          0x00000108      0x76c gcc/main.o
                0x00000108                main
                0x000005c4                addValueToSignal
                0x0000064a                intToStr
                0x00000748                vUART_ISR
                0x000007c8                UARTSend
                0x000007fc                configTimer0
                0x00000850                Timer0IntHandler
 .text          0x00000874      0x15e gcc/list.o
                0x00000874                vListInitialise
                0x000008b2                vListInitialiseItem
                0x000008ca                vListInsertEnd
                0x00000910                vListInsert
                0x00000980                uxListRemove
 *fill*         0x000009d2        0x2 
 .text          0x000009d4      0xc9c gcc/queue.o
                0x000009d4                xQueueGenericReset
                0x00000abc                xQueueGenericCreate
                0x00000b80                xQueueGenericSend
                0x00000cd4                xQueueGenericSendFromISR
                0x00000d9e                xQueueGiveFromISR
                0x00000e56                xQueueReceive
                0x00000f9c                xQueueSemaphoreTake
                0x000010d8                xQueuePeek
                0x00001220                xQueueReceiveFromISR
                0x000012e2                xQueuePeekFromISR
                0x00001348                uxQueueMessagesWaiting
                0x00001368                uxQueueSpacesAvailable
                0x00001392                uxQueueMessagesWaitingFromISR
                0x000013b0                vQueueDelete
                0x000013ca                uxQueueGetQueueNumber
                0x000013e0                vQueueSetQueueNumber
                0x000013fa                ucQueueGetQueueType
                0x000015e6                xQueueIsQueueEmptyFromISR
                0x00001640                xQueueIsQueueFullFromISR
 .text          0x00001670     0x1c90 gcc/tasks.o
                0x00001670                xTaskCreate
                0x00001904                xTaskDelayUntil
                0x000019a8                vTaskDelay
                0x000019f0                eTaskGetState
                0x00001a58                vTaskStartScheduler
                0x00001ad8                vTaskEndScheduler
                0x00001b08                vTaskSuspendAll
                0x00001b24                xTaskResumeAll
                0x00001cfc                xTaskGetTickCount
                0x00001d18                xTaskGetTickCountFromISR
                0x00001d38                uxTaskGetNumberOfTasks
                0x00001d4c                pcTaskGetName
                0x00001e52                xTaskGetHandle
                0x00001ed4                uxTaskGetSystemState
                0x00001fa8                xTaskCatchUpTicks
                0x00001fdc                xTaskIncrementTick
                0x000021e8                vTaskSwitchContext
                0x000022b0                vTaskPlaceOnEventList
                0x000022dc                vTaskPlaceOnUnorderedEventList
                0x0000234c                xTaskRemoveFromEventList
                0x000024dc                vTaskRemoveFromUnorderedEventList
                0x0000261c                vTaskSetTimeOutState
                0x0000264c                vTaskInternalSetTimeOutState
                0x00002678                xTaskCheckForTimeOut
                0x000026fc                vTaskMissedYield
                0x00002714                uxTaskGetTaskNumber
                0x0000273e                vTaskSetTaskNumber
                0x000027e8                vTaskGetInfo
                0x00002972                uxTaskGetStackHighWaterMark
                0x000029dc                xTaskGetCurrentTaskHandle
                0x000029f8                uxTaskResetEventItemValue
                0x00002a28                ulTaskGenericNotifyTake
                0x00002ae4                xTaskGenericNotifyWait
                0x00002bd0                xTaskGenericNotify
                0x00002da0                xTaskGenericNotifyFromISR
                0x00002fe8                vTaskGenericNotifyGiveFromISR
                0x000031a0                xTaskGenericNotifyStateClear
                0x000031f8                ulTaskGenericNotifyValueClear
 .text          0x00003300      0x250 gcc/port.o
                0x00003300                pxPortInitialiseStack
                0x0000338a                vPortSVCHandler
                0x000033d6                xPortStartScheduler
                0x00003418                vPortEndScheduler
                0x00003424                vPortEnterCritical
                0x00003458                vPortExitCritical
                0x0000348c                xPortPendSVHandler
                0x000034d6                xPortSysTickHandler
                0x0000351c                vPortSetupTimerInterrupt
 .text          0x00003550       0xe8 gcc/heap_1.o
                0x00003550                pvPortMalloc
                0x000035f4                vPortFree
                0x00003606                vPortInitialiseBlocks
                0x0000361c                xPortGetFreeHeapSize
 .text          0x00003638      0x2dc gcc/BlockQ.o
                0x00003638                vStartBlockingQueueTasks
                0x00003882                xAreBlockingQueuesStillRunning
 .text          0x00003914      0x184 gcc/PollQ.o
                0x00003914                vStartPolledQueueTasks
                0x00003a58                xArePollingQueuesStillRunning
 .text          0x00003a98      0x114 gcc/integer.o
                0x00003a98                vStartIntegerMathTasks
                0x00003b58                xAreIntegerMathsTaskStillRunning
 .text          0x00003bac      0x290 gcc/semtest.o
                0x00003bac                vStartSemaphoreTasks
                0x00003de0                xAreSemaphoreTasksStillRunning
 .text          0x00003e3c      0x4c0 gcc/osram96x16.o
                0x00003f7c                OSRAMClear
                0x00003fec                OSRAMStringDraw
                0x000040f4                OSRAMImageDraw
                0x0000419a                OSRAMInit
                0x0000425c                OSRAMDisplayOn
                0x000042d0                OSRAMDisplayOff
 .text          0x000042fc       0x20 hw_include/libdriver.a(gpio_pintypei2c_.o)
                0x000042fc                GPIOPinTypeI2C
 .text          0x0000431c        0x4 hw_include/libdriver.a(i2c_mastercontrol_.o)
                0x0000431c                I2CMasterControl
 .text          0x00004320        0x4 hw_include/libdriver.a(i2c_masterdataput_.o)
                0x00004320                I2CMasterDataPut
 .text          0x00004324       0x34 hw_include/libdriver.a(i2c_masterinit_.o)
                0x00004324                I2CMasterInit
 .text          0x00004358       0x18 hw_include/libdriver.a(i2c_masterintstatus_.o)
                0x00004358                I2CMasterIntStatus
 .text          0x00004370        0x8 hw_include/libdriver.a(i2c_masterslaveaddrset_.o)
                0x00004370                I2CMasterSlaveAddrSet
 .text          0x00004378       0x5c hw_include/libdriver.a(interrupt_enable_.o)
                0x00004378                IntEnable
 .text          0x000043d4        0xc hw_include/libdriver.a(interrupt_masterenable_.o)
                0x000043d4                IntMasterEnable
 .text          0x000043e0       0x30 hw_include/libdriver.a(interrupt_priorityset_.o)
                0x000043e0                IntPrioritySet
 .text          0x00004410        0x0 hw_include/libdriver.a(interrupt_pulregs_.o)
 .text          0x00004410       0x90 hw_include/libdriver.a(sysctl_clockget_.o)
                0x00004410                SysCtlClockGet
 .text          0x000044a0       0xcc hw_include/libdriver.a(sysctl_clockset_.o)
                0x000044a0                SysCtlClockSet
 .text          0x0000456c       0x1c hw_include/libdriver.a(sysctl_peripheralenable_.o)
                0x0000456c                SysCtlPeripheralEnable
 .text          0x00004588        0x0 hw_include/libdriver.a(sysctl_pulrcgcregs_.o)
 .text          0x00004588        0x0 hw_include/libdriver.a(sysctl_pulxtals_.o)
 .text          0x00004588       0x20 hw_include/libdriver.a(timer_configure_.o)
                0x00004588                TimerConfigure
 .text          0x000045a8       0x10 hw_include/libdriver.a(timer_enable_.o)
                0x000045a8                TimerEnable
 .text          0x000045b8        0x4 hw_include/libdriver.a(timer_intclear_.o)
                0x000045b8                TimerIntClear
 .text          0x000045bc        0x8 hw_include/libdriver.a(timer_intenable_.o)
                0x000045bc                TimerIntEnable
 .text          0x000045c4       0x50 hw_include/libdriver.a(timer_intregister_.o)
                0x000045c4                TimerIntRegister
 .text          0x00004614       0x14 hw_include/libdriver.a(timer_loadset_.o)
                0x00004614                TimerLoadSet
 .text          0x00004628       0x10 hw_include/libdriver.a(uart_charget_.o)
                0x00004628                UARTCharGet
 .text          0x00004638       0x10 hw_include/libdriver.a(uart_charput_.o)
                0x00004638                UARTCharPut
 .text          0x00004648       0x10 hw_include/libdriver.a(uart_charsavail_.o)
                0x00004648                UARTCharsAvail
 .text          0x00004658       0x38 hw_include/libdriver.a(uart_configset_.o)
                0x00004658                UARTConfigSet
 .text          0x00004690       0x24 hw_include/libdriver.a(uart_disable_.o)
                0x00004690                UARTDisable
 .text          0x000046b4       0x18 hw_include/libdriver.a(uart_enable_.o)
                0x000046b4                UARTEnable
 .text          0x000046cc        0x4 hw_include/libdriver.a(uart_intclear_.o)
                0x000046cc                UARTIntClear
 .text          0x000046d0        0x8 hw_include/libdriver.a(uart_intenable_.o)
                0x000046d0                UARTIntEnable
 .text          0x000046d8       0x20 hw_include/libdriver.a(uart_intregister_.o)
                0x000046d8                UARTIntRegister
 .text          0x000046f8        0xc hw_include/libdriver.a(uart_intstatus_.o)
                0x000046f8                UARTIntStatus
 .text          0x00004704        0x4 hw_include/libdriver.a(cpu_cpsie_.o)
                0x00004704                CPUcpsie
 .text          0x00004708       0x48 hw_include/libdriver.a(gpio_dirmodeset_.o)
                0x00004708                GPIODirModeSet
 .text          0x00004750      0x11c hw_include/libdriver.a(gpio_padconfigset_.o)
                0x00004750                GPIOPadConfigSet
 .text          0x0000486c        0xc hw_include/libdriver.a(i2c_masterenable_.o)
                0x0000486c                I2CMasterEnable
 .text          0x00004878       0x3c hw_include/libdriver.a(interrupt_register_.o)
                0x00004878                IntRegister
 .text          0x000048b4        0x0 hw_include/libdriver.a(interrupt_vtable_.o)
 .text          0x000048b4       0xb0 /usr/lib/gcc/arm-none-eabi/13.2.1/../../../arm-none-eabi/lib/thumb/nofp/libc.a(libc_a-memset.o)
                0x000048b4                memset
 .text          0x00004964       0x90 /usr/lib/gcc/arm-none-eabi/13.2.1/../../../arm-none-eabi/lib/thumb/nofp/libc.a(libc_a-memcpy-stub.o)
                0x00004964                memcpy
 *(.rodata*)
 .rodata        0x000049f4       0xdb gcc/main.o
 *fill*         0x00004acf        0x1 
 .rodata        0x00004ad0        0x9 gcc/tasks.o
                0x00004ad0                uxTopUsedPriority
 *fill*         0x00004ad9        0x3 
 .rodata        0x00004adc       0x30 gcc/BlockQ.o
 .rodata        0x00004b0c       0x10 gcc/PollQ.o
 .rodata        0x00004b1c        0x8 gcc/integer.o
 .rodata        0x00004b24       0x20 gcc/semtest.o
 .rodata        0x00004b44      0x25e gcc/osram96x16.o
 *fill*         0x00004da2        0x2 
 .rodata        0x00004da4       0x30 hw_include/libdriver.a(interrupt_pulregs_.o)
                0x00004da4                g_pulRegs
 .rodata        0x00004dd4        0xc hw_include/libdriver.a(sysctl_pulrcgcregs_.o)
                0x00004dd4                g_pulRCGCRegs
 .rodata        0x00004de0       0x30 hw_include/libdriver.a(sysctl_pulxtals_.o)
                0x00004de0                g_pulXtals
                0x00004e10                        _etext = .

.glue_7         0x00004e10        0x0
 .glue_7        0x00004e10        0x0 linker stubs

.glue_7t        0x00004e10        0x0
 .glue_7t       0x00004e10        0x0 linker stubs

.vfp11_veneer   0x00004e10        0x0
 .vfp11_veneer  0x00004e10        0x0 linker stubs

.v4_bx          0x00004e10        0x0
 .v4_bx         0x00004e10        0x0 linker stubs

.iplt           0x00004e10        0x0
 .iplt          0x00004e10        0x0 gcc/startup.o

.rel.dyn        0x00004e10        0x0
 .rel.iplt      0x00004e10        0x0 gcc/startup.o

.data           0x20000000       0xc0 load address 0x00004e10
                0x20000000                        _data = .
 *(vtable)
 vtable         0x20000000       0xb8 hw_include/libdriver.a(interrupt_vtable_.o)
                0x20000000                g_pfnRAMVectors
 *(.data)
 .data          0x200000b8        0x0 gcc/startup.o
 .data          0x200000b8        0x4 gcc/main.o
                0x200000b8                N
 .data          0x200000bc        0x0 gcc/list.o
 .data          0x200000bc        0x0 gcc/queue.o
 .data          0x200000bc        0x0 gcc/tasks.o
 .data          0x200000bc        0x4 gcc/port.o
 .data          0x200000c0        0x0 gcc/heap_1.o
 .data          0x200000c0        0x0 gcc/BlockQ.o
 .data          0x200000c0        0x0 gcc/PollQ.o
 .data          0x200000c0        0x0 gcc/integer.o
 .data          0x200000c0        0x0 gcc/semtest.o
 .data          0x200000c0        0x0 gcc/osram96x16.o
 .data          0x200000c0        0x0 hw_include/libdriver.a(gpio_pintypei2c_.o)
 .data          0x200000c0        0x0 hw_include/libdriver.a(i2c_mastercontrol_.o)
 .data          0x200000c0        0x0 hw_include/libdriver.a(i2c_masterdataput_.o)
 .data          0x200000c0        0x0 hw_include/libdriver.a(i2c_masterinit_.o)
 .data          0x200000c0        0x0 hw_include/libdriver.a(i2c_masterintstatus_.o)
 .data          0x200000c0        0x0 hw_include/libdriver.a(i2c_masterslaveaddrset_.o)
 .data          0x200000c0        0x0 hw_include/libdriver.a(interrupt_enable_.o)
 .data          0x200000c0        0x0 hw_include/libdriver.a(interrupt_masterenable_.o)
 .data          0x200000c0        0x0 hw_include/libdriver.a(interrupt_priorityset_.o)
 .data          0x200000c0        0x0 hw_include/libdriver.a(interrupt_pulregs_.o)
 .data          0x200000c0        0x0 hw_include/libdriver.a(sysctl_clockget_.o)
 .data          0x200000c0        0x0 hw_include/libdriver.a(sysctl_clockset_.o)
 .data          0x200000c0        0x0 hw_include/libdriver.a(sysctl_peripheralenable_.o)
 .data          0x200000c0        0x0 hw_include/libdriver.a(sysctl_pulrcgcregs_.o)
 .data          0x200000c0        0x0 hw_include/libdriver.a(sysctl_pulxtals_.o)
 .data          0x200000c0        0x0 hw_include/libdriver.a(timer_configure_.o)
 .data          0x200000c0        0x0 hw_include/libdriver.a(timer_enable_.o)
 .data          0x200000c0        0x0 hw_include/libdriver.a(timer_intclear_.o)
 .data          0x200000c0        0x0 hw_include/libdriver.a(timer_intenable_.o)
 .data          0x200000c0        0x0 hw_include/libdriver.a(timer_intregister_.o)
 .data          0x200000c0        0x0 hw_include/libdriver.a(timer_loadset_.o)
 .data          0x200000c0        0x0 hw_include/libdriver.a(uart_charget_.o)
 .data          0x200000c0        0x0 hw_include/libdriver.a(uart_charput_.o)
 .data          0x200000c0        0x0 hw_include/libdriver.a(uart_charsavail_.o)
 .data          0x200000c0        0x0 hw_include/libdriver.a(uart_configset_.o)
 .data          0x200000c0        0x0 hw_include/libdriver.a(uart_disable_.o)
 .data          0x200000c0        0x0 hw_include/libdriver.a(uart_enable_.o)
 .data          0x200000c0        0x0 hw_include/libdriver.a(uart_intclear_.o)
 .data          0x200000c0        0x0 hw_include/libdriver.a(uart_intenable_.o)
 .data          0x200000c0        0x0 hw_include/libdriver.a(uart_intregister_.o)
 .data          0x200000c0        0x0 hw_include/libdriver.a(uart_intstatus_.o)
 .data          0x200000c0        0x0 hw_include/libdriver.a(cpu_cpsie_.o)
 .data          0x200000c0        0x0 hw_include/libdriver.a(gpio_dirmodeset_.o)
 .data          0x200000c0        0x0 hw_include/libdriver.a(gpio_padconfigset_.o)
 .data          0x200000c0        0x0 hw_include/libdriver.a(i2c_masterenable_.o)
 .data          0x200000c0        0x0 hw_include/libdriver.a(interrupt_register_.o)
 .data          0x200000c0        0x0 hw_include/libdriver.a(interrupt_vtable_.o)
 .data          0x200000c0        0x0 /usr/lib/gcc/arm-none-eabi/13.2.1/../../../arm-none-eabi/lib/thumb/nofp/libc.a(libc_a-memset.o)
 .data          0x200000c0        0x0 /usr/lib/gcc/arm-none-eabi/13.2.1/../../../arm-none-eabi/lib/thumb/nofp/libc.a(libc_a-memcpy-stub.o)
                0x200000c0                        _edata = .

.igot.plt       0x200000c0        0x0 load address 0x00004ed0
 .igot.plt      0x200000c0        0x0 gcc/startup.o

.bss            0x200000c0     0x1ef4 load address 0x00004ed0
                0x200000c0                        _bss = .
 *(.bss)
 .bss           0x200000c0      0x100 gcc/startup.o
 .bss           0x200001c0      0x16c gcc/main.o
                0x200001c0                ulHighFrequencyTimerTicks
                0x200001c4                xDisplayQueue
                0x200001c8                xFilterQueue
 .bss           0x2000032c        0x0 gcc/list.o
 .bss           0x2000032c        0x0 gcc/queue.o
 .bss           0x2000032c       0xe0 gcc/tasks.o
                0x2000032c                pxCurrentTCB
 .bss           0x2000040c        0x0 gcc/port.o
 .bss           0x2000040c     0x1b60 gcc/heap_1.o
 .bss           0x20001f6c       0x1e gcc/BlockQ.o
 *fill*         0x20001f8a        0x2 
 .bss           0x20001f8c        0xc gcc/PollQ.o
 .bss           0x20001f98        0x4 gcc/integer.o
 .bss           0x20001f9c       0x14 gcc/semtest.o
 .bss           0x20001fb0        0x4 gcc/osram96x16.o
 .bss           0x20001fb4        0x0 hw_include/libdriver.a(gpio_pintypei2c_.o)
 .bss           0x20001fb4        0x0 hw_include/libdriver.a(i2c_mastercontrol_.o)
 .bss           0x20001fb4        0x0 hw_include/libdriver.a(i2c_masterdataput_.o)
 .bss           0x20001fb4        0x0 hw_include/libdriver.a(i2c_masterinit_.o)
 .bss           0x20001fb4        0x0 hw_include/libdriver.a(i2c_masterintstatus_.o)
 .bss           0x20001fb4        0x0 hw_include/libdriver.a(i2c_masterslaveaddrset_.o)
 .bss           0x20001fb4        0x0 hw_include/libdriver.a(interrupt_enable_.o)
 .bss           0x20001fb4        0x0 hw_include/libdriver.a(interrupt_masterenable_.o)
 .bss           0x20001fb4        0x0 hw_include/libdriver.a(interrupt_priorityset_.o)
 .bss           0x20001fb4        0x0 hw_include/libdriver.a(interrupt_pulregs_.o)
 .bss           0x20001fb4        0x0 hw_include/libdriver.a(sysctl_clockget_.o)
 .bss           0x20001fb4        0x0 hw_include/libdriver.a(sysctl_clockset_.o)
 .bss           0x20001fb4        0x0 hw_include/libdriver.a(sysctl_peripheralenable_.o)
 .bss           0x20001fb4        0x0 hw_include/libdriver.a(sysctl_pulrcgcregs_.o)
 .bss           0x20001fb4        0x0 hw_include/libdriver.a(sysctl_pulxtals_.o)
 .bss           0x20001fb4        0x0 hw_include/libdriver.a(timer_configure_.o)
 .bss           0x20001fb4        0x0 hw_include/libdriver.a(timer_enable_.o)
 .bss           0x20001fb4        0x0 hw_include/libdriver.a(timer_intclear_.o)
 .bss           0x20001fb4        0x0 hw_include/libdriver.a(timer_intenable_.o)
 .bss           0x20001fb4        0x0 hw_include/libdriver.a(timer_intregister_.o)
 .bss           0x20001fb4        0x0 hw_include/libdriver.a(timer_loadset_.o)
 .bss           0x20001fb4        0x0 hw_include/libdriver.a(uart_charget_.o)
 .bss           0x20001fb4        0x0 hw_include/libdriver.a(uart_charput_.o)
 .bss           0x20001fb4        0x0 hw_include/libdriver.a(uart_charsavail_.o)
 .bss           0x20001fb4        0x0 hw_include/libdriver.a(uart_configset_.o)
 .bss           0x20001fb4        0x0 hw_include/libdriver.a(uart_disable_.o)
 .bss           0x20001fb4        0x0 hw_include/libdriver.a(uart_enable_.o)
 .bss           0x20001fb4        0x0 hw_include/libdriver.a(uart_intclear_.o)
 .bss           0x20001fb4        0x0 hw_include/libdriver.a(uart_intenable_.o)
 .bss           0x20001fb4        0x0 hw_include/libdriver.a(uart_intregister_.o)
 .bss           0x20001fb4        0x0 hw_include/libdriver.a(uart_intstatus_.o)
 .bss           0x20001fb4        0x0 hw_include/libdriver.a(cpu_cpsie_.o)
 .bss           0x20001fb4        0x0 hw_include/libdriver.a(gpio_dirmodeset_.o)
 .bss           0x20001fb4        0x0 hw_include/libdriver.a(gpio_padconfigset_.o)
 .bss           0x20001fb4        0x0 hw_include/libdriver.a(i2c_masterenable_.o)
 .bss           0x20001fb4        0x0 hw_include/libdriver.a(interrupt_register_.o)
 .bss           0x20001fb4        0x0 hw_include/libdriver.a(interrupt_vtable_.o)
 .bss           0x20001fb4        0x0 /usr/lib/gcc/arm-none-eabi/13.2.1/../../../arm-none-eabi/lib/thumb/nofp/libc.a(libc_a-memset.o)
 .bss           0x20001fb4        0x0 /usr/lib/gcc/arm-none-eabi/13.2.1/../../../arm-none-eabi/lib/thumb/nofp/libc.a(libc_a-memcpy-stub.o)
 *(COMMON)
                0x20001fb4                        _ebss = .
LOAD gcc/startup.o
LOAD gcc/main.o
LOAD gcc/list.o
LOAD gcc/queue.o
LOAD gcc/tasks.o
LOAD gcc/port.o
LOAD gcc/heap_1.o
LOAD gcc/BlockQ.o
LOAD gcc/PollQ.o
LOAD gcc/integer.o
LOAD gcc/semtest.o
LOAD gcc/osram96x16.o
LOAD hw_include/libdriver.a
LOAD /usr/lib/gcc/arm-none-eabi/13.2.1/../../../arm-none-eabi/lib/thumb/nofp/libc.a
LOAD /usr/lib/gcc/arm-none-eabi/13.2.1/thumb/nofp/libgcc.a
OUTPUT(gcc/RTOSDemo.axf elf32-littlearm)
LOAD linker stubs

.debug_info     0x00000000     0x4ee6
 .debug_info    0x00000000      0x13b gcc/startup.o
 .debug_info    0x0000013b      0x92e gcc/main.o
 .debug_info    0x00000a69      0x29f gcc/list.o
 .debug_info    0x00000d08      0xf9b gcc/queue.o
 .debug_info    0x00001ca3     0x1a48 gcc/tasks.o
 .debug_info    0x000036eb      0x2d7 gcc/port.o
 .debug_info    0x000039c2      0x18e gcc/heap_1.o
 .debug_info    0x00003b50      0x44e gcc/BlockQ.o
 .debug_info    0x00003f9e      0x33e gcc/PollQ.o
 .debug_info    0x000042dc      0x217 gcc/integer.o
 .debug_info    0x000044f3      0x3d5 gcc/semtest.o
 .debug_info    0x000048c8      0x397 gcc/osram96x16.o
 .debug_info    0x00004c5f      0x135 /usr/lib/gcc/arm-none-eabi/13.2.1/../../../arm-none-eabi/lib/thumb/nofp/libc.a(libc_a-memset.o)
 .debug_info    0x00004d94      0x152 /usr/lib/gcc/arm-none-eabi/13.2.1/../../../arm-none-eabi/lib/thumb/nofp/libc.a(libc_a-memcpy-stub.o)

.debug_abbrev   0x00000000     0x1617
 .debug_abbrev  0x00000000       0xee gcc/startup.o
 .debug_abbrev  0x000000ee      0x2e4 gcc/main.o
 .debug_abbrev  0x000003d2       0xf3 gcc/list.o
 .debug_abbrev  0x000004c5      0x2bc gcc/queue.o
 .debug_abbrev  0x00000781      0x37c gcc/tasks.o
 .debug_abbrev  0x00000afd      0x20a gcc/port.o
 .debug_abbrev  0x00000d07      0x121 gcc/heap_1.o
 .debug_abbrev  0x00000e28      0x161 gcc/BlockQ.o
 .debug_abbrev  0x00000f89      0x12c gcc/PollQ.o
 .debug_abbrev  0x000010b5      0x122 gcc/integer.o
 .debug_abbrev  0x000011d7      0x189 gcc/semtest.o
 .debug_abbrev  0x00001360      0x136 gcc/osram96x16.o
 .debug_abbrev  0x00001496       0xb7 /usr/lib/gcc/arm-none-eabi/13.2.1/../../../arm-none-eabi/lib/thumb/nofp/libc.a(libc_a-memset.o)
 .debug_abbrev  0x0000154d       0xca /usr/lib/gcc/arm-none-eabi/13.2.1/../../../arm-none-eabi/lib/thumb/nofp/libc.a(libc_a-memcpy-stub.o)

.debug_aranges  0x00000000      0x1c0
 .debug_aranges
                0x00000000       0x20 gcc/startup.o
 .debug_aranges
                0x00000020       0x20 gcc/main.o
 .debug_aranges
                0x00000040       0x20 gcc/list.o
 .debug_aranges
                0x00000060       0x20 gcc/queue.o
 .debug_aranges
                0x00000080       0x20 gcc/tasks.o
 .debug_aranges
                0x000000a0       0x20 gcc/port.o
 .debug_aranges
                0x000000c0       0x20 gcc/heap_1.o
 .debug_aranges
                0x000000e0       0x20 gcc/BlockQ.o
 .debug_aranges
                0x00000100       0x20 gcc/PollQ.o
 .debug_aranges
                0x00000120       0x20 gcc/integer.o
 .debug_aranges
                0x00000140       0x20 gcc/semtest.o
 .debug_aranges
                0x00000160       0x20 gcc/osram96x16.o
 .debug_aranges
                0x00000180       0x20 /usr/lib/gcc/arm-none-eabi/13.2.1/../../../arm-none-eabi/lib/thumb/nofp/libc.a(libc_a-memset.o)
 .debug_aranges
                0x000001a0       0x20 /usr/lib/gcc/arm-none-eabi/13.2.1/../../../arm-none-eabi/lib/thumb/nofp/libc.a(libc_a-memcpy-stub.o)

.debug_line     0x00000000     0x2b8c
 .debug_line    0x00000000       0x7b gcc/startup.o
 .debug_line    0x0000007b      0x44b gcc/main.o
 .debug_line    0x000004c6      0x196 gcc/list.o
 .debug_line    0x0000065c      0x82b gcc/queue.o
 .debug_line    0x00000e87      0xbb3 gcc/tasks.o
 .debug_line    0x00001a3a      0x208 gcc/port.o
 .debug_line    0x00001c42      0x150 gcc/heap_1.o
 .debug_line    0x00001d92      0x23b gcc/BlockQ.o
 .debug_line    0x00001fcd      0x1b9 gcc/PollQ.o
 .debug_line    0x00002186      0x164 gcc/integer.o
 .debug_line    0x000022ea      0x24b gcc/semtest.o
 .debug_line    0x00002535      0x2b9 gcc/osram96x16.o
 .debug_line    0x000027ee      0x1bd /usr/lib/gcc/arm-none-eabi/13.2.1/../../../arm-none-eabi/lib/thumb/nofp/libc.a(libc_a-memset.o)
 .debug_line    0x000029ab      0x1e1 /usr/lib/gcc/arm-none-eabi/13.2.1/../../../arm-none-eabi/lib/thumb/nofp/libc.a(libc_a-memcpy-stub.o)

.debug_str      0x00000000     0x1ec1
 .debug_str     0x00000000     0x1ec1 gcc/startup.o
                                0x175 (size before relaxing)
 .debug_str     0x00001ec1      0x63a gcc/main.o
 .debug_str     0x00001ec1      0x278 gcc/list.o
 .debug_str     0x00001ec1      0x813 gcc/queue.o
 .debug_str     0x00001ec1      0xf58 gcc/tasks.o
 .debug_str     0x00001ec1      0x302 gcc/port.o
 .debug_str     0x00001ec1      0x200 gcc/heap_1.o
 .debug_str     0x00001ec1      0x439 gcc/BlockQ.o
 .debug_str     0x00001ec1      0x32e gcc/PollQ.o
 .debug_str     0x00001ec1      0x25c gcc/integer.o
 .debug_str     0x00001ec1      0x3ce gcc/semtest.o
 .debug_str     0x00001ec1      0x274 gcc/osram96x16.o
 .debug_str     0x00001ec1      0x1a6 /usr/lib/gcc/arm-none-eabi/13.2.1/../../../arm-none-eabi/lib/thumb/nofp/libc.a(libc_a-memset.o)
 .debug_str     0x00001ec1      0x1c3 /usr/lib/gcc/arm-none-eabi/13.2.1/../../../arm-none-eabi/lib/thumb/nofp/libc.a(libc_a-memcpy-stub.o)

.comment        0x00000000      0x4ee
 .comment       0x00000000       0x26 gcc/startup.o
                                 0x27 (size before relaxing)
 .comment       0x00000026       0x27 gcc/main.o
 .comment       0x00000026       0x27 gcc/list.o
 .comment       0x00000026       0x27 gcc/queue.o
 .comment       0x00000026       0x27 gcc/tasks.o
 .comment       0x00000026       0x27 gcc/port.o
 .comment       0x00000026       0x27 gcc/heap_1.o
 .comment       0x00000026       0x27 gcc/BlockQ.o
 .comment       0x00000026       0x27 gcc/PollQ.o
 .comment       0x00000026       0x27 gcc/integer.o
 .comment       0x00000026       0x27 gcc/semtest.o
 .comment       0x00000026       0x27 gcc/osram96x16.o
 .comment       0x00000026       0x22 hw_include/libdriver.a(gpio_pintypei2c_.o)
 .comment       0x00000048       0x22 hw_include/libdriver.a(i2c_mastercontrol_.o)
 .comment       0x0000006a       0x22 hw_include/libdriver.a(i2c_masterdataput_.o)
 .comment       0x0000008c       0x22 hw_include/libdriver.a(i2c_masterinit_.o)
 .comment       0x000000ae       0x22 hw_include/libdriver.a(i2c_masterintstatus_.o)
 .comment       0x000000d0       0x22 hw_include/libdriver.a(i2c_masterslaveaddrset_.o)
 .comment       0x000000f2       0x22 hw_include/libdriver.a(interrupt_enable_.o)
 .comment       0x00000114       0x22 hw_include/libdriver.a(interrupt_masterenable_.o)
 .comment       0x00000136       0x22 hw_include/libdriver.a(interrupt_priorityset_.o)
 .comment       0x00000158       0x22 hw_include/libdriver.a(interrupt_pulregs_.o)
 .comment       0x0000017a       0x22 hw_include/libdriver.a(sysctl_clockget_.o)
 .comment       0x0000019c       0x22 hw_include/libdriver.a(sysctl_clockset_.o)
 .comment       0x000001be       0x22 hw_include/libdriver.a(sysctl_peripheralenable_.o)
 .comment       0x000001e0       0x22 hw_include/libdriver.a(sysctl_pulrcgcregs_.o)
 .comment       0x00000202       0x22 hw_include/libdriver.a(sysctl_pulxtals_.o)
 .comment       0x00000224       0x22 hw_include/libdriver.a(timer_configure_.o)
 .comment       0x00000246       0x22 hw_include/libdriver.a(timer_enable_.o)
 .comment       0x00000268       0x22 hw_include/libdriver.a(timer_intclear_.o)
 .comment       0x0000028a       0x22 hw_include/libdriver.a(timer_intenable_.o)
 .comment       0x000002ac       0x22 hw_include/libdriver.a(timer_intregister_.o)
 .comment       0x000002ce       0x22 hw_include/libdriver.a(timer_loadset_.o)
 .comment       0x000002f0       0x22 hw_include/libdriver.a(uart_charget_.o)
 .comment       0x00000312       0x22 hw_include/libdriver.a(uart_charput_.o)
 .comment       0x00000334       0x22 hw_include/libdriver.a(uart_charsavail_.o)
 .comment       0x00000356       0x22 hw_include/libdriver.a(uart_configset_.o)
 .comment       0x00000378       0x22 hw_include/libdriver.a(uart_disable_.o)
 .comment       0x0000039a       0x22 hw_include/libdriver.a(uart_enable_.o)
 .comment       0x000003bc       0x22 hw_include/libdriver.a(uart_intclear_.o)
 .comment       0x000003de       0x22 hw_include/libdriver.a(uart_intenable_.o)
 .comment       0x00000400       0x22 hw_include/libdriver.a(uart_intregister_.o)
 .comment       0x00000422       0x22 hw_include/libdriver.a(uart_intstatus_.o)
 .comment       0x00000444       0x22 hw_include/libdriver.a(gpio_dirmodeset_.o)
 .comment       0x00000466       0x22 hw_include/libdriver.a(gpio_padconfigset_.o)
 .comment       0x00000488       0x22 hw_include/libdriver.a(i2c_masterenable_.o)
 .comment       0x000004aa       0x22 hw_include/libdriver.a(interrupt_register_.o)
 .comment       0x000004cc       0x22 hw_include/libdriver.a(interrupt_vtable_.o)
 .comment       0x000004ee       0x27 /usr/lib/gcc/arm-none-eabi/13.2.1/../../../arm-none-eabi/lib/thumb/nofp/libc.a(libc_a-memset.o)
 .comment       0x000004ee       0x27 /usr/lib/gcc/arm-none-eabi/13.2.1/../../../arm-none-eabi/lib/thumb/nofp/libc.a(libc_a-memcpy-stub.o)

.ARM.attributes
                0x00000000       0x2d
 .ARM.attributes
                0x00000000       0x2d gcc/startup.o
 .ARM.attributes
                0x0000002d       0x2d gcc/main.o
 .ARM.attributes
                0x0000005a       0x2d gcc/list.o
 .ARM.attributes
                0x00000087       0x2d gcc/queue.o
 .ARM.attributes
                0x000000b4       0x2d gcc/tasks.o
 .ARM.attributes
                0x000000e1       0x2d gcc/port.o
 .ARM.attributes
                0x0000010e       0x2d gcc/heap_1.o
 .ARM.attributes
                0x0000013b       0x2d gcc/BlockQ.o
 .ARM.attributes
                0x00000168       0x2d gcc/PollQ.o
 .ARM.attributes
                0x00000195       0x2d gcc/integer.o
 .ARM.attributes
                0x000001c2       0x2d gcc/semtest.o
 .ARM.attributes
                0x000001ef       0x2d gcc/osram96x16.o
 .ARM.attributes
                0x0000021c       0x31 hw_include/libdriver.a(gpio_pintypei2c_.o)
 .ARM.attributes
                0x0000024d       0x31 hw_include/libdriver.a(i2c_mastercontrol_.o)
 .ARM.attributes
                0x0000027e       0x31 hw_include/libdriver.a(i2c_masterdataput_.o)
 .ARM.attributes
                0x000002af       0x31 hw_include/libdriver.a(i2c_masterinit_.o)
 .ARM.attributes
                0x000002e0       0x31 hw_include/libdriver.a(i2c_masterintstatus_.o)
 .ARM.attributes
                0x00000311       0x31 hw_include/libdriver.a(i2c_masterslaveaddrset_.o)
 .ARM.attributes
                0x00000342       0x31 hw_include/libdriver.a(interrupt_enable_.o)
 .ARM.attributes
                0x00000373       0x31 hw_include/libdriver.a(interrupt_masterenable_.o)
 .ARM.attributes
                0x000003a4       0x31 hw_include/libdriver.a(interrupt_priorityset_.o)
 .ARM.attributes
                0x000003d5       0x2f hw_include/libdriver.a(interrupt_pulregs_.o)
 .ARM.attributes
                0x00000404       0x31 hw_include/libdriver.a(sysctl_clockget_.o)
 .ARM.attributes
                0x00000435       0x31 hw_include/libdriver.a(sysctl_clockset_.o)
 .ARM.attributes
                0x00000466       0x31 hw_include/libdriver.a(sysctl_peripheralenable_.o)
 .ARM.attributes
                0x00000497       0x2f hw_include/libdriver.a(sysctl_pulrcgcregs_.o)
 .ARM.attributes
                0x000004c6       0x2f hw_include/libdriver.a(sysctl_pulxtals_.o)
 .ARM.attributes
                0x000004f5       0x31 hw_include/libdriver.a(timer_configure_.o)
 .ARM.attributes
                0x00000526       0x31 hw_include/libdriver.a(timer_enable_.o)
 .ARM.attributes
                0x00000557       0x31 hw_include/libdriver.a(timer_intclear_.o)
 .ARM.attributes
                0x00000588       0x31 hw_include/libdriver.a(timer_intenable_.o)
 .ARM.attributes
                0x000005b9       0x31 hw_include/libdriver.a(timer_intregister_.o)
 .ARM.attributes
                0x000005ea       0x31 hw_include/libdriver.a(timer_loadset_.o)
 .ARM.attributes
                0x0000061b       0x31 hw_include/libdriver.a(uart_charget_.o)
 .ARM.attributes
                0x0000064c       0x31 hw_include/libdriver.a(uart_charput_.o)
 .ARM.attributes
                0x0000067d       0x31 hw_include/libdriver.a(uart_charsavail_.o)
 .ARM.attributes
                0x000006ae       0x31 hw_include/libdriver.a(uart_configset_.o)
 .ARM.attributes
                0x000006df       0x31 hw_include/libdriver.a(uart_disable_.o)
 .ARM.attributes
                0x00000710       0x31 hw_include/libdriver.a(uart_enable_.o)
 .ARM.attributes
                0x00000741       0x31 hw_include/libdriver.a(uart_intclear_.o)
 .ARM.attributes
                0x00000772       0x31 hw_include/libdriver.a(uart_intenable_.o)
 .ARM.attributes
                0x000007a3       0x31 hw_include/libdriver.a(uart_intregister_.o)
 .ARM.attributes
                0x000007d4       0x31 hw_include/libdriver.a(uart_intstatus_.o)
 .ARM.attributes
                0x00000805       0x21 hw_include/libdriver.a(cpu_cpsie_.o)
 .ARM.attributes
                0x00000826       0x31 hw_include/libdriver.a(gpio_dirmodeset_.o)
 .ARM.attributes
                0x00000857       0x31 hw_include/libdriver.a(gpio_padconfigset_.o)
 .ARM.attributes
                0x00000888       0x31 hw_include/libdriver.a(i2c_masterenable_.o)
 .ARM.attributes
                0x000008b9       0x31 hw_include/libdriver.a(interrupt_register_.o)
 .ARM.attributes
                0x000008ea       0x2f hw_include/libdriver.a(interrupt_vtable_.o)
 .ARM.attributes
                0x00000919       0x2a /usr/lib/gcc/arm-none-eabi/13.2.1/../../../arm-none-eabi/lib/thumb/nofp/libc.a(libc_a-memset.o)
 .ARM.attributes
                0x00000943       0x2a /usr/lib/gcc/arm-none-eabi/13.2.1/../../../arm-none-eabi/lib/thumb/nofp/libc.a(libc_a-memcpy-stub.o)

.debug_frame    0x00000000     0x13ac
 .debug_frame   0x00000000       0x7c gcc/startup.o
 .debug_frame   0x0000007c      0x1a0 gcc/main.o
 .debug_frame   0x0000021c       0xd8 gcc/list.o
 .debug_frame   0x000002f4      0x3ac gcc/queue.o
 .debug_frame   0x000006a0      0x6f8 gcc/tasks.o
 .debug_frame   0x00000d98      0x160 gcc/port.o
 .debug_frame   0x00000ef8       0x9c gcc/heap_1.o
 .debug_frame   0x00000f94       0xa0 gcc/BlockQ.o
 .debug_frame   0x00001034       0x9c gcc/PollQ.o
 .debug_frame   0x000010d0       0x7c gcc/integer.o
 .debug_frame   0x0000114c       0x80 gcc/semtest.o
 .debug_frame   0x000011cc      0x180 gcc/osram96x16.o
 .debug_frame   0x0000134c       0x30 /usr/lib/gcc/arm-none-eabi/13.2.1/../../../arm-none-eabi/lib/thumb/nofp/libc.a(libc_a-memset.o)
 .debug_frame   0x0000137c       0x30 /usr/lib/gcc/arm-none-eabi/13.2.1/../../../arm-none-eabi/lib/thumb/nofp/libc.a(libc_a-memcpy-stub.o)

.debug_loclists
                0x00000000      0x48d
 .debug_loclists
                0x00000000      0x1c6 /usr/lib/gcc/arm-none-eabi/13.2.1/../../../arm-none-eabi/lib/thumb/nofp/libc.a(libc_a-memset.o)
 .debug_loclists
                0x000001c6      0x2c7 /usr/lib/gcc/arm-none-eabi/13.2.1/../../../arm-none-eabi/lib/thumb/nofp/libc.a(libc_a-memcpy-stub.o)
