Archive member included to satisfy reference by file (symbol)

hw_include/libdriver.a(gpio_pintypei2c_.o)
                              gcc/osram96x16.o (GPIOPinTypeI2C)
hw_include/libdriver.a(i2c_mastercontrol_.o)
                              gcc/osram96x16.o (I2CMasterControl)
hw_include/libdriver.a(i2c_masterdataput_.o)
                              gcc/osram96x16.o (I2CMasterDataPut)
hw_include/libdriver.a(i2c_masterinit_.o)
                              gcc/osram96x16.o (I2CMasterInit)
hw_include/libdriver.a(i2c_masterintstatus_.o)
                              gcc/osram96x16.o (I2CMasterIntStatus)
hw_include/libdriver.a(i2c_masterslaveaddrset_.o)
                              gcc/osram96x16.o (I2CMasterSlaveAddrSet)
hw_include/libdriver.a(sysctl_clockget_.o)
                              hw_include/libdriver.a(i2c_masterinit_.o) (SysCtlClockGet)
hw_include/libdriver.a(sysctl_clockset_.o)
                              gcc/main.o (SysCtlClockSet)
hw_include/libdriver.a(sysctl_peripheralenable_.o)
                              gcc/osram96x16.o (SysCtlPeripheralEnable)
hw_include/libdriver.a(sysctl_pulrcgcregs_.o)
                              hw_include/libdriver.a(sysctl_peripheralenable_.o) (g_pulRCGCRegs)
hw_include/libdriver.a(sysctl_pulxtals_.o)
                              hw_include/libdriver.a(sysctl_clockget_.o) (g_pulXtals)
hw_include/libdriver.a(gpio_dirmodeset_.o)
                              hw_include/libdriver.a(gpio_pintypei2c_.o) (GPIODirModeSet)
hw_include/libdriver.a(gpio_padconfigset_.o)
                              hw_include/libdriver.a(gpio_pintypei2c_.o) (GPIOPadConfigSet)
hw_include/libdriver.a(i2c_masterenable_.o)
                              hw_include/libdriver.a(i2c_masterinit_.o) (I2CMasterEnable)
/usr/lib/gcc/arm-none-eabi/13.2.1/../../../arm-none-eabi/lib/thumb/nofp/libc.a(libc_a-memset.o)
                              gcc/tasks.o (memset)
/usr/lib/gcc/arm-none-eabi/13.2.1/../../../arm-none-eabi/lib/thumb/nofp/libc.a(libc_a-memcpy-stub.o)
                              gcc/queue.o (memcpy)

There are no discarded input sections

Memory Configuration

Name             Origin             Length             Attributes
FLASH            0x00000000         0x00010000         xr
SRAM             0x20000000         0x00002000         xrw
*default*        0x00000000         0xffffffff

Linker script and memory map


.text           0x00000000     0x4578
 *(.isr_vector)
 .isr_vector    0x00000000       0xb8 gcc/startup.o
                0x00000000                g_pfnVectors
 *(.text*)
 .text          0x000000b8       0x54 gcc/startup.o
                0x000000b8                ResetISR
 .text          0x0000010c      0x260 gcc/main.o
                0x0000010c                main
                0x00000258                intToStr
                0x00000354                vGPIO_ISR
                0x00000360                vUART_ISR
 .text          0x0000036c      0x15e gcc/list.o
                0x0000036c                vListInitialise
                0x000003aa                vListInitialiseItem
                0x000003c2                vListInsertEnd
                0x00000408                vListInsert
                0x00000478                uxListRemove
 *fill*         0x000004ca        0x2 
 .text          0x000004cc      0xc9c gcc/queue.o
                0x000004cc                xQueueGenericReset
                0x000005b4                xQueueGenericCreate
                0x00000678                xQueueGenericSend
                0x000007cc                xQueueGenericSendFromISR
                0x00000896                xQueueGiveFromISR
                0x0000094e                xQueueReceive
                0x00000a94                xQueueSemaphoreTake
                0x00000bd0                xQueuePeek
                0x00000d18                xQueueReceiveFromISR
                0x00000dda                xQueuePeekFromISR
                0x00000e40                uxQueueMessagesWaiting
                0x00000e60                uxQueueSpacesAvailable
                0x00000e8a                uxQueueMessagesWaitingFromISR
                0x00000ea8                vQueueDelete
                0x00000ec2                uxQueueGetQueueNumber
                0x00000ed8                vQueueSetQueueNumber
                0x00000ef2                ucQueueGetQueueType
                0x000010de                xQueueIsQueueEmptyFromISR
                0x00001138                xQueueIsQueueFullFromISR
 .text          0x00001168     0x1c10 gcc/tasks.o
                0x00001168                xTaskCreate
                0x000013fc                xTaskDelayUntil
                0x000014a0                vTaskDelay
                0x000014e8                eTaskGetState
                0x00001550                vTaskStartScheduler
                0x000015c8                vTaskEndScheduler
                0x000015f8                vTaskSuspendAll
                0x00001614                xTaskResumeAll
                0x000017ec                xTaskGetTickCount
                0x00001808                xTaskGetTickCountFromISR
                0x00001828                uxTaskGetNumberOfTasks
                0x0000183c                pcTaskGetName
                0x00001942                xTaskGetHandle
                0x000019c4                uxTaskGetSystemState
                0x00001a94                xTaskCatchUpTicks
                0x00001ac8                xTaskIncrementTick
                0x00001cd4                vTaskSwitchContext
                0x00001d60                vTaskPlaceOnEventList
                0x00001d8c                vTaskPlaceOnUnorderedEventList
                0x00001dfc                xTaskRemoveFromEventList
                0x00001f8c                vTaskRemoveFromUnorderedEventList
                0x000020cc                vTaskSetTimeOutState
                0x000020fc                vTaskInternalSetTimeOutState
                0x00002128                xTaskCheckForTimeOut
                0x000021ac                vTaskMissedYield
                0x000021c4                uxTaskGetTaskNumber
                0x000021ee                vTaskSetTaskNumber
                0x00002298                vTaskGetInfo
                0x0000241e                uxTaskGetStackHighWaterMark
                0x00002488                xTaskGetCurrentTaskHandle
                0x000024a4                uxTaskResetEventItemValue
                0x000024d4                ulTaskGenericNotifyTake
                0x00002588                xTaskGenericNotifyWait
                0x0000266c                xTaskGenericNotify
                0x00002830                xTaskGenericNotifyFromISR
                0x00002a68                vTaskGenericNotifyGiveFromISR
                0x00002c1c                xTaskGenericNotifyStateClear
                0x00002c74                ulTaskGenericNotifyValueClear
 *fill*         0x00002d78        0x8 
 .text          0x00002d80      0x250 gcc/port.o
                0x00002d80                pxPortInitialiseStack
                0x00002e0a                vPortSVCHandler
                0x00002e56                xPortStartScheduler
                0x00002e98                vPortEndScheduler
                0x00002ea4                vPortEnterCritical
                0x00002ed8                vPortExitCritical
                0x00002f0c                xPortPendSVHandler
                0x00002f56                xPortSysTickHandler
                0x00002f9c                vPortSetupTimerInterrupt
 .text          0x00002fd0       0xe8 gcc/heap_1.o
                0x00002fd0                pvPortMalloc
                0x00003074                vPortFree
                0x00003086                vPortInitialiseBlocks
                0x0000309c                xPortGetFreeHeapSize
 .text          0x000030b8      0x2dc gcc/BlockQ.o
                0x000030b8                vStartBlockingQueueTasks
                0x00003302                xAreBlockingQueuesStillRunning
 .text          0x00003394      0x184 gcc/PollQ.o
                0x00003394                vStartPolledQueueTasks
                0x000034d8                xArePollingQueuesStillRunning
 .text          0x00003518      0x114 gcc/integer.o
                0x00003518                vStartIntegerMathTasks
                0x000035d8                xAreIntegerMathsTaskStillRunning
 .text          0x0000362c      0x290 gcc/semtest.o
                0x0000362c                vStartSemaphoreTasks
                0x00003860                xAreSemaphoreTasksStillRunning
 .text          0x000038bc      0x4c0 gcc/osram96x16.o
                0x000039fc                OSRAMClear
                0x00003a6c                OSRAMStringDraw
                0x00003b74                OSRAMImageDraw
                0x00003c1a                OSRAMInit
                0x00003cdc                OSRAMDisplayOn
                0x00003d50                OSRAMDisplayOff
 .text          0x00003d7c       0x20 hw_include/libdriver.a(gpio_pintypei2c_.o)
                0x00003d7c                GPIOPinTypeI2C
 .text          0x00003d9c        0x4 hw_include/libdriver.a(i2c_mastercontrol_.o)
                0x00003d9c                I2CMasterControl
 .text          0x00003da0        0x4 hw_include/libdriver.a(i2c_masterdataput_.o)
                0x00003da0                I2CMasterDataPut
 .text          0x00003da4       0x34 hw_include/libdriver.a(i2c_masterinit_.o)
                0x00003da4                I2CMasterInit
 .text          0x00003dd8       0x18 hw_include/libdriver.a(i2c_masterintstatus_.o)
                0x00003dd8                I2CMasterIntStatus
 .text          0x00003df0        0x8 hw_include/libdriver.a(i2c_masterslaveaddrset_.o)
                0x00003df0                I2CMasterSlaveAddrSet
 .text          0x00003df8       0x90 hw_include/libdriver.a(sysctl_clockget_.o)
                0x00003df8                SysCtlClockGet
 .text          0x00003e88       0xcc hw_include/libdriver.a(sysctl_clockset_.o)
                0x00003e88                SysCtlClockSet
 .text          0x00003f54       0x1c hw_include/libdriver.a(sysctl_peripheralenable_.o)
                0x00003f54                SysCtlPeripheralEnable
 .text          0x00003f70        0x0 hw_include/libdriver.a(sysctl_pulrcgcregs_.o)
 .text          0x00003f70        0x0 hw_include/libdriver.a(sysctl_pulxtals_.o)
 .text          0x00003f70       0x48 hw_include/libdriver.a(gpio_dirmodeset_.o)
                0x00003f70                GPIODirModeSet
 .text          0x00003fb8      0x11c hw_include/libdriver.a(gpio_padconfigset_.o)
                0x00003fb8                GPIOPadConfigSet
 .text          0x000040d4        0xc hw_include/libdriver.a(i2c_masterenable_.o)
                0x000040d4                I2CMasterEnable
 .text          0x000040e0       0xb0 /usr/lib/gcc/arm-none-eabi/13.2.1/../../../arm-none-eabi/lib/thumb/nofp/libc.a(libc_a-memset.o)
                0x000040e0                memset
 .text          0x00004190       0x90 /usr/lib/gcc/arm-none-eabi/13.2.1/../../../arm-none-eabi/lib/thumb/nofp/libc.a(libc_a-memcpy-stub.o)
                0x00004190                memcpy
 *(.rodata*)
 .rodata        0x00004220       0x45 gcc/main.o
 *fill*         0x00004265        0x3 
 .rodata        0x00004268        0x9 gcc/tasks.o
                0x00004268                uxTopUsedPriority
 *fill*         0x00004271        0x3 
 .rodata        0x00004274       0x30 gcc/BlockQ.o
 .rodata        0x000042a4       0x10 gcc/PollQ.o
 .rodata        0x000042b4        0x8 gcc/integer.o
 .rodata        0x000042bc       0x20 gcc/semtest.o
 .rodata        0x000042dc      0x25e gcc/osram96x16.o
 *fill*         0x0000453a        0x2 
 .rodata        0x0000453c        0xc hw_include/libdriver.a(sysctl_pulrcgcregs_.o)
                0x0000453c                g_pulRCGCRegs
 .rodata        0x00004548       0x30 hw_include/libdriver.a(sysctl_pulxtals_.o)
                0x00004548                g_pulXtals
                0x00004578                        _etext = .

.glue_7         0x00004578        0x0
 .glue_7        0x00004578        0x0 linker stubs

.glue_7t        0x00004578        0x0
 .glue_7t       0x00004578        0x0 linker stubs

.vfp11_veneer   0x00004578        0x0
 .vfp11_veneer  0x00004578        0x0 linker stubs

.v4_bx          0x00004578        0x0
 .v4_bx         0x00004578        0x0 linker stubs

.iplt           0x00004578        0x0
 .iplt          0x00004578        0x0 gcc/startup.o

.rel.dyn        0x00004578        0x0
 .rel.iplt      0x00004578        0x0 gcc/startup.o

.data           0x20000000        0x4 load address 0x00004578
                0x20000000                        _data = .
 *(vtable)
 *(.data)
 .data          0x20000000        0x0 gcc/startup.o
 .data          0x20000000        0x0 gcc/main.o
 .data          0x20000000        0x0 gcc/list.o
 .data          0x20000000        0x0 gcc/queue.o
 .data          0x20000000        0x0 gcc/tasks.o
 .data          0x20000000        0x4 gcc/port.o
 .data          0x20000004        0x0 gcc/heap_1.o
 .data          0x20000004        0x0 gcc/BlockQ.o
 .data          0x20000004        0x0 gcc/PollQ.o
 .data          0x20000004        0x0 gcc/integer.o
 .data          0x20000004        0x0 gcc/semtest.o
 .data          0x20000004        0x0 gcc/osram96x16.o
 .data          0x20000004        0x0 hw_include/libdriver.a(gpio_pintypei2c_.o)
 .data          0x20000004        0x0 hw_include/libdriver.a(i2c_mastercontrol_.o)
 .data          0x20000004        0x0 hw_include/libdriver.a(i2c_masterdataput_.o)
 .data          0x20000004        0x0 hw_include/libdriver.a(i2c_masterinit_.o)
 .data          0x20000004        0x0 hw_include/libdriver.a(i2c_masterintstatus_.o)
 .data          0x20000004        0x0 hw_include/libdriver.a(i2c_masterslaveaddrset_.o)
 .data          0x20000004        0x0 hw_include/libdriver.a(sysctl_clockget_.o)
 .data          0x20000004        0x0 hw_include/libdriver.a(sysctl_clockset_.o)
 .data          0x20000004        0x0 hw_include/libdriver.a(sysctl_peripheralenable_.o)
 .data          0x20000004        0x0 hw_include/libdriver.a(sysctl_pulrcgcregs_.o)
 .data          0x20000004        0x0 hw_include/libdriver.a(sysctl_pulxtals_.o)
 .data          0x20000004        0x0 hw_include/libdriver.a(gpio_dirmodeset_.o)
 .data          0x20000004        0x0 hw_include/libdriver.a(gpio_padconfigset_.o)
 .data          0x20000004        0x0 hw_include/libdriver.a(i2c_masterenable_.o)
 .data          0x20000004        0x0 /usr/lib/gcc/arm-none-eabi/13.2.1/../../../arm-none-eabi/lib/thumb/nofp/libc.a(libc_a-memset.o)
 .data          0x20000004        0x0 /usr/lib/gcc/arm-none-eabi/13.2.1/../../../arm-none-eabi/lib/thumb/nofp/libc.a(libc_a-memcpy-stub.o)
                0x20000004                        _edata = .

.igot.plt       0x20000004        0x0 load address 0x0000457c
 .igot.plt      0x20000004        0x0 gcc/startup.o

.bss            0x20000004     0x1d84 load address 0x0000457c
                0x20000004                        _bss = .
 *(.bss)
 .bss           0x20000004      0x100 gcc/startup.o
 .bss           0x20000104        0x4 gcc/main.o
                0x20000104                xPrintQueue
 .bss           0x20000108        0x0 gcc/list.o
 .bss           0x20000108        0x0 gcc/queue.o
 .bss           0x20000108       0xd8 gcc/tasks.o
                0x20000108                pxCurrentTCB
 .bss           0x200001e0        0x0 gcc/port.o
 .bss           0x200001e0     0x1b60 gcc/heap_1.o
 .bss           0x20001d40       0x1e gcc/BlockQ.o
 *fill*         0x20001d5e        0x2 
 .bss           0x20001d60        0xc gcc/PollQ.o
 .bss           0x20001d6c        0x4 gcc/integer.o
 .bss           0x20001d70       0x14 gcc/semtest.o
 .bss           0x20001d84        0x4 gcc/osram96x16.o
 .bss           0x20001d88        0x0 hw_include/libdriver.a(gpio_pintypei2c_.o)
 .bss           0x20001d88        0x0 hw_include/libdriver.a(i2c_mastercontrol_.o)
 .bss           0x20001d88        0x0 hw_include/libdriver.a(i2c_masterdataput_.o)
 .bss           0x20001d88        0x0 hw_include/libdriver.a(i2c_masterinit_.o)
 .bss           0x20001d88        0x0 hw_include/libdriver.a(i2c_masterintstatus_.o)
 .bss           0x20001d88        0x0 hw_include/libdriver.a(i2c_masterslaveaddrset_.o)
 .bss           0x20001d88        0x0 hw_include/libdriver.a(sysctl_clockget_.o)
 .bss           0x20001d88        0x0 hw_include/libdriver.a(sysctl_clockset_.o)
 .bss           0x20001d88        0x0 hw_include/libdriver.a(sysctl_peripheralenable_.o)
 .bss           0x20001d88        0x0 hw_include/libdriver.a(sysctl_pulrcgcregs_.o)
 .bss           0x20001d88        0x0 hw_include/libdriver.a(sysctl_pulxtals_.o)
 .bss           0x20001d88        0x0 hw_include/libdriver.a(gpio_dirmodeset_.o)
 .bss           0x20001d88        0x0 hw_include/libdriver.a(gpio_padconfigset_.o)
 .bss           0x20001d88        0x0 hw_include/libdriver.a(i2c_masterenable_.o)
 .bss           0x20001d88        0x0 /usr/lib/gcc/arm-none-eabi/13.2.1/../../../arm-none-eabi/lib/thumb/nofp/libc.a(libc_a-memset.o)
 .bss           0x20001d88        0x0 /usr/lib/gcc/arm-none-eabi/13.2.1/../../../arm-none-eabi/lib/thumb/nofp/libc.a(libc_a-memcpy-stub.o)
 *(COMMON)
                0x20001d88                        _ebss = .
LOAD gcc/startup.o
LOAD gcc/main.o
LOAD gcc/list.o
LOAD gcc/queue.o
LOAD gcc/tasks.o
LOAD gcc/port.o
LOAD gcc/heap_1.o
LOAD gcc/BlockQ.o
LOAD gcc/PollQ.o
LOAD gcc/integer.o
LOAD gcc/semtest.o
LOAD gcc/osram96x16.o
LOAD hw_include/libdriver.a
LOAD /usr/lib/gcc/arm-none-eabi/13.2.1/../../../arm-none-eabi/lib/thumb/nofp/libc.a
LOAD /usr/lib/gcc/arm-none-eabi/13.2.1/thumb/nofp/libgcc.a
OUTPUT(gcc/RTOSDemo.axf elf32-littlearm)
LOAD linker stubs

.debug_info     0x00000000     0x497e
 .debug_info    0x00000000      0x13b gcc/startup.o
 .debug_info    0x0000013b      0x408 gcc/main.o
 .debug_info    0x00000543      0x29f gcc/list.o
 .debug_info    0x000007e2      0xf9b gcc/queue.o
 .debug_info    0x0000177d     0x1a06 gcc/tasks.o
 .debug_info    0x00003183      0x2d7 gcc/port.o
 .debug_info    0x0000345a      0x18e gcc/heap_1.o
 .debug_info    0x000035e8      0x44e gcc/BlockQ.o
 .debug_info    0x00003a36      0x33e gcc/PollQ.o
 .debug_info    0x00003d74      0x217 gcc/integer.o
 .debug_info    0x00003f8b      0x3d5 gcc/semtest.o
 .debug_info    0x00004360      0x397 gcc/osram96x16.o
 .debug_info    0x000046f7      0x135 /usr/lib/gcc/arm-none-eabi/13.2.1/../../../arm-none-eabi/lib/thumb/nofp/libc.a(libc_a-memset.o)
 .debug_info    0x0000482c      0x152 /usr/lib/gcc/arm-none-eabi/13.2.1/../../../arm-none-eabi/lib/thumb/nofp/libc.a(libc_a-memcpy-stub.o)

.debug_abbrev   0x00000000     0x1511
 .debug_abbrev  0x00000000       0xee gcc/startup.o
 .debug_abbrev  0x000000ee      0x1f1 gcc/main.o
 .debug_abbrev  0x000002df       0xf3 gcc/list.o
 .debug_abbrev  0x000003d2      0x2bc gcc/queue.o
 .debug_abbrev  0x0000068e      0x369 gcc/tasks.o
 .debug_abbrev  0x000009f7      0x20a gcc/port.o
 .debug_abbrev  0x00000c01      0x121 gcc/heap_1.o
 .debug_abbrev  0x00000d22      0x161 gcc/BlockQ.o
 .debug_abbrev  0x00000e83      0x12c gcc/PollQ.o
 .debug_abbrev  0x00000faf      0x122 gcc/integer.o
 .debug_abbrev  0x000010d1      0x189 gcc/semtest.o
 .debug_abbrev  0x0000125a      0x136 gcc/osram96x16.o
 .debug_abbrev  0x00001390       0xb7 /usr/lib/gcc/arm-none-eabi/13.2.1/../../../arm-none-eabi/lib/thumb/nofp/libc.a(libc_a-memset.o)
 .debug_abbrev  0x00001447       0xca /usr/lib/gcc/arm-none-eabi/13.2.1/../../../arm-none-eabi/lib/thumb/nofp/libc.a(libc_a-memcpy-stub.o)

.debug_aranges  0x00000000      0x1c0
 .debug_aranges
                0x00000000       0x20 gcc/startup.o
 .debug_aranges
                0x00000020       0x20 gcc/main.o
 .debug_aranges
                0x00000040       0x20 gcc/list.o
 .debug_aranges
                0x00000060       0x20 gcc/queue.o
 .debug_aranges
                0x00000080       0x20 gcc/tasks.o
 .debug_aranges
                0x000000a0       0x20 gcc/port.o
 .debug_aranges
                0x000000c0       0x20 gcc/heap_1.o
 .debug_aranges
                0x000000e0       0x20 gcc/BlockQ.o
 .debug_aranges
                0x00000100       0x20 gcc/PollQ.o
 .debug_aranges
                0x00000120       0x20 gcc/integer.o
 .debug_aranges
                0x00000140       0x20 gcc/semtest.o
 .debug_aranges
                0x00000160       0x20 gcc/osram96x16.o
 .debug_aranges
                0x00000180       0x20 /usr/lib/gcc/arm-none-eabi/13.2.1/../../../arm-none-eabi/lib/thumb/nofp/libc.a(libc_a-memset.o)
 .debug_aranges
                0x000001a0       0x20 /usr/lib/gcc/arm-none-eabi/13.2.1/../../../arm-none-eabi/lib/thumb/nofp/libc.a(libc_a-memcpy-stub.o)

.debug_line     0x00000000     0x2926
 .debug_line    0x00000000       0x7b gcc/startup.o
 .debug_line    0x0000007b      0x213 gcc/main.o
 .debug_line    0x0000028e      0x196 gcc/list.o
 .debug_line    0x00000424      0x82b gcc/queue.o
 .debug_line    0x00000c4f      0xb85 gcc/tasks.o
 .debug_line    0x000017d4      0x208 gcc/port.o
 .debug_line    0x000019dc      0x150 gcc/heap_1.o
 .debug_line    0x00001b2c      0x23b gcc/BlockQ.o
 .debug_line    0x00001d67      0x1b9 gcc/PollQ.o
 .debug_line    0x00001f20      0x164 gcc/integer.o
 .debug_line    0x00002084      0x24b gcc/semtest.o
 .debug_line    0x000022cf      0x2b9 gcc/osram96x16.o
 .debug_line    0x00002588      0x1bd /usr/lib/gcc/arm-none-eabi/13.2.1/../../../arm-none-eabi/lib/thumb/nofp/libc.a(libc_a-memset.o)
 .debug_line    0x00002745      0x1e1 /usr/lib/gcc/arm-none-eabi/13.2.1/../../../arm-none-eabi/lib/thumb/nofp/libc.a(libc_a-memcpy-stub.o)

.debug_str      0x00000000     0x1d94
 .debug_str     0x00000000     0x1d94 gcc/startup.o
                                0x166 (size before relaxing)
 .debug_str     0x00001d94      0x319 gcc/main.o
 .debug_str     0x00001d94      0x278 gcc/list.o
 .debug_str     0x00001d94      0x813 gcc/queue.o
 .debug_str     0x00001d94      0xf1a gcc/tasks.o
 .debug_str     0x00001d94      0x302 gcc/port.o
 .debug_str     0x00001d94      0x200 gcc/heap_1.o
 .debug_str     0x00001d94      0x439 gcc/BlockQ.o
 .debug_str     0x00001d94      0x32e gcc/PollQ.o
 .debug_str     0x00001d94      0x25c gcc/integer.o
 .debug_str     0x00001d94      0x3ce gcc/semtest.o
 .debug_str     0x00001d94      0x28d gcc/osram96x16.o
 .debug_str     0x00001d94      0x1a6 /usr/lib/gcc/arm-none-eabi/13.2.1/../../../arm-none-eabi/lib/thumb/nofp/libc.a(libc_a-memset.o)
 .debug_str     0x00001d94      0x1c3 /usr/lib/gcc/arm-none-eabi/13.2.1/../../../arm-none-eabi/lib/thumb/nofp/libc.a(libc_a-memcpy-stub.o)

.comment        0x00000000      0x202
 .comment       0x00000000       0x26 gcc/startup.o
                                 0x27 (size before relaxing)
 .comment       0x00000026       0x27 gcc/main.o
 .comment       0x00000026       0x27 gcc/list.o
 .comment       0x00000026       0x27 gcc/queue.o
 .comment       0x00000026       0x27 gcc/tasks.o
 .comment       0x00000026       0x27 gcc/port.o
 .comment       0x00000026       0x27 gcc/heap_1.o
 .comment       0x00000026       0x27 gcc/BlockQ.o
 .comment       0x00000026       0x27 gcc/PollQ.o
 .comment       0x00000026       0x27 gcc/integer.o
 .comment       0x00000026       0x27 gcc/semtest.o
 .comment       0x00000026       0x27 gcc/osram96x16.o
 .comment       0x00000026       0x22 hw_include/libdriver.a(gpio_pintypei2c_.o)
 .comment       0x00000048       0x22 hw_include/libdriver.a(i2c_mastercontrol_.o)
 .comment       0x0000006a       0x22 hw_include/libdriver.a(i2c_masterdataput_.o)
 .comment       0x0000008c       0x22 hw_include/libdriver.a(i2c_masterinit_.o)
 .comment       0x000000ae       0x22 hw_include/libdriver.a(i2c_masterintstatus_.o)
 .comment       0x000000d0       0x22 hw_include/libdriver.a(i2c_masterslaveaddrset_.o)
 .comment       0x000000f2       0x22 hw_include/libdriver.a(sysctl_clockget_.o)
 .comment       0x00000114       0x22 hw_include/libdriver.a(sysctl_clockset_.o)
 .comment       0x00000136       0x22 hw_include/libdriver.a(sysctl_peripheralenable_.o)
 .comment       0x00000158       0x22 hw_include/libdriver.a(sysctl_pulrcgcregs_.o)
 .comment       0x0000017a       0x22 hw_include/libdriver.a(sysctl_pulxtals_.o)
 .comment       0x0000019c       0x22 hw_include/libdriver.a(gpio_dirmodeset_.o)
 .comment       0x000001be       0x22 hw_include/libdriver.a(gpio_padconfigset_.o)
 .comment       0x000001e0       0x22 hw_include/libdriver.a(i2c_masterenable_.o)
 .comment       0x00000202       0x27 /usr/lib/gcc/arm-none-eabi/13.2.1/../../../arm-none-eabi/lib/thumb/nofp/libc.a(libc_a-memset.o)
 .comment       0x00000202       0x27 /usr/lib/gcc/arm-none-eabi/13.2.1/../../../arm-none-eabi/lib/thumb/nofp/libc.a(libc_a-memcpy-stub.o)

.ARM.attributes
                0x00000000       0x2f
 .ARM.attributes
                0x00000000       0x2d gcc/startup.o
 .ARM.attributes
                0x0000002d       0x2d gcc/main.o
 .ARM.attributes
                0x0000005a       0x2d gcc/list.o
 .ARM.attributes
                0x00000087       0x2d gcc/queue.o
 .ARM.attributes
                0x000000b4       0x2d gcc/tasks.o
 .ARM.attributes
                0x000000e1       0x2d gcc/port.o
 .ARM.attributes
                0x0000010e       0x2d gcc/heap_1.o
 .ARM.attributes
                0x0000013b       0x2d gcc/BlockQ.o
 .ARM.attributes
                0x00000168       0x2d gcc/PollQ.o
 .ARM.attributes
                0x00000195       0x2d gcc/integer.o
 .ARM.attributes
                0x000001c2       0x2d gcc/semtest.o
 .ARM.attributes
                0x000001ef       0x2d gcc/osram96x16.o
 .ARM.attributes
                0x0000021c       0x31 hw_include/libdriver.a(gpio_pintypei2c_.o)
 .ARM.attributes
                0x0000024d       0x31 hw_include/libdriver.a(i2c_mastercontrol_.o)
 .ARM.attributes
                0x0000027e       0x31 hw_include/libdriver.a(i2c_masterdataput_.o)
 .ARM.attributes
                0x000002af       0x31 hw_include/libdriver.a(i2c_masterinit_.o)
 .ARM.attributes
                0x000002e0       0x31 hw_include/libdriver.a(i2c_masterintstatus_.o)
 .ARM.attributes
                0x00000311       0x31 hw_include/libdriver.a(i2c_masterslaveaddrset_.o)
 .ARM.attributes
                0x00000342       0x31 hw_include/libdriver.a(sysctl_clockget_.o)
 .ARM.attributes
                0x00000373       0x31 hw_include/libdriver.a(sysctl_clockset_.o)
 .ARM.attributes
                0x000003a4       0x31 hw_include/libdriver.a(sysctl_peripheralenable_.o)
 .ARM.attributes
                0x000003d5       0x2f hw_include/libdriver.a(sysctl_pulrcgcregs_.o)
 .ARM.attributes
                0x00000404       0x2f hw_include/libdriver.a(sysctl_pulxtals_.o)
 .ARM.attributes
                0x00000433       0x31 hw_include/libdriver.a(gpio_dirmodeset_.o)
 .ARM.attributes
                0x00000464       0x31 hw_include/libdriver.a(gpio_padconfigset_.o)
 .ARM.attributes
                0x00000495       0x31 hw_include/libdriver.a(i2c_masterenable_.o)
 .ARM.attributes
                0x000004c6       0x2a /usr/lib/gcc/arm-none-eabi/13.2.1/../../../arm-none-eabi/lib/thumb/nofp/libc.a(libc_a-memset.o)
 .ARM.attributes
                0x000004f0       0x2a /usr/lib/gcc/arm-none-eabi/13.2.1/../../../arm-none-eabi/lib/thumb/nofp/libc.a(libc_a-memcpy-stub.o)

.debug_frame    0x00000000     0x1304
 .debug_frame   0x00000000       0x7c gcc/startup.o
 .debug_frame   0x0000007c       0xf8 gcc/main.o
 .debug_frame   0x00000174       0xd8 gcc/list.o
 .debug_frame   0x0000024c      0x3ac gcc/queue.o
 .debug_frame   0x000005f8      0x6f8 gcc/tasks.o
 .debug_frame   0x00000cf0      0x160 gcc/port.o
 .debug_frame   0x00000e50       0x9c gcc/heap_1.o
 .debug_frame   0x00000eec       0xa0 gcc/BlockQ.o
 .debug_frame   0x00000f8c       0x9c gcc/PollQ.o
 .debug_frame   0x00001028       0x7c gcc/integer.o
 .debug_frame   0x000010a4       0x80 gcc/semtest.o
 .debug_frame   0x00001124      0x180 gcc/osram96x16.o
 .debug_frame   0x000012a4       0x30 /usr/lib/gcc/arm-none-eabi/13.2.1/../../../arm-none-eabi/lib/thumb/nofp/libc.a(libc_a-memset.o)
 .debug_frame   0x000012d4       0x30 /usr/lib/gcc/arm-none-eabi/13.2.1/../../../arm-none-eabi/lib/thumb/nofp/libc.a(libc_a-memcpy-stub.o)

.debug_loclists
                0x00000000      0x48d
 .debug_loclists
                0x00000000      0x1c6 /usr/lib/gcc/arm-none-eabi/13.2.1/../../../arm-none-eabi/lib/thumb/nofp/libc.a(libc_a-memset.o)
 .debug_loclists
                0x000001c6      0x2c7 /usr/lib/gcc/arm-none-eabi/13.2.1/../../../arm-none-eabi/lib/thumb/nofp/libc.a(libc_a-memcpy-stub.o)
