Archive member included to satisfy reference by file (symbol)

hw_include/libdriver.a(gpio_pintypei2c_.o)
                              gcc/osram96x16.o (GPIOPinTypeI2C)
hw_include/libdriver.a(i2c_mastercontrol_.o)
                              gcc/osram96x16.o (I2CMasterControl)
hw_include/libdriver.a(i2c_masterdataput_.o)
                              gcc/osram96x16.o (I2CMasterDataPut)
hw_include/libdriver.a(i2c_masterinit_.o)
                              gcc/osram96x16.o (I2CMasterInit)
hw_include/libdriver.a(i2c_masterintstatus_.o)
                              gcc/osram96x16.o (I2CMasterIntStatus)
hw_include/libdriver.a(i2c_masterslaveaddrset_.o)
                              gcc/osram96x16.o (I2CMasterSlaveAddrSet)
hw_include/libdriver.a(interrupt_enable_.o)
                              gcc/main.o (IntEnable)
hw_include/libdriver.a(interrupt_masterenable_.o)
                              gcc/main.o (IntMasterEnable)
hw_include/libdriver.a(interrupt_priorityset_.o)
                              gcc/main.o (IntPrioritySet)
hw_include/libdriver.a(interrupt_pulregs_.o)
                              hw_include/libdriver.a(interrupt_priorityset_.o) (g_pulRegs)
hw_include/libdriver.a(sysctl_clockget_.o)
                              hw_include/libdriver.a(i2c_masterinit_.o) (SysCtlClockGet)
hw_include/libdriver.a(sysctl_clockset_.o)
                              gcc/main.o (SysCtlClockSet)
hw_include/libdriver.a(sysctl_peripheralenable_.o)
                              gcc/main.o (SysCtlPeripheralEnable)
hw_include/libdriver.a(sysctl_pulrcgcregs_.o)
                              hw_include/libdriver.a(sysctl_peripheralenable_.o) (g_pulRCGCRegs)
hw_include/libdriver.a(sysctl_pulxtals_.o)
                              hw_include/libdriver.a(sysctl_clockget_.o) (g_pulXtals)
hw_include/libdriver.a(timer_configure_.o)
                              gcc/main.o (TimerConfigure)
hw_include/libdriver.a(timer_enable_.o)
                              gcc/main.o (TimerEnable)
hw_include/libdriver.a(timer_intclear_.o)
                              gcc/main.o (TimerIntClear)
hw_include/libdriver.a(timer_intenable_.o)
                              gcc/main.o (TimerIntEnable)
hw_include/libdriver.a(timer_intregister_.o)
                              gcc/main.o (TimerIntRegister)
hw_include/libdriver.a(timer_loadset_.o)
                              gcc/main.o (TimerLoadSet)
hw_include/libdriver.a(uart_charget_.o)
                              gcc/main.o (UARTCharGet)
hw_include/libdriver.a(uart_charput_.o)
                              gcc/main.o (UARTCharPut)
hw_include/libdriver.a(uart_charsavail_.o)
                              gcc/main.o (UARTCharsAvail)
hw_include/libdriver.a(uart_configset_.o)
                              gcc/main.o (UARTConfigSet)
hw_include/libdriver.a(uart_disable_.o)
                              hw_include/libdriver.a(uart_configset_.o) (UARTDisable)
hw_include/libdriver.a(uart_enable_.o)
                              hw_include/libdriver.a(uart_configset_.o) (UARTEnable)
hw_include/libdriver.a(uart_intclear_.o)
                              gcc/main.o (UARTIntClear)
hw_include/libdriver.a(uart_intenable_.o)
                              gcc/main.o (UARTIntEnable)
hw_include/libdriver.a(uart_intregister_.o)
                              gcc/main.o (UARTIntRegister)
hw_include/libdriver.a(uart_intstatus_.o)
                              gcc/main.o (UARTIntStatus)
hw_include/libdriver.a(cpu_cpsie_.o)
                              hw_include/libdriver.a(interrupt_masterenable_.o) (CPUcpsie)
hw_include/libdriver.a(gpio_dirmodeset_.o)
                              hw_include/libdriver.a(gpio_pintypei2c_.o) (GPIODirModeSet)
hw_include/libdriver.a(gpio_padconfigset_.o)
                              hw_include/libdriver.a(gpio_pintypei2c_.o) (GPIOPadConfigSet)
hw_include/libdriver.a(i2c_masterenable_.o)
                              hw_include/libdriver.a(i2c_masterinit_.o) (I2CMasterEnable)
hw_include/libdriver.a(interrupt_register_.o)
                              hw_include/libdriver.a(timer_intregister_.o) (IntRegister)
hw_include/libdriver.a(interrupt_vtable_.o)
                              hw_include/libdriver.a(interrupt_register_.o) (g_pfnRAMVectors)
/usr/lib/gcc/arm-none-eabi/13.2.1/../../../arm-none-eabi/lib/thumb/nofp/libc.a(libc_a-memset.o)
                              gcc/tasks.o (memset)
/usr/lib/gcc/arm-none-eabi/13.2.1/../../../arm-none-eabi/lib/thumb/nofp/libc.a(libc_a-memcpy-stub.o)
                              gcc/queue.o (memcpy)

There are no discarded input sections

Memory Configuration

Name             Origin             Length             Attributes
FLASH            0x00000000         0x00010000         xr
SRAM             0x20000000         0x00002000         xrw
*default*        0x00000000         0xffffffff

Linker script and memory map


.text           0x00000000     0x4da0
 *(.isr_vector)
 .isr_vector    0x00000000       0xb4 gcc/startup.o
                0x00000000                g_pfnVectors
 *(.text*)
 .text          0x000000b4       0x54 gcc/startup.o
                0x000000b4                ResetISR
 .text          0x00000108      0x6f4 gcc/main.o
                0x00000108                main
                0x0000054c                addValueToSignal
                0x000005d2                intToStr
                0x000006d0                vUART_ISR
                0x00000750                UARTSend
                0x00000784                vSetupHighFrequencyTimer
                0x000007d8                Timer0IntHandler
 .text          0x000007fc      0x15e gcc/list.o
                0x000007fc                vListInitialise
                0x0000083a                vListInitialiseItem
                0x00000852                vListInsertEnd
                0x00000898                vListInsert
                0x00000908                uxListRemove
 *fill*         0x0000095a        0x2 
 .text          0x0000095c      0xc9c gcc/queue.o
                0x0000095c                xQueueGenericReset
                0x00000a44                xQueueGenericCreate
                0x00000b08                xQueueGenericSend
                0x00000c5c                xQueueGenericSendFromISR
                0x00000d26                xQueueGiveFromISR
                0x00000dde                xQueueReceive
                0x00000f24                xQueueSemaphoreTake
                0x00001060                xQueuePeek
                0x000011a8                xQueueReceiveFromISR
                0x0000126a                xQueuePeekFromISR
                0x000012d0                uxQueueMessagesWaiting
                0x000012f0                uxQueueSpacesAvailable
                0x0000131a                uxQueueMessagesWaitingFromISR
                0x00001338                vQueueDelete
                0x00001352                uxQueueGetQueueNumber
                0x00001368                vQueueSetQueueNumber
                0x00001382                ucQueueGetQueueType
                0x0000156e                xQueueIsQueueEmptyFromISR
                0x000015c8                xQueueIsQueueFullFromISR
 .text          0x000015f8     0x1c90 gcc/tasks.o
                0x000015f8                xTaskCreate
                0x0000188c                xTaskDelayUntil
                0x00001930                vTaskDelay
                0x00001978                eTaskGetState
                0x000019e0                vTaskStartScheduler
                0x00001a60                vTaskEndScheduler
                0x00001a90                vTaskSuspendAll
                0x00001aac                xTaskResumeAll
                0x00001c84                xTaskGetTickCount
                0x00001ca0                xTaskGetTickCountFromISR
                0x00001cc0                uxTaskGetNumberOfTasks
                0x00001cd4                pcTaskGetName
                0x00001dda                xTaskGetHandle
                0x00001e5c                uxTaskGetSystemState
                0x00001f30                xTaskCatchUpTicks
                0x00001f64                xTaskIncrementTick
                0x00002170                vTaskSwitchContext
                0x00002238                vTaskPlaceOnEventList
                0x00002264                vTaskPlaceOnUnorderedEventList
                0x000022d4                xTaskRemoveFromEventList
                0x00002464                vTaskRemoveFromUnorderedEventList
                0x000025a4                vTaskSetTimeOutState
                0x000025d4                vTaskInternalSetTimeOutState
                0x00002600                xTaskCheckForTimeOut
                0x00002684                vTaskMissedYield
                0x0000269c                uxTaskGetTaskNumber
                0x000026c6                vTaskSetTaskNumber
                0x00002770                vTaskGetInfo
                0x000028fa                uxTaskGetStackHighWaterMark
                0x00002964                xTaskGetCurrentTaskHandle
                0x00002980                uxTaskResetEventItemValue
                0x000029b0                ulTaskGenericNotifyTake
                0x00002a6c                xTaskGenericNotifyWait
                0x00002b58                xTaskGenericNotify
                0x00002d28                xTaskGenericNotifyFromISR
                0x00002f70                vTaskGenericNotifyGiveFromISR
                0x00003128                xTaskGenericNotifyStateClear
                0x00003180                ulTaskGenericNotifyValueClear
 *fill*         0x00003288        0x8 
 .text          0x00003290      0x250 gcc/port.o
                0x00003290                pxPortInitialiseStack
                0x0000331a                vPortSVCHandler
                0x00003366                xPortStartScheduler
                0x000033a8                vPortEndScheduler
                0x000033b4                vPortEnterCritical
                0x000033e8                vPortExitCritical
                0x0000341c                xPortPendSVHandler
                0x00003466                xPortSysTickHandler
                0x000034ac                vPortSetupTimerInterrupt
 .text          0x000034e0       0xe8 gcc/heap_1.o
                0x000034e0                pvPortMalloc
                0x00003584                vPortFree
                0x00003596                vPortInitialiseBlocks
                0x000035ac                xPortGetFreeHeapSize
 .text          0x000035c8      0x2dc gcc/BlockQ.o
                0x000035c8                vStartBlockingQueueTasks
                0x00003812                xAreBlockingQueuesStillRunning
 .text          0x000038a4      0x184 gcc/PollQ.o
                0x000038a4                vStartPolledQueueTasks
                0x000039e8                xArePollingQueuesStillRunning
 .text          0x00003a28      0x114 gcc/integer.o
                0x00003a28                vStartIntegerMathTasks
                0x00003ae8                xAreIntegerMathsTaskStillRunning
 .text          0x00003b3c      0x290 gcc/semtest.o
                0x00003b3c                vStartSemaphoreTasks
                0x00003d70                xAreSemaphoreTasksStillRunning
 .text          0x00003dcc      0x4c0 gcc/osram96x16.o
                0x00003f0c                OSRAMClear
                0x00003f7c                OSRAMStringDraw
                0x00004084                OSRAMImageDraw
                0x0000412a                OSRAMInit
                0x000041ec                OSRAMDisplayOn
                0x00004260                OSRAMDisplayOff
 .text          0x0000428c       0x20 hw_include/libdriver.a(gpio_pintypei2c_.o)
                0x0000428c                GPIOPinTypeI2C
 .text          0x000042ac        0x4 hw_include/libdriver.a(i2c_mastercontrol_.o)
                0x000042ac                I2CMasterControl
 .text          0x000042b0        0x4 hw_include/libdriver.a(i2c_masterdataput_.o)
                0x000042b0                I2CMasterDataPut
 .text          0x000042b4       0x34 hw_include/libdriver.a(i2c_masterinit_.o)
                0x000042b4                I2CMasterInit
 .text          0x000042e8       0x18 hw_include/libdriver.a(i2c_masterintstatus_.o)
                0x000042e8                I2CMasterIntStatus
 .text          0x00004300        0x8 hw_include/libdriver.a(i2c_masterslaveaddrset_.o)
                0x00004300                I2CMasterSlaveAddrSet
 .text          0x00004308       0x5c hw_include/libdriver.a(interrupt_enable_.o)
                0x00004308                IntEnable
 .text          0x00004364        0xc hw_include/libdriver.a(interrupt_masterenable_.o)
                0x00004364                IntMasterEnable
 .text          0x00004370       0x30 hw_include/libdriver.a(interrupt_priorityset_.o)
                0x00004370                IntPrioritySet
 .text          0x000043a0        0x0 hw_include/libdriver.a(interrupt_pulregs_.o)
 .text          0x000043a0       0x90 hw_include/libdriver.a(sysctl_clockget_.o)
                0x000043a0                SysCtlClockGet
 .text          0x00004430       0xcc hw_include/libdriver.a(sysctl_clockset_.o)
                0x00004430                SysCtlClockSet
 .text          0x000044fc       0x1c hw_include/libdriver.a(sysctl_peripheralenable_.o)
                0x000044fc                SysCtlPeripheralEnable
 .text          0x00004518        0x0 hw_include/libdriver.a(sysctl_pulrcgcregs_.o)
 .text          0x00004518        0x0 hw_include/libdriver.a(sysctl_pulxtals_.o)
 .text          0x00004518       0x20 hw_include/libdriver.a(timer_configure_.o)
                0x00004518                TimerConfigure
 .text          0x00004538       0x10 hw_include/libdriver.a(timer_enable_.o)
                0x00004538                TimerEnable
 .text          0x00004548        0x4 hw_include/libdriver.a(timer_intclear_.o)
                0x00004548                TimerIntClear
 .text          0x0000454c        0x8 hw_include/libdriver.a(timer_intenable_.o)
                0x0000454c                TimerIntEnable
 .text          0x00004554       0x50 hw_include/libdriver.a(timer_intregister_.o)
                0x00004554                TimerIntRegister
 .text          0x000045a4       0x14 hw_include/libdriver.a(timer_loadset_.o)
                0x000045a4                TimerLoadSet
 .text          0x000045b8       0x10 hw_include/libdriver.a(uart_charget_.o)
                0x000045b8                UARTCharGet
 .text          0x000045c8       0x10 hw_include/libdriver.a(uart_charput_.o)
                0x000045c8                UARTCharPut
 .text          0x000045d8       0x10 hw_include/libdriver.a(uart_charsavail_.o)
                0x000045d8                UARTCharsAvail
 .text          0x000045e8       0x38 hw_include/libdriver.a(uart_configset_.o)
                0x000045e8                UARTConfigSet
 .text          0x00004620       0x24 hw_include/libdriver.a(uart_disable_.o)
                0x00004620                UARTDisable
 .text          0x00004644       0x18 hw_include/libdriver.a(uart_enable_.o)
                0x00004644                UARTEnable
 .text          0x0000465c        0x4 hw_include/libdriver.a(uart_intclear_.o)
                0x0000465c                UARTIntClear
 .text          0x00004660        0x8 hw_include/libdriver.a(uart_intenable_.o)
                0x00004660                UARTIntEnable
 .text          0x00004668       0x20 hw_include/libdriver.a(uart_intregister_.o)
                0x00004668                UARTIntRegister
 .text          0x00004688        0xc hw_include/libdriver.a(uart_intstatus_.o)
                0x00004688                UARTIntStatus
 .text          0x00004694        0x4 hw_include/libdriver.a(cpu_cpsie_.o)
                0x00004694                CPUcpsie
 .text          0x00004698       0x48 hw_include/libdriver.a(gpio_dirmodeset_.o)
                0x00004698                GPIODirModeSet
 .text          0x000046e0      0x11c hw_include/libdriver.a(gpio_padconfigset_.o)
                0x000046e0                GPIOPadConfigSet
 .text          0x000047fc        0xc hw_include/libdriver.a(i2c_masterenable_.o)
                0x000047fc                I2CMasterEnable
 .text          0x00004808       0x3c hw_include/libdriver.a(interrupt_register_.o)
                0x00004808                IntRegister
 .text          0x00004844        0x0 hw_include/libdriver.a(interrupt_vtable_.o)
 .text          0x00004844       0xb0 /usr/lib/gcc/arm-none-eabi/13.2.1/../../../arm-none-eabi/lib/thumb/nofp/libc.a(libc_a-memset.o)
                0x00004844                memset
 .text          0x000048f4       0x90 /usr/lib/gcc/arm-none-eabi/13.2.1/../../../arm-none-eabi/lib/thumb/nofp/libc.a(libc_a-memcpy-stub.o)
                0x000048f4                memcpy
 *(.rodata*)
 .rodata        0x00004984       0xdb gcc/main.o
 *fill*         0x00004a5f        0x1 
 .rodata        0x00004a60        0x9 gcc/tasks.o
                0x00004a60                uxTopUsedPriority
 *fill*         0x00004a69        0x3 
 .rodata        0x00004a6c       0x30 gcc/BlockQ.o
 .rodata        0x00004a9c       0x10 gcc/PollQ.o
 .rodata        0x00004aac        0x8 gcc/integer.o
 .rodata        0x00004ab4       0x20 gcc/semtest.o
 .rodata        0x00004ad4      0x25e gcc/osram96x16.o
 *fill*         0x00004d32        0x2 
 .rodata        0x00004d34       0x30 hw_include/libdriver.a(interrupt_pulregs_.o)
                0x00004d34                g_pulRegs
 .rodata        0x00004d64        0xc hw_include/libdriver.a(sysctl_pulrcgcregs_.o)
                0x00004d64                g_pulRCGCRegs
 .rodata        0x00004d70       0x30 hw_include/libdriver.a(sysctl_pulxtals_.o)
                0x00004d70                g_pulXtals
                0x00004da0                        _etext = .

.glue_7         0x00004da0        0x0
 .glue_7        0x00004da0        0x0 linker stubs

.glue_7t        0x00004da0        0x0
 .glue_7t       0x00004da0        0x0 linker stubs

.vfp11_veneer   0x00004da0        0x0
 .vfp11_veneer  0x00004da0        0x0 linker stubs

.v4_bx          0x00004da0        0x0
 .v4_bx         0x00004da0        0x0 linker stubs

.iplt           0x00004da0        0x0
 .iplt          0x00004da0        0x0 gcc/startup.o

.rel.dyn        0x00004da0        0x0
 .rel.iplt      0x00004da0        0x0 gcc/startup.o

.data           0x20000000       0xc0 load address 0x00004da0
                0x20000000                        _data = .
 *(vtable)
 vtable         0x20000000       0xb8 hw_include/libdriver.a(interrupt_vtable_.o)
                0x20000000                g_pfnRAMVectors
 *(.data)
 .data          0x200000b8        0x0 gcc/startup.o
 .data          0x200000b8        0x4 gcc/main.o
                0x200000b8                N
 .data          0x200000bc        0x0 gcc/list.o
 .data          0x200000bc        0x0 gcc/queue.o
 .data          0x200000bc        0x0 gcc/tasks.o
 .data          0x200000bc        0x4 gcc/port.o
 .data          0x200000c0        0x0 gcc/heap_1.o
 .data          0x200000c0        0x0 gcc/BlockQ.o
 .data          0x200000c0        0x0 gcc/PollQ.o
 .data          0x200000c0        0x0 gcc/integer.o
 .data          0x200000c0        0x0 gcc/semtest.o
 .data          0x200000c0        0x0 gcc/osram96x16.o
 .data          0x200000c0        0x0 hw_include/libdriver.a(gpio_pintypei2c_.o)
 .data          0x200000c0        0x0 hw_include/libdriver.a(i2c_mastercontrol_.o)
 .data          0x200000c0        0x0 hw_include/libdriver.a(i2c_masterdataput_.o)
 .data          0x200000c0        0x0 hw_include/libdriver.a(i2c_masterinit_.o)
 .data          0x200000c0        0x0 hw_include/libdriver.a(i2c_masterintstatus_.o)
 .data          0x200000c0        0x0 hw_include/libdriver.a(i2c_masterslaveaddrset_.o)
 .data          0x200000c0        0x0 hw_include/libdriver.a(interrupt_enable_.o)
 .data          0x200000c0        0x0 hw_include/libdriver.a(interrupt_masterenable_.o)
 .data          0x200000c0        0x0 hw_include/libdriver.a(interrupt_priorityset_.o)
 .data          0x200000c0        0x0 hw_include/libdriver.a(interrupt_pulregs_.o)
 .data          0x200000c0        0x0 hw_include/libdriver.a(sysctl_clockget_.o)
 .data          0x200000c0        0x0 hw_include/libdriver.a(sysctl_clockset_.o)
 .data          0x200000c0        0x0 hw_include/libdriver.a(sysctl_peripheralenable_.o)
 .data          0x200000c0        0x0 hw_include/libdriver.a(sysctl_pulrcgcregs_.o)
 .data          0x200000c0        0x0 hw_include/libdriver.a(sysctl_pulxtals_.o)
 .data          0x200000c0        0x0 hw_include/libdriver.a(timer_configure_.o)
 .data          0x200000c0        0x0 hw_include/libdriver.a(timer_enable_.o)
 .data          0x200000c0        0x0 hw_include/libdriver.a(timer_intclear_.o)
 .data          0x200000c0        0x0 hw_include/libdriver.a(timer_intenable_.o)
 .data          0x200000c0        0x0 hw_include/libdriver.a(timer_intregister_.o)
 .data          0x200000c0        0x0 hw_include/libdriver.a(timer_loadset_.o)
 .data          0x200000c0        0x0 hw_include/libdriver.a(uart_charget_.o)
 .data          0x200000c0        0x0 hw_include/libdriver.a(uart_charput_.o)
 .data          0x200000c0        0x0 hw_include/libdriver.a(uart_charsavail_.o)
 .data          0x200000c0        0x0 hw_include/libdriver.a(uart_configset_.o)
 .data          0x200000c0        0x0 hw_include/libdriver.a(uart_disable_.o)
 .data          0x200000c0        0x0 hw_include/libdriver.a(uart_enable_.o)
 .data          0x200000c0        0x0 hw_include/libdriver.a(uart_intclear_.o)
 .data          0x200000c0        0x0 hw_include/libdriver.a(uart_intenable_.o)
 .data          0x200000c0        0x0 hw_include/libdriver.a(uart_intregister_.o)
 .data          0x200000c0        0x0 hw_include/libdriver.a(uart_intstatus_.o)
 .data          0x200000c0        0x0 hw_include/libdriver.a(cpu_cpsie_.o)
 .data          0x200000c0        0x0 hw_include/libdriver.a(gpio_dirmodeset_.o)
 .data          0x200000c0        0x0 hw_include/libdriver.a(gpio_padconfigset_.o)
 .data          0x200000c0        0x0 hw_include/libdriver.a(i2c_masterenable_.o)
 .data          0x200000c0        0x0 hw_include/libdriver.a(interrupt_register_.o)
 .data          0x200000c0        0x0 hw_include/libdriver.a(interrupt_vtable_.o)
 .data          0x200000c0        0x0 /usr/lib/gcc/arm-none-eabi/13.2.1/../../../arm-none-eabi/lib/thumb/nofp/libc.a(libc_a-memset.o)
 .data          0x200000c0        0x0 /usr/lib/gcc/arm-none-eabi/13.2.1/../../../arm-none-eabi/lib/thumb/nofp/libc.a(libc_a-memcpy-stub.o)
                0x200000c0                        _edata = .

.igot.plt       0x200000c0        0x0 load address 0x00004e60
 .igot.plt      0x200000c0        0x0 gcc/startup.o

.bss            0x200000c0     0x1f20 load address 0x00004e60
                0x200000c0                        _bss = .
 *(.bss)
 .bss           0x200000c0      0x100 gcc/startup.o
 .bss           0x200001c0      0x198 gcc/main.o
                0x200001c0                ulHighFrequencyTimerTicks
                0x200001c4                xSensorQueue
                0x200001c8                xDisplayQueue
                0x200001cc                xFilterQueue
 .bss           0x20000358        0x0 gcc/list.o
 .bss           0x20000358        0x0 gcc/queue.o
 .bss           0x20000358       0xe0 gcc/tasks.o
                0x20000358                pxCurrentTCB
 .bss           0x20000438        0x0 gcc/port.o
 .bss           0x20000438     0x1b60 gcc/heap_1.o
 .bss           0x20001f98       0x1e gcc/BlockQ.o
 *fill*         0x20001fb6        0x2 
 .bss           0x20001fb8        0xc gcc/PollQ.o
 .bss           0x20001fc4        0x4 gcc/integer.o
 .bss           0x20001fc8       0x14 gcc/semtest.o
 .bss           0x20001fdc        0x4 gcc/osram96x16.o
 .bss           0x20001fe0        0x0 hw_include/libdriver.a(gpio_pintypei2c_.o)
 .bss           0x20001fe0        0x0 hw_include/libdriver.a(i2c_mastercontrol_.o)
 .bss           0x20001fe0        0x0 hw_include/libdriver.a(i2c_masterdataput_.o)
 .bss           0x20001fe0        0x0 hw_include/libdriver.a(i2c_masterinit_.o)
 .bss           0x20001fe0        0x0 hw_include/libdriver.a(i2c_masterintstatus_.o)
 .bss           0x20001fe0        0x0 hw_include/libdriver.a(i2c_masterslaveaddrset_.o)
 .bss           0x20001fe0        0x0 hw_include/libdriver.a(interrupt_enable_.o)
 .bss           0x20001fe0        0x0 hw_include/libdriver.a(interrupt_masterenable_.o)
 .bss           0x20001fe0        0x0 hw_include/libdriver.a(interrupt_priorityset_.o)
 .bss           0x20001fe0        0x0 hw_include/libdriver.a(interrupt_pulregs_.o)
 .bss           0x20001fe0        0x0 hw_include/libdriver.a(sysctl_clockget_.o)
 .bss           0x20001fe0        0x0 hw_include/libdriver.a(sysctl_clockset_.o)
 .bss           0x20001fe0        0x0 hw_include/libdriver.a(sysctl_peripheralenable_.o)
 .bss           0x20001fe0        0x0 hw_include/libdriver.a(sysctl_pulrcgcregs_.o)
 .bss           0x20001fe0        0x0 hw_include/libdriver.a(sysctl_pulxtals_.o)
 .bss           0x20001fe0        0x0 hw_include/libdriver.a(timer_configure_.o)
 .bss           0x20001fe0        0x0 hw_include/libdriver.a(timer_enable_.o)
 .bss           0x20001fe0        0x0 hw_include/libdriver.a(timer_intclear_.o)
 .bss           0x20001fe0        0x0 hw_include/libdriver.a(timer_intenable_.o)
 .bss           0x20001fe0        0x0 hw_include/libdriver.a(timer_intregister_.o)
 .bss           0x20001fe0        0x0 hw_include/libdriver.a(timer_loadset_.o)
 .bss           0x20001fe0        0x0 hw_include/libdriver.a(uart_charget_.o)
 .bss           0x20001fe0        0x0 hw_include/libdriver.a(uart_charput_.o)
 .bss           0x20001fe0        0x0 hw_include/libdriver.a(uart_charsavail_.o)
 .bss           0x20001fe0        0x0 hw_include/libdriver.a(uart_configset_.o)
 .bss           0x20001fe0        0x0 hw_include/libdriver.a(uart_disable_.o)
 .bss           0x20001fe0        0x0 hw_include/libdriver.a(uart_enable_.o)
 .bss           0x20001fe0        0x0 hw_include/libdriver.a(uart_intclear_.o)
 .bss           0x20001fe0        0x0 hw_include/libdriver.a(uart_intenable_.o)
 .bss           0x20001fe0        0x0 hw_include/libdriver.a(uart_intregister_.o)
 .bss           0x20001fe0        0x0 hw_include/libdriver.a(uart_intstatus_.o)
 .bss           0x20001fe0        0x0 hw_include/libdriver.a(cpu_cpsie_.o)
 .bss           0x20001fe0        0x0 hw_include/libdriver.a(gpio_dirmodeset_.o)
 .bss           0x20001fe0        0x0 hw_include/libdriver.a(gpio_padconfigset_.o)
 .bss           0x20001fe0        0x0 hw_include/libdriver.a(i2c_masterenable_.o)
 .bss           0x20001fe0        0x0 hw_include/libdriver.a(interrupt_register_.o)
 .bss           0x20001fe0        0x0 hw_include/libdriver.a(interrupt_vtable_.o)
 .bss           0x20001fe0        0x0 /usr/lib/gcc/arm-none-eabi/13.2.1/../../../arm-none-eabi/lib/thumb/nofp/libc.a(libc_a-memset.o)
 .bss           0x20001fe0        0x0 /usr/lib/gcc/arm-none-eabi/13.2.1/../../../arm-none-eabi/lib/thumb/nofp/libc.a(libc_a-memcpy-stub.o)
 *(COMMON)
                0x20001fe0                        _ebss = .
LOAD gcc/startup.o
LOAD gcc/main.o
LOAD gcc/list.o
LOAD gcc/queue.o
LOAD gcc/tasks.o
LOAD gcc/port.o
LOAD gcc/heap_1.o
LOAD gcc/BlockQ.o
LOAD gcc/PollQ.o
LOAD gcc/integer.o
LOAD gcc/semtest.o
LOAD gcc/osram96x16.o
LOAD hw_include/libdriver.a
LOAD /usr/lib/gcc/arm-none-eabi/13.2.1/../../../arm-none-eabi/lib/thumb/nofp/libc.a
LOAD /usr/lib/gcc/arm-none-eabi/13.2.1/thumb/nofp/libgcc.a
OUTPUT(gcc/RTOSDemo.axf elf32-littlearm)
LOAD linker stubs

.debug_info     0x00000000     0x4ee8
 .debug_info    0x00000000      0x13b gcc/startup.o
 .debug_info    0x0000013b      0x930 gcc/main.o
 .debug_info    0x00000a6b      0x29f gcc/list.o
 .debug_info    0x00000d0a      0xf9b gcc/queue.o
 .debug_info    0x00001ca5     0x1a48 gcc/tasks.o
 .debug_info    0x000036ed      0x2d7 gcc/port.o
 .debug_info    0x000039c4      0x18e gcc/heap_1.o
 .debug_info    0x00003b52      0x44e gcc/BlockQ.o
 .debug_info    0x00003fa0      0x33e gcc/PollQ.o
 .debug_info    0x000042de      0x217 gcc/integer.o
 .debug_info    0x000044f5      0x3d5 gcc/semtest.o
 .debug_info    0x000048ca      0x397 gcc/osram96x16.o
 .debug_info    0x00004c61      0x135 /usr/lib/gcc/arm-none-eabi/13.2.1/../../../arm-none-eabi/lib/thumb/nofp/libc.a(libc_a-memset.o)
 .debug_info    0x00004d96      0x152 /usr/lib/gcc/arm-none-eabi/13.2.1/../../../arm-none-eabi/lib/thumb/nofp/libc.a(libc_a-memcpy-stub.o)

.debug_abbrev   0x00000000     0x1617
 .debug_abbrev  0x00000000       0xee gcc/startup.o
 .debug_abbrev  0x000000ee      0x2e4 gcc/main.o
 .debug_abbrev  0x000003d2       0xf3 gcc/list.o
 .debug_abbrev  0x000004c5      0x2bc gcc/queue.o
 .debug_abbrev  0x00000781      0x37c gcc/tasks.o
 .debug_abbrev  0x00000afd      0x20a gcc/port.o
 .debug_abbrev  0x00000d07      0x121 gcc/heap_1.o
 .debug_abbrev  0x00000e28      0x161 gcc/BlockQ.o
 .debug_abbrev  0x00000f89      0x12c gcc/PollQ.o
 .debug_abbrev  0x000010b5      0x122 gcc/integer.o
 .debug_abbrev  0x000011d7      0x189 gcc/semtest.o
 .debug_abbrev  0x00001360      0x136 gcc/osram96x16.o
 .debug_abbrev  0x00001496       0xb7 /usr/lib/gcc/arm-none-eabi/13.2.1/../../../arm-none-eabi/lib/thumb/nofp/libc.a(libc_a-memset.o)
 .debug_abbrev  0x0000154d       0xca /usr/lib/gcc/arm-none-eabi/13.2.1/../../../arm-none-eabi/lib/thumb/nofp/libc.a(libc_a-memcpy-stub.o)

.debug_aranges  0x00000000      0x1c0
 .debug_aranges
                0x00000000       0x20 gcc/startup.o
 .debug_aranges
                0x00000020       0x20 gcc/main.o
 .debug_aranges
                0x00000040       0x20 gcc/list.o
 .debug_aranges
                0x00000060       0x20 gcc/queue.o
 .debug_aranges
                0x00000080       0x20 gcc/tasks.o
 .debug_aranges
                0x000000a0       0x20 gcc/port.o
 .debug_aranges
                0x000000c0       0x20 gcc/heap_1.o
 .debug_aranges
                0x000000e0       0x20 gcc/BlockQ.o
 .debug_aranges
                0x00000100       0x20 gcc/PollQ.o
 .debug_aranges
                0x00000120       0x20 gcc/integer.o
 .debug_aranges
                0x00000140       0x20 gcc/semtest.o
 .debug_aranges
                0x00000160       0x20 gcc/osram96x16.o
 .debug_aranges
                0x00000180       0x20 /usr/lib/gcc/arm-none-eabi/13.2.1/../../../arm-none-eabi/lib/thumb/nofp/libc.a(libc_a-memset.o)
 .debug_aranges
                0x000001a0       0x20 /usr/lib/gcc/arm-none-eabi/13.2.1/../../../arm-none-eabi/lib/thumb/nofp/libc.a(libc_a-memcpy-stub.o)

.debug_line     0x00000000     0x2b7a
 .debug_line    0x00000000       0x7b gcc/startup.o
 .debug_line    0x0000007b      0x439 gcc/main.o
 .debug_line    0x000004b4      0x196 gcc/list.o
 .debug_line    0x0000064a      0x82b gcc/queue.o
 .debug_line    0x00000e75      0xbb3 gcc/tasks.o
 .debug_line    0x00001a28      0x208 gcc/port.o
 .debug_line    0x00001c30      0x150 gcc/heap_1.o
 .debug_line    0x00001d80      0x23b gcc/BlockQ.o
 .debug_line    0x00001fbb      0x1b9 gcc/PollQ.o
 .debug_line    0x00002174      0x164 gcc/integer.o
 .debug_line    0x000022d8      0x24b gcc/semtest.o
 .debug_line    0x00002523      0x2b9 gcc/osram96x16.o
 .debug_line    0x000027dc      0x1bd /usr/lib/gcc/arm-none-eabi/13.2.1/../../../arm-none-eabi/lib/thumb/nofp/libc.a(libc_a-memset.o)
 .debug_line    0x00002999      0x1e1 /usr/lib/gcc/arm-none-eabi/13.2.1/../../../arm-none-eabi/lib/thumb/nofp/libc.a(libc_a-memcpy-stub.o)

.debug_str      0x00000000     0x1ece
 .debug_str     0x00000000     0x1ece gcc/startup.o
                                0x175 (size before relaxing)
 .debug_str     0x00001ece      0x647 gcc/main.o
 .debug_str     0x00001ece      0x278 gcc/list.o
 .debug_str     0x00001ece      0x813 gcc/queue.o
 .debug_str     0x00001ece      0xf58 gcc/tasks.o
 .debug_str     0x00001ece      0x302 gcc/port.o
 .debug_str     0x00001ece      0x200 gcc/heap_1.o
 .debug_str     0x00001ece      0x439 gcc/BlockQ.o
 .debug_str     0x00001ece      0x32e gcc/PollQ.o
 .debug_str     0x00001ece      0x25c gcc/integer.o
 .debug_str     0x00001ece      0x3ce gcc/semtest.o
 .debug_str     0x00001ece      0x274 gcc/osram96x16.o
 .debug_str     0x00001ece      0x1a6 /usr/lib/gcc/arm-none-eabi/13.2.1/../../../arm-none-eabi/lib/thumb/nofp/libc.a(libc_a-memset.o)
 .debug_str     0x00001ece      0x1c3 /usr/lib/gcc/arm-none-eabi/13.2.1/../../../arm-none-eabi/lib/thumb/nofp/libc.a(libc_a-memcpy-stub.o)

.comment        0x00000000      0x4ee
 .comment       0x00000000       0x26 gcc/startup.o
                                 0x27 (size before relaxing)
 .comment       0x00000026       0x27 gcc/main.o
 .comment       0x00000026       0x27 gcc/list.o
 .comment       0x00000026       0x27 gcc/queue.o
 .comment       0x00000026       0x27 gcc/tasks.o
 .comment       0x00000026       0x27 gcc/port.o
 .comment       0x00000026       0x27 gcc/heap_1.o
 .comment       0x00000026       0x27 gcc/BlockQ.o
 .comment       0x00000026       0x27 gcc/PollQ.o
 .comment       0x00000026       0x27 gcc/integer.o
 .comment       0x00000026       0x27 gcc/semtest.o
 .comment       0x00000026       0x27 gcc/osram96x16.o
 .comment       0x00000026       0x22 hw_include/libdriver.a(gpio_pintypei2c_.o)
 .comment       0x00000048       0x22 hw_include/libdriver.a(i2c_mastercontrol_.o)
 .comment       0x0000006a       0x22 hw_include/libdriver.a(i2c_masterdataput_.o)
 .comment       0x0000008c       0x22 hw_include/libdriver.a(i2c_masterinit_.o)
 .comment       0x000000ae       0x22 hw_include/libdriver.a(i2c_masterintstatus_.o)
 .comment       0x000000d0       0x22 hw_include/libdriver.a(i2c_masterslaveaddrset_.o)
 .comment       0x000000f2       0x22 hw_include/libdriver.a(interrupt_enable_.o)
 .comment       0x00000114       0x22 hw_include/libdriver.a(interrupt_masterenable_.o)
 .comment       0x00000136       0x22 hw_include/libdriver.a(interrupt_priorityset_.o)
 .comment       0x00000158       0x22 hw_include/libdriver.a(interrupt_pulregs_.o)
 .comment       0x0000017a       0x22 hw_include/libdriver.a(sysctl_clockget_.o)
 .comment       0x0000019c       0x22 hw_include/libdriver.a(sysctl_clockset_.o)
 .comment       0x000001be       0x22 hw_include/libdriver.a(sysctl_peripheralenable_.o)
 .comment       0x000001e0       0x22 hw_include/libdriver.a(sysctl_pulrcgcregs_.o)
 .comment       0x00000202       0x22 hw_include/libdriver.a(sysctl_pulxtals_.o)
 .comment       0x00000224       0x22 hw_include/libdriver.a(timer_configure_.o)
 .comment       0x00000246       0x22 hw_include/libdriver.a(timer_enable_.o)
 .comment       0x00000268       0x22 hw_include/libdriver.a(timer_intclear_.o)
 .comment       0x0000028a       0x22 hw_include/libdriver.a(timer_intenable_.o)
 .comment       0x000002ac       0x22 hw_include/libdriver.a(timer_intregister_.o)
 .comment       0x000002ce       0x22 hw_include/libdriver.a(timer_loadset_.o)
 .comment       0x000002f0       0x22 hw_include/libdriver.a(uart_charget_.o)
 .comment       0x00000312       0x22 hw_include/libdriver.a(uart_charput_.o)
 .comment       0x00000334       0x22 hw_include/libdriver.a(uart_charsavail_.o)
 .comment       0x00000356       0x22 hw_include/libdriver.a(uart_configset_.o)
 .comment       0x00000378       0x22 hw_include/libdriver.a(uart_disable_.o)
 .comment       0x0000039a       0x22 hw_include/libdriver.a(uart_enable_.o)
 .comment       0x000003bc       0x22 hw_include/libdriver.a(uart_intclear_.o)
 .comment       0x000003de       0x22 hw_include/libdriver.a(uart_intenable_.o)
 .comment       0x00000400       0x22 hw_include/libdriver.a(uart_intregister_.o)
 .comment       0x00000422       0x22 hw_include/libdriver.a(uart_intstatus_.o)
 .comment       0x00000444       0x22 hw_include/libdriver.a(gpio_dirmodeset_.o)
 .comment       0x00000466       0x22 hw_include/libdriver.a(gpio_padconfigset_.o)
 .comment       0x00000488       0x22 hw_include/libdriver.a(i2c_masterenable_.o)
 .comment       0x000004aa       0x22 hw_include/libdriver.a(interrupt_register_.o)
 .comment       0x000004cc       0x22 hw_include/libdriver.a(interrupt_vtable_.o)
 .comment       0x000004ee       0x27 /usr/lib/gcc/arm-none-eabi/13.2.1/../../../arm-none-eabi/lib/thumb/nofp/libc.a(libc_a-memset.o)
 .comment       0x000004ee       0x27 /usr/lib/gcc/arm-none-eabi/13.2.1/../../../arm-none-eabi/lib/thumb/nofp/libc.a(libc_a-memcpy-stub.o)

.ARM.attributes
                0x00000000       0x2d
 .ARM.attributes
                0x00000000       0x2d gcc/startup.o
 .ARM.attributes
                0x0000002d       0x2d gcc/main.o
 .ARM.attributes
                0x0000005a       0x2d gcc/list.o
 .ARM.attributes
                0x00000087       0x2d gcc/queue.o
 .ARM.attributes
                0x000000b4       0x2d gcc/tasks.o
 .ARM.attributes
                0x000000e1       0x2d gcc/port.o
 .ARM.attributes
                0x0000010e       0x2d gcc/heap_1.o
 .ARM.attributes
                0x0000013b       0x2d gcc/BlockQ.o
 .ARM.attributes
                0x00000168       0x2d gcc/PollQ.o
 .ARM.attributes
                0x00000195       0x2d gcc/integer.o
 .ARM.attributes
                0x000001c2       0x2d gcc/semtest.o
 .ARM.attributes
                0x000001ef       0x2d gcc/osram96x16.o
 .ARM.attributes
                0x0000021c       0x31 hw_include/libdriver.a(gpio_pintypei2c_.o)
 .ARM.attributes
                0x0000024d       0x31 hw_include/libdriver.a(i2c_mastercontrol_.o)
 .ARM.attributes
                0x0000027e       0x31 hw_include/libdriver.a(i2c_masterdataput_.o)
 .ARM.attributes
                0x000002af       0x31 hw_include/libdriver.a(i2c_masterinit_.o)
 .ARM.attributes
                0x000002e0       0x31 hw_include/libdriver.a(i2c_masterintstatus_.o)
 .ARM.attributes
                0x00000311       0x31 hw_include/libdriver.a(i2c_masterslaveaddrset_.o)
 .ARM.attributes
                0x00000342       0x31 hw_include/libdriver.a(interrupt_enable_.o)
 .ARM.attributes
                0x00000373       0x31 hw_include/libdriver.a(interrupt_masterenable_.o)
 .ARM.attributes
                0x000003a4       0x31 hw_include/libdriver.a(interrupt_priorityset_.o)
 .ARM.attributes
                0x000003d5       0x2f hw_include/libdriver.a(interrupt_pulregs_.o)
 .ARM.attributes
                0x00000404       0x31 hw_include/libdriver.a(sysctl_clockget_.o)
 .ARM.attributes
                0x00000435       0x31 hw_include/libdriver.a(sysctl_clockset_.o)
 .ARM.attributes
                0x00000466       0x31 hw_include/libdriver.a(sysctl_peripheralenable_.o)
 .ARM.attributes
                0x00000497       0x2f hw_include/libdriver.a(sysctl_pulrcgcregs_.o)
 .ARM.attributes
                0x000004c6       0x2f hw_include/libdriver.a(sysctl_pulxtals_.o)
 .ARM.attributes
                0x000004f5       0x31 hw_include/libdriver.a(timer_configure_.o)
 .ARM.attributes
                0x00000526       0x31 hw_include/libdriver.a(timer_enable_.o)
 .ARM.attributes
                0x00000557       0x31 hw_include/libdriver.a(timer_intclear_.o)
 .ARM.attributes
                0x00000588       0x31 hw_include/libdriver.a(timer_intenable_.o)
 .ARM.attributes
                0x000005b9       0x31 hw_include/libdriver.a(timer_intregister_.o)
 .ARM.attributes
                0x000005ea       0x31 hw_include/libdriver.a(timer_loadset_.o)
 .ARM.attributes
                0x0000061b       0x31 hw_include/libdriver.a(uart_charget_.o)
 .ARM.attributes
                0x0000064c       0x31 hw_include/libdriver.a(uart_charput_.o)
 .ARM.attributes
                0x0000067d       0x31 hw_include/libdriver.a(uart_charsavail_.o)
 .ARM.attributes
                0x000006ae       0x31 hw_include/libdriver.a(uart_configset_.o)
 .ARM.attributes
                0x000006df       0x31 hw_include/libdriver.a(uart_disable_.o)
 .ARM.attributes
                0x00000710       0x31 hw_include/libdriver.a(uart_enable_.o)
 .ARM.attributes
                0x00000741       0x31 hw_include/libdriver.a(uart_intclear_.o)
 .ARM.attributes
                0x00000772       0x31 hw_include/libdriver.a(uart_intenable_.o)
 .ARM.attributes
                0x000007a3       0x31 hw_include/libdriver.a(uart_intregister_.o)
 .ARM.attributes
                0x000007d4       0x31 hw_include/libdriver.a(uart_intstatus_.o)
 .ARM.attributes
                0x00000805       0x21 hw_include/libdriver.a(cpu_cpsie_.o)
 .ARM.attributes
                0x00000826       0x31 hw_include/libdriver.a(gpio_dirmodeset_.o)
 .ARM.attributes
                0x00000857       0x31 hw_include/libdriver.a(gpio_padconfigset_.o)
 .ARM.attributes
                0x00000888       0x31 hw_include/libdriver.a(i2c_masterenable_.o)
 .ARM.attributes
                0x000008b9       0x31 hw_include/libdriver.a(interrupt_register_.o)
 .ARM.attributes
                0x000008ea       0x2f hw_include/libdriver.a(interrupt_vtable_.o)
 .ARM.attributes
                0x00000919       0x2a /usr/lib/gcc/arm-none-eabi/13.2.1/../../../arm-none-eabi/lib/thumb/nofp/libc.a(libc_a-memset.o)
 .ARM.attributes
                0x00000943       0x2a /usr/lib/gcc/arm-none-eabi/13.2.1/../../../arm-none-eabi/lib/thumb/nofp/libc.a(libc_a-memcpy-stub.o)

.debug_frame    0x00000000     0x13ac
 .debug_frame   0x00000000       0x7c gcc/startup.o
 .debug_frame   0x0000007c      0x1a0 gcc/main.o
 .debug_frame   0x0000021c       0xd8 gcc/list.o
 .debug_frame   0x000002f4      0x3ac gcc/queue.o
 .debug_frame   0x000006a0      0x6f8 gcc/tasks.o
 .debug_frame   0x00000d98      0x160 gcc/port.o
 .debug_frame   0x00000ef8       0x9c gcc/heap_1.o
 .debug_frame   0x00000f94       0xa0 gcc/BlockQ.o
 .debug_frame   0x00001034       0x9c gcc/PollQ.o
 .debug_frame   0x000010d0       0x7c gcc/integer.o
 .debug_frame   0x0000114c       0x80 gcc/semtest.o
 .debug_frame   0x000011cc      0x180 gcc/osram96x16.o
 .debug_frame   0x0000134c       0x30 /usr/lib/gcc/arm-none-eabi/13.2.1/../../../arm-none-eabi/lib/thumb/nofp/libc.a(libc_a-memset.o)
 .debug_frame   0x0000137c       0x30 /usr/lib/gcc/arm-none-eabi/13.2.1/../../../arm-none-eabi/lib/thumb/nofp/libc.a(libc_a-memcpy-stub.o)

.debug_loclists
                0x00000000      0x48d
 .debug_loclists
                0x00000000      0x1c6 /usr/lib/gcc/arm-none-eabi/13.2.1/../../../arm-none-eabi/lib/thumb/nofp/libc.a(libc_a-memset.o)
 .debug_loclists
                0x000001c6      0x2c7 /usr/lib/gcc/arm-none-eabi/13.2.1/../../../arm-none-eabi/lib/thumb/nofp/libc.a(libc_a-memcpy-stub.o)
