Archive member included to satisfy reference by file (symbol)

hw_include/libdriver.a(gpio_pintypei2c_.o)
                              gcc/osram96x16.o (GPIOPinTypeI2C)
hw_include/libdriver.a(i2c_mastercontrol_.o)
                              gcc/osram96x16.o (I2CMasterControl)
hw_include/libdriver.a(i2c_masterdataput_.o)
                              gcc/osram96x16.o (I2CMasterDataPut)
hw_include/libdriver.a(i2c_masterinit_.o)
                              gcc/osram96x16.o (I2CMasterInit)
hw_include/libdriver.a(i2c_masterintstatus_.o)
                              gcc/osram96x16.o (I2CMasterIntStatus)
hw_include/libdriver.a(i2c_masterslaveaddrset_.o)
                              gcc/osram96x16.o (I2CMasterSlaveAddrSet)
hw_include/libdriver.a(interrupt_enable_.o)
                              gcc/main.o (IntEnable)
hw_include/libdriver.a(interrupt_masterenable_.o)
                              gcc/main.o (IntMasterEnable)
hw_include/libdriver.a(interrupt_priorityset_.o)
                              gcc/main.o (IntPrioritySet)
hw_include/libdriver.a(interrupt_pulregs_.o)
                              hw_include/libdriver.a(interrupt_priorityset_.o) (g_pulRegs)
hw_include/libdriver.a(sysctl_clockget_.o)
                              hw_include/libdriver.a(i2c_masterinit_.o) (SysCtlClockGet)
hw_include/libdriver.a(sysctl_clockset_.o)
                              gcc/main.o (SysCtlClockSet)
hw_include/libdriver.a(sysctl_peripheralenable_.o)
                              gcc/main.o (SysCtlPeripheralEnable)
hw_include/libdriver.a(sysctl_pulrcgcregs_.o)
                              hw_include/libdriver.a(sysctl_peripheralenable_.o) (g_pulRCGCRegs)
hw_include/libdriver.a(sysctl_pulxtals_.o)
                              hw_include/libdriver.a(sysctl_clockget_.o) (g_pulXtals)
hw_include/libdriver.a(timer_configure_.o)
                              gcc/main.o (TimerConfigure)
hw_include/libdriver.a(timer_enable_.o)
                              gcc/main.o (TimerEnable)
hw_include/libdriver.a(timer_intclear_.o)
                              gcc/main.o (TimerIntClear)
hw_include/libdriver.a(timer_intenable_.o)
                              gcc/main.o (TimerIntEnable)
hw_include/libdriver.a(timer_intregister_.o)
                              gcc/main.o (TimerIntRegister)
hw_include/libdriver.a(timer_loadset_.o)
                              gcc/main.o (TimerLoadSet)
hw_include/libdriver.a(uart_charget_.o)
                              gcc/main.o (UARTCharGet)
hw_include/libdriver.a(uart_charput_.o)
                              gcc/main.o (UARTCharPut)
hw_include/libdriver.a(uart_charsavail_.o)
                              gcc/main.o (UARTCharsAvail)
hw_include/libdriver.a(uart_configset_.o)
                              gcc/main.o (UARTConfigSet)
hw_include/libdriver.a(uart_disable_.o)
                              hw_include/libdriver.a(uart_configset_.o) (UARTDisable)
hw_include/libdriver.a(uart_enable_.o)
                              hw_include/libdriver.a(uart_configset_.o) (UARTEnable)
hw_include/libdriver.a(uart_intclear_.o)
                              gcc/main.o (UARTIntClear)
hw_include/libdriver.a(uart_intenable_.o)
                              gcc/main.o (UARTIntEnable)
hw_include/libdriver.a(uart_intregister_.o)
                              gcc/main.o (UARTIntRegister)
hw_include/libdriver.a(uart_intstatus_.o)
                              gcc/main.o (UARTIntStatus)
hw_include/libdriver.a(cpu_cpsie_.o)
                              hw_include/libdriver.a(interrupt_masterenable_.o) (CPUcpsie)
hw_include/libdriver.a(gpio_dirmodeset_.o)
                              hw_include/libdriver.a(gpio_pintypei2c_.o) (GPIODirModeSet)
hw_include/libdriver.a(gpio_padconfigset_.o)
                              hw_include/libdriver.a(gpio_pintypei2c_.o) (GPIOPadConfigSet)
hw_include/libdriver.a(i2c_masterenable_.o)
                              hw_include/libdriver.a(i2c_masterinit_.o) (I2CMasterEnable)
hw_include/libdriver.a(interrupt_register_.o)
                              hw_include/libdriver.a(timer_intregister_.o) (IntRegister)
hw_include/libdriver.a(interrupt_vtable_.o)
                              hw_include/libdriver.a(interrupt_register_.o) (g_pfnRAMVectors)
/usr/lib/gcc/arm-none-eabi/13.2.1/../../../arm-none-eabi/lib/thumb/nofp/libc.a(libc_a-memset.o)
                              gcc/tasks.o (memset)
/usr/lib/gcc/arm-none-eabi/13.2.1/../../../arm-none-eabi/lib/thumb/nofp/libc.a(libc_a-memcpy-stub.o)
                              gcc/queue.o (memcpy)

There are no discarded input sections

Memory Configuration

Name             Origin             Length             Attributes
FLASH            0x00000000         0x00010000         xr
SRAM             0x20000000         0x00002000         xrw
*default*        0x00000000         0xffffffff

Linker script and memory map


.text           0x00000000     0x4dc8
 *(.isr_vector)
 .isr_vector    0x00000000       0xb4 gcc/startup.o
                0x00000000                g_pfnVectors
 *(.text*)
 .text          0x000000b4       0x54 gcc/startup.o
                0x000000b4                ResetISR
 .text          0x00000108      0x710 gcc/main.o
                0x00000108                main
                0x00000568                addValueToSignal
                0x000005ee                intToStr
                0x000006ec                vUART_ISR
                0x0000076c                UARTSend
                0x000007a0                configTimer0
                0x000007f4                Timer0IntHandler
 .text          0x00000818      0x15e gcc/list.o
                0x00000818                vListInitialise
                0x00000856                vListInitialiseItem
                0x0000086e                vListInsertEnd
                0x000008b4                vListInsert
                0x00000924                uxListRemove
 *fill*         0x00000976        0x2 
 .text          0x00000978      0xc9c gcc/queue.o
                0x00000978                xQueueGenericReset
                0x00000a60                xQueueGenericCreate
                0x00000b24                xQueueGenericSend
                0x00000c78                xQueueGenericSendFromISR
                0x00000d42                xQueueGiveFromISR
                0x00000dfa                xQueueReceive
                0x00000f40                xQueueSemaphoreTake
                0x0000107c                xQueuePeek
                0x000011c4                xQueueReceiveFromISR
                0x00001286                xQueuePeekFromISR
                0x000012ec                uxQueueMessagesWaiting
                0x0000130c                uxQueueSpacesAvailable
                0x00001336                uxQueueMessagesWaitingFromISR
                0x00001354                vQueueDelete
                0x0000136e                uxQueueGetQueueNumber
                0x00001384                vQueueSetQueueNumber
                0x0000139e                ucQueueGetQueueType
                0x0000158a                xQueueIsQueueEmptyFromISR
                0x000015e4                xQueueIsQueueFullFromISR
 .text          0x00001614     0x1c90 gcc/tasks.o
                0x00001614                xTaskCreate
                0x000018a8                xTaskDelayUntil
                0x0000194c                vTaskDelay
                0x00001994                eTaskGetState
                0x000019fc                vTaskStartScheduler
                0x00001a7c                vTaskEndScheduler
                0x00001aac                vTaskSuspendAll
                0x00001ac8                xTaskResumeAll
                0x00001ca0                xTaskGetTickCount
                0x00001cbc                xTaskGetTickCountFromISR
                0x00001cdc                uxTaskGetNumberOfTasks
                0x00001cf0                pcTaskGetName
                0x00001df6                xTaskGetHandle
                0x00001e78                uxTaskGetSystemState
                0x00001f4c                xTaskCatchUpTicks
                0x00001f80                xTaskIncrementTick
                0x0000218c                vTaskSwitchContext
                0x00002254                vTaskPlaceOnEventList
                0x00002280                vTaskPlaceOnUnorderedEventList
                0x000022f0                xTaskRemoveFromEventList
                0x00002480                vTaskRemoveFromUnorderedEventList
                0x000025c0                vTaskSetTimeOutState
                0x000025f0                vTaskInternalSetTimeOutState
                0x0000261c                xTaskCheckForTimeOut
                0x000026a0                vTaskMissedYield
                0x000026b8                uxTaskGetTaskNumber
                0x000026e2                vTaskSetTaskNumber
                0x0000278c                vTaskGetInfo
                0x00002916                uxTaskGetStackHighWaterMark
                0x00002980                xTaskGetCurrentTaskHandle
                0x0000299c                uxTaskResetEventItemValue
                0x000029cc                ulTaskGenericNotifyTake
                0x00002a88                xTaskGenericNotifyWait
                0x00002b74                xTaskGenericNotify
                0x00002d44                xTaskGenericNotifyFromISR
                0x00002f8c                vTaskGenericNotifyGiveFromISR
                0x00003144                xTaskGenericNotifyStateClear
                0x0000319c                ulTaskGenericNotifyValueClear
 *fill*         0x000032a4        0xc 
 .text          0x000032b0      0x250 gcc/port.o
                0x000032b0                pxPortInitialiseStack
                0x0000333a                vPortSVCHandler
                0x00003386                xPortStartScheduler
                0x000033c8                vPortEndScheduler
                0x000033d4                vPortEnterCritical
                0x00003408                vPortExitCritical
                0x0000343c                xPortPendSVHandler
                0x00003486                xPortSysTickHandler
                0x000034cc                vPortSetupTimerInterrupt
 .text          0x00003500       0xe8 gcc/heap_1.o
                0x00003500                pvPortMalloc
                0x000035a4                vPortFree
                0x000035b6                vPortInitialiseBlocks
                0x000035cc                xPortGetFreeHeapSize
 .text          0x000035e8      0x2dc gcc/BlockQ.o
                0x000035e8                vStartBlockingQueueTasks
                0x00003832                xAreBlockingQueuesStillRunning
 .text          0x000038c4      0x184 gcc/PollQ.o
                0x000038c4                vStartPolledQueueTasks
                0x00003a08                xArePollingQueuesStillRunning
 .text          0x00003a48      0x114 gcc/integer.o
                0x00003a48                vStartIntegerMathTasks
                0x00003b08                xAreIntegerMathsTaskStillRunning
 .text          0x00003b5c      0x290 gcc/semtest.o
                0x00003b5c                vStartSemaphoreTasks
                0x00003d90                xAreSemaphoreTasksStillRunning
 .text          0x00003dec      0x4c0 gcc/osram96x16.o
                0x00003f2c                OSRAMClear
                0x00003f9c                OSRAMStringDraw
                0x000040a4                OSRAMImageDraw
                0x0000414a                OSRAMInit
                0x0000420c                OSRAMDisplayOn
                0x00004280                OSRAMDisplayOff
 .text          0x000042ac       0x20 hw_include/libdriver.a(gpio_pintypei2c_.o)
                0x000042ac                GPIOPinTypeI2C
 .text          0x000042cc        0x4 hw_include/libdriver.a(i2c_mastercontrol_.o)
                0x000042cc                I2CMasterControl
 .text          0x000042d0        0x4 hw_include/libdriver.a(i2c_masterdataput_.o)
                0x000042d0                I2CMasterDataPut
 .text          0x000042d4       0x34 hw_include/libdriver.a(i2c_masterinit_.o)
                0x000042d4                I2CMasterInit
 .text          0x00004308       0x18 hw_include/libdriver.a(i2c_masterintstatus_.o)
                0x00004308                I2CMasterIntStatus
 .text          0x00004320        0x8 hw_include/libdriver.a(i2c_masterslaveaddrset_.o)
                0x00004320                I2CMasterSlaveAddrSet
 .text          0x00004328       0x5c hw_include/libdriver.a(interrupt_enable_.o)
                0x00004328                IntEnable
 .text          0x00004384        0xc hw_include/libdriver.a(interrupt_masterenable_.o)
                0x00004384                IntMasterEnable
 .text          0x00004390       0x30 hw_include/libdriver.a(interrupt_priorityset_.o)
                0x00004390                IntPrioritySet
 .text          0x000043c0        0x0 hw_include/libdriver.a(interrupt_pulregs_.o)
 .text          0x000043c0       0x90 hw_include/libdriver.a(sysctl_clockget_.o)
                0x000043c0                SysCtlClockGet
 .text          0x00004450       0xcc hw_include/libdriver.a(sysctl_clockset_.o)
                0x00004450                SysCtlClockSet
 .text          0x0000451c       0x1c hw_include/libdriver.a(sysctl_peripheralenable_.o)
                0x0000451c                SysCtlPeripheralEnable
 .text          0x00004538        0x0 hw_include/libdriver.a(sysctl_pulrcgcregs_.o)
 .text          0x00004538        0x0 hw_include/libdriver.a(sysctl_pulxtals_.o)
 .text          0x00004538       0x20 hw_include/libdriver.a(timer_configure_.o)
                0x00004538                TimerConfigure
 .text          0x00004558       0x10 hw_include/libdriver.a(timer_enable_.o)
                0x00004558                TimerEnable
 .text          0x00004568        0x4 hw_include/libdriver.a(timer_intclear_.o)
                0x00004568                TimerIntClear
 .text          0x0000456c        0x8 hw_include/libdriver.a(timer_intenable_.o)
                0x0000456c                TimerIntEnable
 .text          0x00004574       0x50 hw_include/libdriver.a(timer_intregister_.o)
                0x00004574                TimerIntRegister
 .text          0x000045c4       0x14 hw_include/libdriver.a(timer_loadset_.o)
                0x000045c4                TimerLoadSet
 .text          0x000045d8       0x10 hw_include/libdriver.a(uart_charget_.o)
                0x000045d8                UARTCharGet
 .text          0x000045e8       0x10 hw_include/libdriver.a(uart_charput_.o)
                0x000045e8                UARTCharPut
 .text          0x000045f8       0x10 hw_include/libdriver.a(uart_charsavail_.o)
                0x000045f8                UARTCharsAvail
 .text          0x00004608       0x38 hw_include/libdriver.a(uart_configset_.o)
                0x00004608                UARTConfigSet
 .text          0x00004640       0x24 hw_include/libdriver.a(uart_disable_.o)
                0x00004640                UARTDisable
 .text          0x00004664       0x18 hw_include/libdriver.a(uart_enable_.o)
                0x00004664                UARTEnable
 .text          0x0000467c        0x4 hw_include/libdriver.a(uart_intclear_.o)
                0x0000467c                UARTIntClear
 .text          0x00004680        0x8 hw_include/libdriver.a(uart_intenable_.o)
                0x00004680                UARTIntEnable
 .text          0x00004688       0x20 hw_include/libdriver.a(uart_intregister_.o)
                0x00004688                UARTIntRegister
 .text          0x000046a8        0xc hw_include/libdriver.a(uart_intstatus_.o)
                0x000046a8                UARTIntStatus
 .text          0x000046b4        0x4 hw_include/libdriver.a(cpu_cpsie_.o)
                0x000046b4                CPUcpsie
 .text          0x000046b8       0x48 hw_include/libdriver.a(gpio_dirmodeset_.o)
                0x000046b8                GPIODirModeSet
 .text          0x00004700      0x11c hw_include/libdriver.a(gpio_padconfigset_.o)
                0x00004700                GPIOPadConfigSet
 .text          0x0000481c        0xc hw_include/libdriver.a(i2c_masterenable_.o)
                0x0000481c                I2CMasterEnable
 .text          0x00004828       0x3c hw_include/libdriver.a(interrupt_register_.o)
                0x00004828                IntRegister
 .text          0x00004864        0x0 hw_include/libdriver.a(interrupt_vtable_.o)
 .text          0x00004864       0xb0 /usr/lib/gcc/arm-none-eabi/13.2.1/../../../arm-none-eabi/lib/thumb/nofp/libc.a(libc_a-memset.o)
                0x00004864                memset
 .text          0x00004914       0x90 /usr/lib/gcc/arm-none-eabi/13.2.1/../../../arm-none-eabi/lib/thumb/nofp/libc.a(libc_a-memcpy-stub.o)
                0x00004914                memcpy
 *(.rodata*)
 .rodata        0x000049a4       0xe3 gcc/main.o
 *fill*         0x00004a87        0x1 
 .rodata        0x00004a88        0x9 gcc/tasks.o
                0x00004a88                uxTopUsedPriority
 *fill*         0x00004a91        0x3 
 .rodata        0x00004a94       0x30 gcc/BlockQ.o
 .rodata        0x00004ac4       0x10 gcc/PollQ.o
 .rodata        0x00004ad4        0x8 gcc/integer.o
 .rodata        0x00004adc       0x20 gcc/semtest.o
 .rodata        0x00004afc      0x25e gcc/osram96x16.o
 *fill*         0x00004d5a        0x2 
 .rodata        0x00004d5c       0x30 hw_include/libdriver.a(interrupt_pulregs_.o)
                0x00004d5c                g_pulRegs
 .rodata        0x00004d8c        0xc hw_include/libdriver.a(sysctl_pulrcgcregs_.o)
                0x00004d8c                g_pulRCGCRegs
 .rodata        0x00004d98       0x30 hw_include/libdriver.a(sysctl_pulxtals_.o)
                0x00004d98                g_pulXtals
                0x00004dc8                        _etext = .

.glue_7         0x00004dc8        0x0
 .glue_7        0x00004dc8        0x0 linker stubs

.glue_7t        0x00004dc8        0x0
 .glue_7t       0x00004dc8        0x0 linker stubs

.vfp11_veneer   0x00004dc8        0x0
 .vfp11_veneer  0x00004dc8        0x0 linker stubs

.v4_bx          0x00004dc8        0x0
 .v4_bx         0x00004dc8        0x0 linker stubs

.iplt           0x00004dc8        0x0
 .iplt          0x00004dc8        0x0 gcc/startup.o

.rel.dyn        0x00004dc8        0x0
 .rel.iplt      0x00004dc8        0x0 gcc/startup.o

.data           0x20000000       0xc0 load address 0x00004dc8
                0x20000000                        _data = .
 *(vtable)
 vtable         0x20000000       0xb8 hw_include/libdriver.a(interrupt_vtable_.o)
                0x20000000                g_pfnRAMVectors
 *(.data)
 .data          0x200000b8        0x0 gcc/startup.o
 .data          0x200000b8        0x4 gcc/main.o
                0x200000b8                N
 .data          0x200000bc        0x0 gcc/list.o
 .data          0x200000bc        0x0 gcc/queue.o
 .data          0x200000bc        0x0 gcc/tasks.o
 .data          0x200000bc        0x4 gcc/port.o
 .data          0x200000c0        0x0 gcc/heap_1.o
 .data          0x200000c0        0x0 gcc/BlockQ.o
 .data          0x200000c0        0x0 gcc/PollQ.o
 .data          0x200000c0        0x0 gcc/integer.o
 .data          0x200000c0        0x0 gcc/semtest.o
 .data          0x200000c0        0x0 gcc/osram96x16.o
 .data          0x200000c0        0x0 hw_include/libdriver.a(gpio_pintypei2c_.o)
 .data          0x200000c0        0x0 hw_include/libdriver.a(i2c_mastercontrol_.o)
 .data          0x200000c0        0x0 hw_include/libdriver.a(i2c_masterdataput_.o)
 .data          0x200000c0        0x0 hw_include/libdriver.a(i2c_masterinit_.o)
 .data          0x200000c0        0x0 hw_include/libdriver.a(i2c_masterintstatus_.o)
 .data          0x200000c0        0x0 hw_include/libdriver.a(i2c_masterslaveaddrset_.o)
 .data          0x200000c0        0x0 hw_include/libdriver.a(interrupt_enable_.o)
 .data          0x200000c0        0x0 hw_include/libdriver.a(interrupt_masterenable_.o)
 .data          0x200000c0        0x0 hw_include/libdriver.a(interrupt_priorityset_.o)
 .data          0x200000c0        0x0 hw_include/libdriver.a(interrupt_pulregs_.o)
 .data          0x200000c0        0x0 hw_include/libdriver.a(sysctl_clockget_.o)
 .data          0x200000c0        0x0 hw_include/libdriver.a(sysctl_clockset_.o)
 .data          0x200000c0        0x0 hw_include/libdriver.a(sysctl_peripheralenable_.o)
 .data          0x200000c0        0x0 hw_include/libdriver.a(sysctl_pulrcgcregs_.o)
 .data          0x200000c0        0x0 hw_include/libdriver.a(sysctl_pulxtals_.o)
 .data          0x200000c0        0x0 hw_include/libdriver.a(timer_configure_.o)
 .data          0x200000c0        0x0 hw_include/libdriver.a(timer_enable_.o)
 .data          0x200000c0        0x0 hw_include/libdriver.a(timer_intclear_.o)
 .data          0x200000c0        0x0 hw_include/libdriver.a(timer_intenable_.o)
 .data          0x200000c0        0x0 hw_include/libdriver.a(timer_intregister_.o)
 .data          0x200000c0        0x0 hw_include/libdriver.a(timer_loadset_.o)
 .data          0x200000c0        0x0 hw_include/libdriver.a(uart_charget_.o)
 .data          0x200000c0        0x0 hw_include/libdriver.a(uart_charput_.o)
 .data          0x200000c0        0x0 hw_include/libdriver.a(uart_charsavail_.o)
 .data          0x200000c0        0x0 hw_include/libdriver.a(uart_configset_.o)
 .data          0x200000c0        0x0 hw_include/libdriver.a(uart_disable_.o)
 .data          0x200000c0        0x0 hw_include/libdriver.a(uart_enable_.o)
 .data          0x200000c0        0x0 hw_include/libdriver.a(uart_intclear_.o)
 .data          0x200000c0        0x0 hw_include/libdriver.a(uart_intenable_.o)
 .data          0x200000c0        0x0 hw_include/libdriver.a(uart_intregister_.o)
 .data          0x200000c0        0x0 hw_include/libdriver.a(uart_intstatus_.o)
 .data          0x200000c0        0x0 hw_include/libdriver.a(cpu_cpsie_.o)
 .data          0x200000c0        0x0 hw_include/libdriver.a(gpio_dirmodeset_.o)
 .data          0x200000c0        0x0 hw_include/libdriver.a(gpio_padconfigset_.o)
 .data          0x200000c0        0x0 hw_include/libdriver.a(i2c_masterenable_.o)
 .data          0x200000c0        0x0 hw_include/libdriver.a(interrupt_register_.o)
 .data          0x200000c0        0x0 hw_include/libdriver.a(interrupt_vtable_.o)
 .data          0x200000c0        0x0 /usr/lib/gcc/arm-none-eabi/13.2.1/../../../arm-none-eabi/lib/thumb/nofp/libc.a(libc_a-memset.o)
 .data          0x200000c0        0x0 /usr/lib/gcc/arm-none-eabi/13.2.1/../../../arm-none-eabi/lib/thumb/nofp/libc.a(libc_a-memcpy-stub.o)
                0x200000c0                        _edata = .

.igot.plt       0x200000c0        0x0 load address 0x00004e88
 .igot.plt      0x200000c0        0x0 gcc/startup.o

.bss            0x200000c0     0x1ef4 load address 0x00004e88
                0x200000c0                        _bss = .
 *(.bss)
 .bss           0x200000c0      0x100 gcc/startup.o
 .bss           0x200001c0      0x16c gcc/main.o
                0x200001c0                ulHighFrequencyTimerTicks
                0x200001c4                xDisplayQueue
                0x200001c8                xFilterQueue
 .bss           0x2000032c        0x0 gcc/list.o
 .bss           0x2000032c        0x0 gcc/queue.o
 .bss           0x2000032c       0xe0 gcc/tasks.o
                0x2000032c                pxCurrentTCB
 .bss           0x2000040c        0x0 gcc/port.o
 .bss           0x2000040c     0x1b60 gcc/heap_1.o
 .bss           0x20001f6c       0x1e gcc/BlockQ.o
 *fill*         0x20001f8a        0x2 
 .bss           0x20001f8c        0xc gcc/PollQ.o
 .bss           0x20001f98        0x4 gcc/integer.o
 .bss           0x20001f9c       0x14 gcc/semtest.o
 .bss           0x20001fb0        0x4 gcc/osram96x16.o
 .bss           0x20001fb4        0x0 hw_include/libdriver.a(gpio_pintypei2c_.o)
 .bss           0x20001fb4        0x0 hw_include/libdriver.a(i2c_mastercontrol_.o)
 .bss           0x20001fb4        0x0 hw_include/libdriver.a(i2c_masterdataput_.o)
 .bss           0x20001fb4        0x0 hw_include/libdriver.a(i2c_masterinit_.o)
 .bss           0x20001fb4        0x0 hw_include/libdriver.a(i2c_masterintstatus_.o)
 .bss           0x20001fb4        0x0 hw_include/libdriver.a(i2c_masterslaveaddrset_.o)
 .bss           0x20001fb4        0x0 hw_include/libdriver.a(interrupt_enable_.o)
 .bss           0x20001fb4        0x0 hw_include/libdriver.a(interrupt_masterenable_.o)
 .bss           0x20001fb4        0x0 hw_include/libdriver.a(interrupt_priorityset_.o)
 .bss           0x20001fb4        0x0 hw_include/libdriver.a(interrupt_pulregs_.o)
 .bss           0x20001fb4        0x0 hw_include/libdriver.a(sysctl_clockget_.o)
 .bss           0x20001fb4        0x0 hw_include/libdriver.a(sysctl_clockset_.o)
 .bss           0x20001fb4        0x0 hw_include/libdriver.a(sysctl_peripheralenable_.o)
 .bss           0x20001fb4        0x0 hw_include/libdriver.a(sysctl_pulrcgcregs_.o)
 .bss           0x20001fb4        0x0 hw_include/libdriver.a(sysctl_pulxtals_.o)
 .bss           0x20001fb4        0x0 hw_include/libdriver.a(timer_configure_.o)
 .bss           0x20001fb4        0x0 hw_include/libdriver.a(timer_enable_.o)
 .bss           0x20001fb4        0x0 hw_include/libdriver.a(timer_intclear_.o)
 .bss           0x20001fb4        0x0 hw_include/libdriver.a(timer_intenable_.o)
 .bss           0x20001fb4        0x0 hw_include/libdriver.a(timer_intregister_.o)
 .bss           0x20001fb4        0x0 hw_include/libdriver.a(timer_loadset_.o)
 .bss           0x20001fb4        0x0 hw_include/libdriver.a(uart_charget_.o)
 .bss           0x20001fb4        0x0 hw_include/libdriver.a(uart_charput_.o)
 .bss           0x20001fb4        0x0 hw_include/libdriver.a(uart_charsavail_.o)
 .bss           0x20001fb4        0x0 hw_include/libdriver.a(uart_configset_.o)
 .bss           0x20001fb4        0x0 hw_include/libdriver.a(uart_disable_.o)
 .bss           0x20001fb4        0x0 hw_include/libdriver.a(uart_enable_.o)
 .bss           0x20001fb4        0x0 hw_include/libdriver.a(uart_intclear_.o)
 .bss           0x20001fb4        0x0 hw_include/libdriver.a(uart_intenable_.o)
 .bss           0x20001fb4        0x0 hw_include/libdriver.a(uart_intregister_.o)
 .bss           0x20001fb4        0x0 hw_include/libdriver.a(uart_intstatus_.o)
 .bss           0x20001fb4        0x0 hw_include/libdriver.a(cpu_cpsie_.o)
 .bss           0x20001fb4        0x0 hw_include/libdriver.a(gpio_dirmodeset_.o)
 .bss           0x20001fb4        0x0 hw_include/libdriver.a(gpio_padconfigset_.o)
 .bss           0x20001fb4        0x0 hw_include/libdriver.a(i2c_masterenable_.o)
 .bss           0x20001fb4        0x0 hw_include/libdriver.a(interrupt_register_.o)
 .bss           0x20001fb4        0x0 hw_include/libdriver.a(interrupt_vtable_.o)
 .bss           0x20001fb4        0x0 /usr/lib/gcc/arm-none-eabi/13.2.1/../../../arm-none-eabi/lib/thumb/nofp/libc.a(libc_a-memset.o)
 .bss           0x20001fb4        0x0 /usr/lib/gcc/arm-none-eabi/13.2.1/../../../arm-none-eabi/lib/thumb/nofp/libc.a(libc_a-memcpy-stub.o)
 *(COMMON)
                0x20001fb4                        _ebss = .
LOAD gcc/startup.o
LOAD gcc/main.o
LOAD gcc/list.o
LOAD gcc/queue.o
LOAD gcc/tasks.o
LOAD gcc/port.o
LOAD gcc/heap_1.o
LOAD gcc/BlockQ.o
LOAD gcc/PollQ.o
LOAD gcc/integer.o
LOAD gcc/semtest.o
LOAD gcc/osram96x16.o
LOAD hw_include/libdriver.a
LOAD /usr/lib/gcc/arm-none-eabi/13.2.1/../../../arm-none-eabi/lib/thumb/nofp/libc.a
LOAD /usr/lib/gcc/arm-none-eabi/13.2.1/thumb/nofp/libgcc.a
OUTPUT(gcc/RTOSDemo.axf elf32-littlearm)
LOAD linker stubs

.debug_info     0x00000000     0x4ee6
 .debug_info    0x00000000      0x13b gcc/startup.o
 .debug_info    0x0000013b      0x92e gcc/main.o
 .debug_info    0x00000a69      0x29f gcc/list.o
 .debug_info    0x00000d08      0xf9b gcc/queue.o
 .debug_info    0x00001ca3     0x1a48 gcc/tasks.o
 .debug_info    0x000036eb      0x2d7 gcc/port.o
 .debug_info    0x000039c2      0x18e gcc/heap_1.o
 .debug_info    0x00003b50      0x44e gcc/BlockQ.o
 .debug_info    0x00003f9e      0x33e gcc/PollQ.o
 .debug_info    0x000042dc      0x217 gcc/integer.o
 .debug_info    0x000044f3      0x3d5 gcc/semtest.o
 .debug_info    0x000048c8      0x397 gcc/osram96x16.o
 .debug_info    0x00004c5f      0x135 /usr/lib/gcc/arm-none-eabi/13.2.1/../../../arm-none-eabi/lib/thumb/nofp/libc.a(libc_a-memset.o)
 .debug_info    0x00004d94      0x152 /usr/lib/gcc/arm-none-eabi/13.2.1/../../../arm-none-eabi/lib/thumb/nofp/libc.a(libc_a-memcpy-stub.o)

.debug_abbrev   0x00000000     0x1617
 .debug_abbrev  0x00000000       0xee gcc/startup.o
 .debug_abbrev  0x000000ee      0x2e4 gcc/main.o
 .debug_abbrev  0x000003d2       0xf3 gcc/list.o
 .debug_abbrev  0x000004c5      0x2bc gcc/queue.o
 .debug_abbrev  0x00000781      0x37c gcc/tasks.o
 .debug_abbrev  0x00000afd      0x20a gcc/port.o
 .debug_abbrev  0x00000d07      0x121 gcc/heap_1.o
 .debug_abbrev  0x00000e28      0x161 gcc/BlockQ.o
 .debug_abbrev  0x00000f89      0x12c gcc/PollQ.o
 .debug_abbrev  0x000010b5      0x122 gcc/integer.o
 .debug_abbrev  0x000011d7      0x189 gcc/semtest.o
 .debug_abbrev  0x00001360      0x136 gcc/osram96x16.o
 .debug_abbrev  0x00001496       0xb7 /usr/lib/gcc/arm-none-eabi/13.2.1/../../../arm-none-eabi/lib/thumb/nofp/libc.a(libc_a-memset.o)
 .debug_abbrev  0x0000154d       0xca /usr/lib/gcc/arm-none-eabi/13.2.1/../../../arm-none-eabi/lib/thumb/nofp/libc.a(libc_a-memcpy-stub.o)

.debug_aranges  0x00000000      0x1c0
 .debug_aranges
                0x00000000       0x20 gcc/startup.o
 .debug_aranges
                0x00000020       0x20 gcc/main.o
 .debug_aranges
                0x00000040       0x20 gcc/list.o
 .debug_aranges
                0x00000060       0x20 gcc/queue.o
 .debug_aranges
                0x00000080       0x20 gcc/tasks.o
 .debug_aranges
                0x000000a0       0x20 gcc/port.o
 .debug_aranges
                0x000000c0       0x20 gcc/heap_1.o
 .debug_aranges
                0x000000e0       0x20 gcc/BlockQ.o
 .debug_aranges
                0x00000100       0x20 gcc/PollQ.o
 .debug_aranges
                0x00000120       0x20 gcc/integer.o
 .debug_aranges
                0x00000140       0x20 gcc/semtest.o
 .debug_aranges
                0x00000160       0x20 gcc/osram96x16.o
 .debug_aranges
                0x00000180       0x20 /usr/lib/gcc/arm-none-eabi/13.2.1/../../../arm-none-eabi/lib/thumb/nofp/libc.a(libc_a-memset.o)
 .debug_aranges
                0x000001a0       0x20 /usr/lib/gcc/arm-none-eabi/13.2.1/../../../arm-none-eabi/lib/thumb/nofp/libc.a(libc_a-memcpy-stub.o)

.debug_line     0x00000000     0x2b75
 .debug_line    0x00000000       0x7b gcc/startup.o
 .debug_line    0x0000007b      0x434 gcc/main.o
 .debug_line    0x000004af      0x196 gcc/list.o
 .debug_line    0x00000645      0x82b gcc/queue.o
 .debug_line    0x00000e70      0xbb3 gcc/tasks.o
 .debug_line    0x00001a23      0x208 gcc/port.o
 .debug_line    0x00001c2b      0x150 gcc/heap_1.o
 .debug_line    0x00001d7b      0x23b gcc/BlockQ.o
 .debug_line    0x00001fb6      0x1b9 gcc/PollQ.o
 .debug_line    0x0000216f      0x164 gcc/integer.o
 .debug_line    0x000022d3      0x24b gcc/semtest.o
 .debug_line    0x0000251e      0x2b9 gcc/osram96x16.o
 .debug_line    0x000027d7      0x1bd /usr/lib/gcc/arm-none-eabi/13.2.1/../../../arm-none-eabi/lib/thumb/nofp/libc.a(libc_a-memset.o)
 .debug_line    0x00002994      0x1e1 /usr/lib/gcc/arm-none-eabi/13.2.1/../../../arm-none-eabi/lib/thumb/nofp/libc.a(libc_a-memcpy-stub.o)

.debug_str      0x00000000     0x1ec1
 .debug_str     0x00000000     0x1ec1 gcc/startup.o
                                0x175 (size before relaxing)
 .debug_str     0x00001ec1      0x63a gcc/main.o
 .debug_str     0x00001ec1      0x278 gcc/list.o
 .debug_str     0x00001ec1      0x813 gcc/queue.o
 .debug_str     0x00001ec1      0xf58 gcc/tasks.o
 .debug_str     0x00001ec1      0x302 gcc/port.o
 .debug_str     0x00001ec1      0x200 gcc/heap_1.o
 .debug_str     0x00001ec1      0x439 gcc/BlockQ.o
 .debug_str     0x00001ec1      0x32e gcc/PollQ.o
 .debug_str     0x00001ec1      0x25c gcc/integer.o
 .debug_str     0x00001ec1      0x3ce gcc/semtest.o
 .debug_str     0x00001ec1      0x274 gcc/osram96x16.o
 .debug_str     0x00001ec1      0x1a6 /usr/lib/gcc/arm-none-eabi/13.2.1/../../../arm-none-eabi/lib/thumb/nofp/libc.a(libc_a-memset.o)
 .debug_str     0x00001ec1      0x1c3 /usr/lib/gcc/arm-none-eabi/13.2.1/../../../arm-none-eabi/lib/thumb/nofp/libc.a(libc_a-memcpy-stub.o)

.comment        0x00000000      0x4ee
 .comment       0x00000000       0x26 gcc/startup.o
                                 0x27 (size before relaxing)
 .comment       0x00000026       0x27 gcc/main.o
 .comment       0x00000026       0x27 gcc/list.o
 .comment       0x00000026       0x27 gcc/queue.o
 .comment       0x00000026       0x27 gcc/tasks.o
 .comment       0x00000026       0x27 gcc/port.o
 .comment       0x00000026       0x27 gcc/heap_1.o
 .comment       0x00000026       0x27 gcc/BlockQ.o
 .comment       0x00000026       0x27 gcc/PollQ.o
 .comment       0x00000026       0x27 gcc/integer.o
 .comment       0x00000026       0x27 gcc/semtest.o
 .comment       0x00000026       0x27 gcc/osram96x16.o
 .comment       0x00000026       0x22 hw_include/libdriver.a(gpio_pintypei2c_.o)
 .comment       0x00000048       0x22 hw_include/libdriver.a(i2c_mastercontrol_.o)
 .comment       0x0000006a       0x22 hw_include/libdriver.a(i2c_masterdataput_.o)
 .comment       0x0000008c       0x22 hw_include/libdriver.a(i2c_masterinit_.o)
 .comment       0x000000ae       0x22 hw_include/libdriver.a(i2c_masterintstatus_.o)
 .comment       0x000000d0       0x22 hw_include/libdriver.a(i2c_masterslaveaddrset_.o)
 .comment       0x000000f2       0x22 hw_include/libdriver.a(interrupt_enable_.o)
 .comment       0x00000114       0x22 hw_include/libdriver.a(interrupt_masterenable_.o)
 .comment       0x00000136       0x22 hw_include/libdriver.a(interrupt_priorityset_.o)
 .comment       0x00000158       0x22 hw_include/libdriver.a(interrupt_pulregs_.o)
 .comment       0x0000017a       0x22 hw_include/libdriver.a(sysctl_clockget_.o)
 .comment       0x0000019c       0x22 hw_include/libdriver.a(sysctl_clockset_.o)
 .comment       0x000001be       0x22 hw_include/libdriver.a(sysctl_peripheralenable_.o)
 .comment       0x000001e0       0x22 hw_include/libdriver.a(sysctl_pulrcgcregs_.o)
 .comment       0x00000202       0x22 hw_include/libdriver.a(sysctl_pulxtals_.o)
 .comment       0x00000224       0x22 hw_include/libdriver.a(timer_configure_.o)
 .comment       0x00000246       0x22 hw_include/libdriver.a(timer_enable_.o)
 .comment       0x00000268       0x22 hw_include/libdriver.a(timer_intclear_.o)
 .comment       0x0000028a       0x22 hw_include/libdriver.a(timer_intenable_.o)
 .comment       0x000002ac       0x22 hw_include/libdriver.a(timer_intregister_.o)
 .comment       0x000002ce       0x22 hw_include/libdriver.a(timer_loadset_.o)
 .comment       0x000002f0       0x22 hw_include/libdriver.a(uart_charget_.o)
 .comment       0x00000312       0x22 hw_include/libdriver.a(uart_charput_.o)
 .comment       0x00000334       0x22 hw_include/libdriver.a(uart_charsavail_.o)
 .comment       0x00000356       0x22 hw_include/libdriver.a(uart_configset_.o)
 .comment       0x00000378       0x22 hw_include/libdriver.a(uart_disable_.o)
 .comment       0x0000039a       0x22 hw_include/libdriver.a(uart_enable_.o)
 .comment       0x000003bc       0x22 hw_include/libdriver.a(uart_intclear_.o)
 .comment       0x000003de       0x22 hw_include/libdriver.a(uart_intenable_.o)
 .comment       0x00000400       0x22 hw_include/libdriver.a(uart_intregister_.o)
 .comment       0x00000422       0x22 hw_include/libdriver.a(uart_intstatus_.o)
 .comment       0x00000444       0x22 hw_include/libdriver.a(gpio_dirmodeset_.o)
 .comment       0x00000466       0x22 hw_include/libdriver.a(gpio_padconfigset_.o)
 .comment       0x00000488       0x22 hw_include/libdriver.a(i2c_masterenable_.o)
 .comment       0x000004aa       0x22 hw_include/libdriver.a(interrupt_register_.o)
 .comment       0x000004cc       0x22 hw_include/libdriver.a(interrupt_vtable_.o)
 .comment       0x000004ee       0x27 /usr/lib/gcc/arm-none-eabi/13.2.1/../../../arm-none-eabi/lib/thumb/nofp/libc.a(libc_a-memset.o)
 .comment       0x000004ee       0x27 /usr/lib/gcc/arm-none-eabi/13.2.1/../../../arm-none-eabi/lib/thumb/nofp/libc.a(libc_a-memcpy-stub.o)

.ARM.attributes
                0x00000000       0x2d
 .ARM.attributes
                0x00000000       0x2d gcc/startup.o
 .ARM.attributes
                0x0000002d       0x2d gcc/main.o
 .ARM.attributes
                0x0000005a       0x2d gcc/list.o
 .ARM.attributes
                0x00000087       0x2d gcc/queue.o
 .ARM.attributes
                0x000000b4       0x2d gcc/tasks.o
 .ARM.attributes
                0x000000e1       0x2d gcc/port.o
 .ARM.attributes
                0x0000010e       0x2d gcc/heap_1.o
 .ARM.attributes
                0x0000013b       0x2d gcc/BlockQ.o
 .ARM.attributes
                0x00000168       0x2d gcc/PollQ.o
 .ARM.attributes
                0x00000195       0x2d gcc/integer.o
 .ARM.attributes
                0x000001c2       0x2d gcc/semtest.o
 .ARM.attributes
                0x000001ef       0x2d gcc/osram96x16.o
 .ARM.attributes
                0x0000021c       0x31 hw_include/libdriver.a(gpio_pintypei2c_.o)
 .ARM.attributes
                0x0000024d       0x31 hw_include/libdriver.a(i2c_mastercontrol_.o)
 .ARM.attributes
                0x0000027e       0x31 hw_include/libdriver.a(i2c_masterdataput_.o)
 .ARM.attributes
                0x000002af       0x31 hw_include/libdriver.a(i2c_masterinit_.o)
 .ARM.attributes
                0x000002e0       0x31 hw_include/libdriver.a(i2c_masterintstatus_.o)
 .ARM.attributes
                0x00000311       0x31 hw_include/libdriver.a(i2c_masterslaveaddrset_.o)
 .ARM.attributes
                0x00000342       0x31 hw_include/libdriver.a(interrupt_enable_.o)
 .ARM.attributes
                0x00000373       0x31 hw_include/libdriver.a(interrupt_masterenable_.o)
 .ARM.attributes
                0x000003a4       0x31 hw_include/libdriver.a(interrupt_priorityset_.o)
 .ARM.attributes
                0x000003d5       0x2f hw_include/libdriver.a(interrupt_pulregs_.o)
 .ARM.attributes
                0x00000404       0x31 hw_include/libdriver.a(sysctl_clockget_.o)
 .ARM.attributes
                0x00000435       0x31 hw_include/libdriver.a(sysctl_clockset_.o)
 .ARM.attributes
                0x00000466       0x31 hw_include/libdriver.a(sysctl_peripheralenable_.o)
 .ARM.attributes
                0x00000497       0x2f hw_include/libdriver.a(sysctl_pulrcgcregs_.o)
 .ARM.attributes
                0x000004c6       0x2f hw_include/libdriver.a(sysctl_pulxtals_.o)
 .ARM.attributes
                0x000004f5       0x31 hw_include/libdriver.a(timer_configure_.o)
 .ARM.attributes
                0x00000526       0x31 hw_include/libdriver.a(timer_enable_.o)
 .ARM.attributes
                0x00000557       0x31 hw_include/libdriver.a(timer_intclear_.o)
 .ARM.attributes
                0x00000588       0x31 hw_include/libdriver.a(timer_intenable_.o)
 .ARM.attributes
                0x000005b9       0x31 hw_include/libdriver.a(timer_intregister_.o)
 .ARM.attributes
                0x000005ea       0x31 hw_include/libdriver.a(timer_loadset_.o)
 .ARM.attributes
                0x0000061b       0x31 hw_include/libdriver.a(uart_charget_.o)
 .ARM.attributes
                0x0000064c       0x31 hw_include/libdriver.a(uart_charput_.o)
 .ARM.attributes
                0x0000067d       0x31 hw_include/libdriver.a(uart_charsavail_.o)
 .ARM.attributes
                0x000006ae       0x31 hw_include/libdriver.a(uart_configset_.o)
 .ARM.attributes
                0x000006df       0x31 hw_include/libdriver.a(uart_disable_.o)
 .ARM.attributes
                0x00000710       0x31 hw_include/libdriver.a(uart_enable_.o)
 .ARM.attributes
                0x00000741       0x31 hw_include/libdriver.a(uart_intclear_.o)
 .ARM.attributes
                0x00000772       0x31 hw_include/libdriver.a(uart_intenable_.o)
 .ARM.attributes
                0x000007a3       0x31 hw_include/libdriver.a(uart_intregister_.o)
 .ARM.attributes
                0x000007d4       0x31 hw_include/libdriver.a(uart_intstatus_.o)
 .ARM.attributes
                0x00000805       0x21 hw_include/libdriver.a(cpu_cpsie_.o)
 .ARM.attributes
                0x00000826       0x31 hw_include/libdriver.a(gpio_dirmodeset_.o)
 .ARM.attributes
                0x00000857       0x31 hw_include/libdriver.a(gpio_padconfigset_.o)
 .ARM.attributes
                0x00000888       0x31 hw_include/libdriver.a(i2c_masterenable_.o)
 .ARM.attributes
                0x000008b9       0x31 hw_include/libdriver.a(interrupt_register_.o)
 .ARM.attributes
                0x000008ea       0x2f hw_include/libdriver.a(interrupt_vtable_.o)
 .ARM.attributes
                0x00000919       0x2a /usr/lib/gcc/arm-none-eabi/13.2.1/../../../arm-none-eabi/lib/thumb/nofp/libc.a(libc_a-memset.o)
 .ARM.attributes
                0x00000943       0x2a /usr/lib/gcc/arm-none-eabi/13.2.1/../../../arm-none-eabi/lib/thumb/nofp/libc.a(libc_a-memcpy-stub.o)

.debug_frame    0x00000000     0x13ac
 .debug_frame   0x00000000       0x7c gcc/startup.o
 .debug_frame   0x0000007c      0x1a0 gcc/main.o
 .debug_frame   0x0000021c       0xd8 gcc/list.o
 .debug_frame   0x000002f4      0x3ac gcc/queue.o
 .debug_frame   0x000006a0      0x6f8 gcc/tasks.o
 .debug_frame   0x00000d98      0x160 gcc/port.o
 .debug_frame   0x00000ef8       0x9c gcc/heap_1.o
 .debug_frame   0x00000f94       0xa0 gcc/BlockQ.o
 .debug_frame   0x00001034       0x9c gcc/PollQ.o
 .debug_frame   0x000010d0       0x7c gcc/integer.o
 .debug_frame   0x0000114c       0x80 gcc/semtest.o
 .debug_frame   0x000011cc      0x180 gcc/osram96x16.o
 .debug_frame   0x0000134c       0x30 /usr/lib/gcc/arm-none-eabi/13.2.1/../../../arm-none-eabi/lib/thumb/nofp/libc.a(libc_a-memset.o)
 .debug_frame   0x0000137c       0x30 /usr/lib/gcc/arm-none-eabi/13.2.1/../../../arm-none-eabi/lib/thumb/nofp/libc.a(libc_a-memcpy-stub.o)

.debug_loclists
                0x00000000      0x48d
 .debug_loclists
                0x00000000      0x1c6 /usr/lib/gcc/arm-none-eabi/13.2.1/../../../arm-none-eabi/lib/thumb/nofp/libc.a(libc_a-memset.o)
 .debug_loclists
                0x000001c6      0x2c7 /usr/lib/gcc/arm-none-eabi/13.2.1/../../../arm-none-eabi/lib/thumb/nofp/libc.a(libc_a-memcpy-stub.o)
