Archive member included to satisfy reference by file (symbol)

hw_include/libdriver.a(gpio_pintypei2c_.o)
                              gcc/osram96x16.o (GPIOPinTypeI2C)
hw_include/libdriver.a(i2c_mastercontrol_.o)
                              gcc/osram96x16.o (I2CMasterControl)
hw_include/libdriver.a(i2c_masterdataput_.o)
                              gcc/osram96x16.o (I2CMasterDataPut)
hw_include/libdriver.a(i2c_masterinit_.o)
                              gcc/osram96x16.o (I2CMasterInit)
hw_include/libdriver.a(i2c_masterintstatus_.o)
                              gcc/osram96x16.o (I2CMasterIntStatus)
hw_include/libdriver.a(i2c_masterslaveaddrset_.o)
                              gcc/osram96x16.o (I2CMasterSlaveAddrSet)
hw_include/libdriver.a(sysctl_clockget_.o)
                              hw_include/libdriver.a(i2c_masterinit_.o) (SysCtlClockGet)
hw_include/libdriver.a(sysctl_clockset_.o)
                              gcc/main.o (SysCtlClockSet)
hw_include/libdriver.a(sysctl_peripheralenable_.o)
                              gcc/osram96x16.o (SysCtlPeripheralEnable)
hw_include/libdriver.a(sysctl_pulrcgcregs_.o)
                              hw_include/libdriver.a(sysctl_peripheralenable_.o) (g_pulRCGCRegs)
hw_include/libdriver.a(sysctl_pulxtals_.o)
                              hw_include/libdriver.a(sysctl_clockget_.o) (g_pulXtals)
hw_include/libdriver.a(gpio_dirmodeset_.o)
                              hw_include/libdriver.a(gpio_pintypei2c_.o) (GPIODirModeSet)
hw_include/libdriver.a(gpio_padconfigset_.o)
                              hw_include/libdriver.a(gpio_pintypei2c_.o) (GPIOPadConfigSet)
hw_include/libdriver.a(i2c_masterenable_.o)
                              hw_include/libdriver.a(i2c_masterinit_.o) (I2CMasterEnable)
/usr/lib/gcc/arm-none-eabi/13.2.1/../../../arm-none-eabi/lib/thumb/nofp/libc.a(libc_a-memset.o)
                              gcc/tasks.o (memset)
/usr/lib/gcc/arm-none-eabi/13.2.1/../../../arm-none-eabi/lib/thumb/nofp/libc.a(libc_a-memcpy-stub.o)
                              gcc/queue.o (memcpy)

There are no discarded input sections

Memory Configuration

Name             Origin             Length             Attributes
FLASH            0x00000000         0x00010000         xr
SRAM             0x20000000         0x00002000         xrw
*default*        0x00000000         0xffffffff

Linker script and memory map


.text           0x00000000     0x43dc
 *(.isr_vector)
 .isr_vector    0x00000000       0xb8 gcc/startup.o
                0x00000000                g_pfnVectors
 *(.text*)
 .text          0x000000b8       0x54 gcc/startup.o
                0x000000b8                ResetISR
 .text          0x0000010c       0xe0 gcc/main.o
                0x0000010c                main
                0x000001d4                vGPIO_ISR
                0x000001e0                vUART_ISR
 .text          0x000001ec      0x15e gcc/list.o
                0x000001ec                vListInitialise
                0x0000022a                vListInitialiseItem
                0x00000242                vListInsertEnd
                0x00000288                vListInsert
                0x000002f8                uxListRemove
 *fill*         0x0000034a        0x2 
 .text          0x0000034c      0xc9c gcc/queue.o
                0x0000034c                xQueueGenericReset
                0x00000434                xQueueGenericCreate
                0x000004f8                xQueueGenericSend
                0x0000064c                xQueueGenericSendFromISR
                0x00000716                xQueueGiveFromISR
                0x000007ce                xQueueReceive
                0x00000914                xQueueSemaphoreTake
                0x00000a50                xQueuePeek
                0x00000b98                xQueueReceiveFromISR
                0x00000c5a                xQueuePeekFromISR
                0x00000cc0                uxQueueMessagesWaiting
                0x00000ce0                uxQueueSpacesAvailable
                0x00000d0a                uxQueueMessagesWaitingFromISR
                0x00000d28                vQueueDelete
                0x00000d42                uxQueueGetQueueNumber
                0x00000d58                vQueueSetQueueNumber
                0x00000d72                ucQueueGetQueueType
                0x00000f5e                xQueueIsQueueEmptyFromISR
                0x00000fb8                xQueueIsQueueFullFromISR
 .text          0x00000fe8     0x1c10 gcc/tasks.o
                0x00000fe8                xTaskCreate
                0x0000127c                xTaskDelayUntil
                0x00001320                vTaskDelay
                0x00001368                eTaskGetState
                0x000013d0                vTaskStartScheduler
                0x00001448                vTaskEndScheduler
                0x00001478                vTaskSuspendAll
                0x00001494                xTaskResumeAll
                0x0000166c                xTaskGetTickCount
                0x00001688                xTaskGetTickCountFromISR
                0x000016a8                uxTaskGetNumberOfTasks
                0x000016bc                pcTaskGetName
                0x000017c2                xTaskGetHandle
                0x00001844                uxTaskGetSystemState
                0x00001914                xTaskCatchUpTicks
                0x00001948                xTaskIncrementTick
                0x00001b54                vTaskSwitchContext
                0x00001be0                vTaskPlaceOnEventList
                0x00001c0c                vTaskPlaceOnUnorderedEventList
                0x00001c7c                xTaskRemoveFromEventList
                0x00001e0c                vTaskRemoveFromUnorderedEventList
                0x00001f4c                vTaskSetTimeOutState
                0x00001f7c                vTaskInternalSetTimeOutState
                0x00001fa8                xTaskCheckForTimeOut
                0x0000202c                vTaskMissedYield
                0x00002044                uxTaskGetTaskNumber
                0x0000206e                vTaskSetTaskNumber
                0x00002118                vTaskGetInfo
                0x0000229e                uxTaskGetStackHighWaterMark
                0x00002308                xTaskGetCurrentTaskHandle
                0x00002324                uxTaskResetEventItemValue
                0x00002354                ulTaskGenericNotifyTake
                0x00002408                xTaskGenericNotifyWait
                0x000024ec                xTaskGenericNotify
                0x000026b0                xTaskGenericNotifyFromISR
                0x000028e8                vTaskGenericNotifyGiveFromISR
                0x00002a9c                xTaskGenericNotifyStateClear
                0x00002af4                ulTaskGenericNotifyValueClear
 *fill*         0x00002bf8        0x8 
 .text          0x00002c00      0x250 gcc/port.o
                0x00002c00                pxPortInitialiseStack
                0x00002c8a                vPortSVCHandler
                0x00002cd6                xPortStartScheduler
                0x00002d18                vPortEndScheduler
                0x00002d24                vPortEnterCritical
                0x00002d58                vPortExitCritical
                0x00002d8c                xPortPendSVHandler
                0x00002dd6                xPortSysTickHandler
                0x00002e1c                vPortSetupTimerInterrupt
 .text          0x00002e50       0xe8 gcc/heap_1.o
                0x00002e50                pvPortMalloc
                0x00002ef4                vPortFree
                0x00002f06                vPortInitialiseBlocks
                0x00002f1c                xPortGetFreeHeapSize
 .text          0x00002f38      0x2dc gcc/BlockQ.o
                0x00002f38                vStartBlockingQueueTasks
                0x00003182                xAreBlockingQueuesStillRunning
 .text          0x00003214      0x184 gcc/PollQ.o
                0x00003214                vStartPolledQueueTasks
                0x00003358                xArePollingQueuesStillRunning
 .text          0x00003398      0x114 gcc/integer.o
                0x00003398                vStartIntegerMathTasks
                0x00003458                xAreIntegerMathsTaskStillRunning
 .text          0x000034ac      0x290 gcc/semtest.o
                0x000034ac                vStartSemaphoreTasks
                0x000036e0                xAreSemaphoreTasksStillRunning
 .text          0x0000373c      0x4c0 gcc/osram96x16.o
                0x0000387c                OSRAMClear
                0x000038ec                OSRAMStringDraw
                0x000039f4                OSRAMImageDraw
                0x00003a9a                OSRAMInit
                0x00003b5c                OSRAMDisplayOn
                0x00003bd0                OSRAMDisplayOff
 .text          0x00003bfc       0x20 hw_include/libdriver.a(gpio_pintypei2c_.o)
                0x00003bfc                GPIOPinTypeI2C
 .text          0x00003c1c        0x4 hw_include/libdriver.a(i2c_mastercontrol_.o)
                0x00003c1c                I2CMasterControl
 .text          0x00003c20        0x4 hw_include/libdriver.a(i2c_masterdataput_.o)
                0x00003c20                I2CMasterDataPut
 .text          0x00003c24       0x34 hw_include/libdriver.a(i2c_masterinit_.o)
                0x00003c24                I2CMasterInit
 .text          0x00003c58       0x18 hw_include/libdriver.a(i2c_masterintstatus_.o)
                0x00003c58                I2CMasterIntStatus
 .text          0x00003c70        0x8 hw_include/libdriver.a(i2c_masterslaveaddrset_.o)
                0x00003c70                I2CMasterSlaveAddrSet
 .text          0x00003c78       0x90 hw_include/libdriver.a(sysctl_clockget_.o)
                0x00003c78                SysCtlClockGet
 .text          0x00003d08       0xcc hw_include/libdriver.a(sysctl_clockset_.o)
                0x00003d08                SysCtlClockSet
 .text          0x00003dd4       0x1c hw_include/libdriver.a(sysctl_peripheralenable_.o)
                0x00003dd4                SysCtlPeripheralEnable
 .text          0x00003df0        0x0 hw_include/libdriver.a(sysctl_pulrcgcregs_.o)
 .text          0x00003df0        0x0 hw_include/libdriver.a(sysctl_pulxtals_.o)
 .text          0x00003df0       0x48 hw_include/libdriver.a(gpio_dirmodeset_.o)
                0x00003df0                GPIODirModeSet
 .text          0x00003e38      0x11c hw_include/libdriver.a(gpio_padconfigset_.o)
                0x00003e38                GPIOPadConfigSet
 .text          0x00003f54        0xc hw_include/libdriver.a(i2c_masterenable_.o)
                0x00003f54                I2CMasterEnable
 .text          0x00003f60       0xb0 /usr/lib/gcc/arm-none-eabi/13.2.1/../../../arm-none-eabi/lib/thumb/nofp/libc.a(libc_a-memset.o)
                0x00003f60                memset
 .text          0x00004010       0x90 /usr/lib/gcc/arm-none-eabi/13.2.1/../../../arm-none-eabi/lib/thumb/nofp/libc.a(libc_a-memcpy-stub.o)
                0x00004010                memcpy
 *(.rodata*)
 .rodata        0x000040a0       0x29 gcc/main.o
 *fill*         0x000040c9        0x3 
 .rodata        0x000040cc        0x9 gcc/tasks.o
                0x000040cc                uxTopUsedPriority
 *fill*         0x000040d5        0x3 
 .rodata        0x000040d8       0x30 gcc/BlockQ.o
 .rodata        0x00004108       0x10 gcc/PollQ.o
 .rodata        0x00004118        0x8 gcc/integer.o
 .rodata        0x00004120       0x20 gcc/semtest.o
 .rodata        0x00004140      0x25e gcc/osram96x16.o
 *fill*         0x0000439e        0x2 
 .rodata        0x000043a0        0xc hw_include/libdriver.a(sysctl_pulrcgcregs_.o)
                0x000043a0                g_pulRCGCRegs
 .rodata        0x000043ac       0x30 hw_include/libdriver.a(sysctl_pulxtals_.o)
                0x000043ac                g_pulXtals
                0x000043dc                        _etext = .

.glue_7         0x000043dc        0x0
 .glue_7        0x000043dc        0x0 linker stubs

.glue_7t        0x000043dc        0x0
 .glue_7t       0x000043dc        0x0 linker stubs

.vfp11_veneer   0x000043dc        0x0
 .vfp11_veneer  0x000043dc        0x0 linker stubs

.v4_bx          0x000043dc        0x0
 .v4_bx         0x000043dc        0x0 linker stubs

.iplt           0x000043dc        0x0
 .iplt          0x000043dc        0x0 gcc/startup.o

.rel.dyn        0x000043dc        0x0
 .rel.iplt      0x000043dc        0x0 gcc/startup.o

.data           0x20000000        0x4 load address 0x000043dc
                0x20000000                        _data = .
 *(vtable)
 *(.data)
 .data          0x20000000        0x0 gcc/startup.o
 .data          0x20000000        0x0 gcc/main.o
 .data          0x20000000        0x0 gcc/list.o
 .data          0x20000000        0x0 gcc/queue.o
 .data          0x20000000        0x0 gcc/tasks.o
 .data          0x20000000        0x4 gcc/port.o
 .data          0x20000004        0x0 gcc/heap_1.o
 .data          0x20000004        0x0 gcc/BlockQ.o
 .data          0x20000004        0x0 gcc/PollQ.o
 .data          0x20000004        0x0 gcc/integer.o
 .data          0x20000004        0x0 gcc/semtest.o
 .data          0x20000004        0x0 gcc/osram96x16.o
 .data          0x20000004        0x0 hw_include/libdriver.a(gpio_pintypei2c_.o)
 .data          0x20000004        0x0 hw_include/libdriver.a(i2c_mastercontrol_.o)
 .data          0x20000004        0x0 hw_include/libdriver.a(i2c_masterdataput_.o)
 .data          0x20000004        0x0 hw_include/libdriver.a(i2c_masterinit_.o)
 .data          0x20000004        0x0 hw_include/libdriver.a(i2c_masterintstatus_.o)
 .data          0x20000004        0x0 hw_include/libdriver.a(i2c_masterslaveaddrset_.o)
 .data          0x20000004        0x0 hw_include/libdriver.a(sysctl_clockget_.o)
 .data          0x20000004        0x0 hw_include/libdriver.a(sysctl_clockset_.o)
 .data          0x20000004        0x0 hw_include/libdriver.a(sysctl_peripheralenable_.o)
 .data          0x20000004        0x0 hw_include/libdriver.a(sysctl_pulrcgcregs_.o)
 .data          0x20000004        0x0 hw_include/libdriver.a(sysctl_pulxtals_.o)
 .data          0x20000004        0x0 hw_include/libdriver.a(gpio_dirmodeset_.o)
 .data          0x20000004        0x0 hw_include/libdriver.a(gpio_padconfigset_.o)
 .data          0x20000004        0x0 hw_include/libdriver.a(i2c_masterenable_.o)
 .data          0x20000004        0x0 /usr/lib/gcc/arm-none-eabi/13.2.1/../../../arm-none-eabi/lib/thumb/nofp/libc.a(libc_a-memset.o)
 .data          0x20000004        0x0 /usr/lib/gcc/arm-none-eabi/13.2.1/../../../arm-none-eabi/lib/thumb/nofp/libc.a(libc_a-memcpy-stub.o)
                0x20000004                        _edata = .

.igot.plt       0x20000004        0x0 load address 0x000043e0
 .igot.plt      0x20000004        0x0 gcc/startup.o

.bss            0x20000004     0x1d84 load address 0x000043e0
                0x20000004                        _bss = .
 *(.bss)
 .bss           0x20000004      0x100 gcc/startup.o
 .bss           0x20000104        0x4 gcc/main.o
                0x20000104                xPrintQueue
 .bss           0x20000108        0x0 gcc/list.o
 .bss           0x20000108        0x0 gcc/queue.o
 .bss           0x20000108       0xd8 gcc/tasks.o
                0x20000108                pxCurrentTCB
 .bss           0x200001e0        0x0 gcc/port.o
 .bss           0x200001e0     0x1b60 gcc/heap_1.o
 .bss           0x20001d40       0x1e gcc/BlockQ.o
 *fill*         0x20001d5e        0x2 
 .bss           0x20001d60        0xc gcc/PollQ.o
 .bss           0x20001d6c        0x4 gcc/integer.o
 .bss           0x20001d70       0x14 gcc/semtest.o
 .bss           0x20001d84        0x4 gcc/osram96x16.o
 .bss           0x20001d88        0x0 hw_include/libdriver.a(gpio_pintypei2c_.o)
 .bss           0x20001d88        0x0 hw_include/libdriver.a(i2c_mastercontrol_.o)
 .bss           0x20001d88        0x0 hw_include/libdriver.a(i2c_masterdataput_.o)
 .bss           0x20001d88        0x0 hw_include/libdriver.a(i2c_masterinit_.o)
 .bss           0x20001d88        0x0 hw_include/libdriver.a(i2c_masterintstatus_.o)
 .bss           0x20001d88        0x0 hw_include/libdriver.a(i2c_masterslaveaddrset_.o)
 .bss           0x20001d88        0x0 hw_include/libdriver.a(sysctl_clockget_.o)
 .bss           0x20001d88        0x0 hw_include/libdriver.a(sysctl_clockset_.o)
 .bss           0x20001d88        0x0 hw_include/libdriver.a(sysctl_peripheralenable_.o)
 .bss           0x20001d88        0x0 hw_include/libdriver.a(sysctl_pulrcgcregs_.o)
 .bss           0x20001d88        0x0 hw_include/libdriver.a(sysctl_pulxtals_.o)
 .bss           0x20001d88        0x0 hw_include/libdriver.a(gpio_dirmodeset_.o)
 .bss           0x20001d88        0x0 hw_include/libdriver.a(gpio_padconfigset_.o)
 .bss           0x20001d88        0x0 hw_include/libdriver.a(i2c_masterenable_.o)
 .bss           0x20001d88        0x0 /usr/lib/gcc/arm-none-eabi/13.2.1/../../../arm-none-eabi/lib/thumb/nofp/libc.a(libc_a-memset.o)
 .bss           0x20001d88        0x0 /usr/lib/gcc/arm-none-eabi/13.2.1/../../../arm-none-eabi/lib/thumb/nofp/libc.a(libc_a-memcpy-stub.o)
 *(COMMON)
                0x20001d88                        _ebss = .
LOAD gcc/startup.o
LOAD gcc/main.o
LOAD gcc/list.o
LOAD gcc/queue.o
LOAD gcc/tasks.o
LOAD gcc/port.o
LOAD gcc/heap_1.o
LOAD gcc/BlockQ.o
LOAD gcc/PollQ.o
LOAD gcc/integer.o
LOAD gcc/semtest.o
LOAD gcc/osram96x16.o
LOAD hw_include/libdriver.a
LOAD /usr/lib/gcc/arm-none-eabi/13.2.1/../../../arm-none-eabi/lib/thumb/nofp/libc.a
LOAD /usr/lib/gcc/arm-none-eabi/13.2.1/thumb/nofp/libgcc.a
OUTPUT(gcc/RTOSDemo.axf elf32-littlearm)
LOAD linker stubs

.debug_info     0x00000000     0x482b
 .debug_info    0x00000000      0x13b gcc/startup.o
 .debug_info    0x0000013b      0x2b5 gcc/main.o
 .debug_info    0x000003f0      0x29f gcc/list.o
 .debug_info    0x0000068f      0xf9b gcc/queue.o
 .debug_info    0x0000162a     0x1a06 gcc/tasks.o
 .debug_info    0x00003030      0x2d7 gcc/port.o
 .debug_info    0x00003307      0x18e gcc/heap_1.o
 .debug_info    0x00003495      0x44e gcc/BlockQ.o
 .debug_info    0x000038e3      0x33e gcc/PollQ.o
 .debug_info    0x00003c21      0x217 gcc/integer.o
 .debug_info    0x00003e38      0x3d5 gcc/semtest.o
 .debug_info    0x0000420d      0x397 gcc/osram96x16.o
 .debug_info    0x000045a4      0x135 /usr/lib/gcc/arm-none-eabi/13.2.1/../../../arm-none-eabi/lib/thumb/nofp/libc.a(libc_a-memset.o)
 .debug_info    0x000046d9      0x152 /usr/lib/gcc/arm-none-eabi/13.2.1/../../../arm-none-eabi/lib/thumb/nofp/libc.a(libc_a-memcpy-stub.o)

.debug_abbrev   0x00000000     0x148f
 .debug_abbrev  0x00000000       0xee gcc/startup.o
 .debug_abbrev  0x000000ee      0x16f gcc/main.o
 .debug_abbrev  0x0000025d       0xf3 gcc/list.o
 .debug_abbrev  0x00000350      0x2bc gcc/queue.o
 .debug_abbrev  0x0000060c      0x369 gcc/tasks.o
 .debug_abbrev  0x00000975      0x20a gcc/port.o
 .debug_abbrev  0x00000b7f      0x121 gcc/heap_1.o
 .debug_abbrev  0x00000ca0      0x161 gcc/BlockQ.o
 .debug_abbrev  0x00000e01      0x12c gcc/PollQ.o
 .debug_abbrev  0x00000f2d      0x122 gcc/integer.o
 .debug_abbrev  0x0000104f      0x189 gcc/semtest.o
 .debug_abbrev  0x000011d8      0x136 gcc/osram96x16.o
 .debug_abbrev  0x0000130e       0xb7 /usr/lib/gcc/arm-none-eabi/13.2.1/../../../arm-none-eabi/lib/thumb/nofp/libc.a(libc_a-memset.o)
 .debug_abbrev  0x000013c5       0xca /usr/lib/gcc/arm-none-eabi/13.2.1/../../../arm-none-eabi/lib/thumb/nofp/libc.a(libc_a-memcpy-stub.o)

.debug_aranges  0x00000000      0x1c0
 .debug_aranges
                0x00000000       0x20 gcc/startup.o
 .debug_aranges
                0x00000020       0x20 gcc/main.o
 .debug_aranges
                0x00000040       0x20 gcc/list.o
 .debug_aranges
                0x00000060       0x20 gcc/queue.o
 .debug_aranges
                0x00000080       0x20 gcc/tasks.o
 .debug_aranges
                0x000000a0       0x20 gcc/port.o
 .debug_aranges
                0x000000c0       0x20 gcc/heap_1.o
 .debug_aranges
                0x000000e0       0x20 gcc/BlockQ.o
 .debug_aranges
                0x00000100       0x20 gcc/PollQ.o
 .debug_aranges
                0x00000120       0x20 gcc/integer.o
 .debug_aranges
                0x00000140       0x20 gcc/semtest.o
 .debug_aranges
                0x00000160       0x20 gcc/osram96x16.o
 .debug_aranges
                0x00000180       0x20 /usr/lib/gcc/arm-none-eabi/13.2.1/../../../arm-none-eabi/lib/thumb/nofp/libc.a(libc_a-memset.o)
 .debug_aranges
                0x000001a0       0x20 /usr/lib/gcc/arm-none-eabi/13.2.1/../../../arm-none-eabi/lib/thumb/nofp/libc.a(libc_a-memcpy-stub.o)

.debug_line     0x00000000     0x2906
 .debug_line    0x00000000       0x7b gcc/startup.o
 .debug_line    0x0000007b      0x15d gcc/main.o
 .debug_line    0x000001d8      0x1a8 gcc/list.o
 .debug_line    0x00000380      0x83d gcc/queue.o
 .debug_line    0x00000bbd      0xb97 gcc/tasks.o
 .debug_line    0x00001754      0x21a gcc/port.o
 .debug_line    0x0000196e      0x162 gcc/heap_1.o
 .debug_line    0x00001ad0      0x24a gcc/BlockQ.o
 .debug_line    0x00001d1a      0x1c8 gcc/PollQ.o
 .debug_line    0x00001ee2      0x173 gcc/integer.o
 .debug_line    0x00002055      0x25a gcc/semtest.o
 .debug_line    0x000022af      0x2b9 gcc/osram96x16.o
 .debug_line    0x00002568      0x1bd /usr/lib/gcc/arm-none-eabi/13.2.1/../../../arm-none-eabi/lib/thumb/nofp/libc.a(libc_a-memset.o)
 .debug_line    0x00002725      0x1e1 /usr/lib/gcc/arm-none-eabi/13.2.1/../../../arm-none-eabi/lib/thumb/nofp/libc.a(libc_a-memcpy-stub.o)

.debug_str      0x00000000     0x1dc3
 .debug_str     0x00000000     0x1dc3 gcc/startup.o
                                0x166 (size before relaxing)
 .debug_str     0x00001dc3      0x297 gcc/main.o
 .debug_str     0x00001dc3      0x29f gcc/list.o
 .debug_str     0x00001dc3      0x83a gcc/queue.o
 .debug_str     0x00001dc3      0xf41 gcc/tasks.o
 .debug_str     0x00001dc3      0x329 gcc/port.o
 .debug_str     0x00001dc3      0x227 gcc/heap_1.o
 .debug_str     0x00001dc3      0x45d gcc/BlockQ.o
 .debug_str     0x00001dc3      0x352 gcc/PollQ.o
 .debug_str     0x00001dc3      0x280 gcc/integer.o
 .debug_str     0x00001dc3      0x3f2 gcc/semtest.o
 .debug_str     0x00001dc3      0x28d gcc/osram96x16.o
 .debug_str     0x00001dc3      0x1a6 /usr/lib/gcc/arm-none-eabi/13.2.1/../../../arm-none-eabi/lib/thumb/nofp/libc.a(libc_a-memset.o)
 .debug_str     0x00001dc3      0x1c3 /usr/lib/gcc/arm-none-eabi/13.2.1/../../../arm-none-eabi/lib/thumb/nofp/libc.a(libc_a-memcpy-stub.o)

.comment        0x00000000      0x202
 .comment       0x00000000       0x26 gcc/startup.o
                                 0x27 (size before relaxing)
 .comment       0x00000026       0x27 gcc/main.o
 .comment       0x00000026       0x27 gcc/list.o
 .comment       0x00000026       0x27 gcc/queue.o
 .comment       0x00000026       0x27 gcc/tasks.o
 .comment       0x00000026       0x27 gcc/port.o
 .comment       0x00000026       0x27 gcc/heap_1.o
 .comment       0x00000026       0x27 gcc/BlockQ.o
 .comment       0x00000026       0x27 gcc/PollQ.o
 .comment       0x00000026       0x27 gcc/integer.o
 .comment       0x00000026       0x27 gcc/semtest.o
 .comment       0x00000026       0x27 gcc/osram96x16.o
 .comment       0x00000026       0x22 hw_include/libdriver.a(gpio_pintypei2c_.o)
 .comment       0x00000048       0x22 hw_include/libdriver.a(i2c_mastercontrol_.o)
 .comment       0x0000006a       0x22 hw_include/libdriver.a(i2c_masterdataput_.o)
 .comment       0x0000008c       0x22 hw_include/libdriver.a(i2c_masterinit_.o)
 .comment       0x000000ae       0x22 hw_include/libdriver.a(i2c_masterintstatus_.o)
 .comment       0x000000d0       0x22 hw_include/libdriver.a(i2c_masterslaveaddrset_.o)
 .comment       0x000000f2       0x22 hw_include/libdriver.a(sysctl_clockget_.o)
 .comment       0x00000114       0x22 hw_include/libdriver.a(sysctl_clockset_.o)
 .comment       0x00000136       0x22 hw_include/libdriver.a(sysctl_peripheralenable_.o)
 .comment       0x00000158       0x22 hw_include/libdriver.a(sysctl_pulrcgcregs_.o)
 .comment       0x0000017a       0x22 hw_include/libdriver.a(sysctl_pulxtals_.o)
 .comment       0x0000019c       0x22 hw_include/libdriver.a(gpio_dirmodeset_.o)
 .comment       0x000001be       0x22 hw_include/libdriver.a(gpio_padconfigset_.o)
 .comment       0x000001e0       0x22 hw_include/libdriver.a(i2c_masterenable_.o)
 .comment       0x00000202       0x27 /usr/lib/gcc/arm-none-eabi/13.2.1/../../../arm-none-eabi/lib/thumb/nofp/libc.a(libc_a-memset.o)
 .comment       0x00000202       0x27 /usr/lib/gcc/arm-none-eabi/13.2.1/../../../arm-none-eabi/lib/thumb/nofp/libc.a(libc_a-memcpy-stub.o)

.ARM.attributes
                0x00000000       0x2f
 .ARM.attributes
                0x00000000       0x2d gcc/startup.o
 .ARM.attributes
                0x0000002d       0x2d gcc/main.o
 .ARM.attributes
                0x0000005a       0x2d gcc/list.o
 .ARM.attributes
                0x00000087       0x2d gcc/queue.o
 .ARM.attributes
                0x000000b4       0x2d gcc/tasks.o
 .ARM.attributes
                0x000000e1       0x2d gcc/port.o
 .ARM.attributes
                0x0000010e       0x2d gcc/heap_1.o
 .ARM.attributes
                0x0000013b       0x2d gcc/BlockQ.o
 .ARM.attributes
                0x00000168       0x2d gcc/PollQ.o
 .ARM.attributes
                0x00000195       0x2d gcc/integer.o
 .ARM.attributes
                0x000001c2       0x2d gcc/semtest.o
 .ARM.attributes
                0x000001ef       0x2d gcc/osram96x16.o
 .ARM.attributes
                0x0000021c       0x31 hw_include/libdriver.a(gpio_pintypei2c_.o)
 .ARM.attributes
                0x0000024d       0x31 hw_include/libdriver.a(i2c_mastercontrol_.o)
 .ARM.attributes
                0x0000027e       0x31 hw_include/libdriver.a(i2c_masterdataput_.o)
 .ARM.attributes
                0x000002af       0x31 hw_include/libdriver.a(i2c_masterinit_.o)
 .ARM.attributes
                0x000002e0       0x31 hw_include/libdriver.a(i2c_masterintstatus_.o)
 .ARM.attributes
                0x00000311       0x31 hw_include/libdriver.a(i2c_masterslaveaddrset_.o)
 .ARM.attributes
                0x00000342       0x31 hw_include/libdriver.a(sysctl_clockget_.o)
 .ARM.attributes
                0x00000373       0x31 hw_include/libdriver.a(sysctl_clockset_.o)
 .ARM.attributes
                0x000003a4       0x31 hw_include/libdriver.a(sysctl_peripheralenable_.o)
 .ARM.attributes
                0x000003d5       0x2f hw_include/libdriver.a(sysctl_pulrcgcregs_.o)
 .ARM.attributes
                0x00000404       0x2f hw_include/libdriver.a(sysctl_pulxtals_.o)
 .ARM.attributes
                0x00000433       0x31 hw_include/libdriver.a(gpio_dirmodeset_.o)
 .ARM.attributes
                0x00000464       0x31 hw_include/libdriver.a(gpio_padconfigset_.o)
 .ARM.attributes
                0x00000495       0x31 hw_include/libdriver.a(i2c_masterenable_.o)
 .ARM.attributes
                0x000004c6       0x2a /usr/lib/gcc/arm-none-eabi/13.2.1/../../../arm-none-eabi/lib/thumb/nofp/libc.a(libc_a-memset.o)
 .ARM.attributes
                0x000004f0       0x2a /usr/lib/gcc/arm-none-eabi/13.2.1/../../../arm-none-eabi/lib/thumb/nofp/libc.a(libc_a-memcpy-stub.o)

.debug_frame    0x00000000     0x12bc
 .debug_frame   0x00000000       0x7c gcc/startup.o
 .debug_frame   0x0000007c       0xb0 gcc/main.o
 .debug_frame   0x0000012c       0xd8 gcc/list.o
 .debug_frame   0x00000204      0x3ac gcc/queue.o
 .debug_frame   0x000005b0      0x6f8 gcc/tasks.o
 .debug_frame   0x00000ca8      0x160 gcc/port.o
 .debug_frame   0x00000e08       0x9c gcc/heap_1.o
 .debug_frame   0x00000ea4       0xa0 gcc/BlockQ.o
 .debug_frame   0x00000f44       0x9c gcc/PollQ.o
 .debug_frame   0x00000fe0       0x7c gcc/integer.o
 .debug_frame   0x0000105c       0x80 gcc/semtest.o
 .debug_frame   0x000010dc      0x180 gcc/osram96x16.o
 .debug_frame   0x0000125c       0x30 /usr/lib/gcc/arm-none-eabi/13.2.1/../../../arm-none-eabi/lib/thumb/nofp/libc.a(libc_a-memset.o)
 .debug_frame   0x0000128c       0x30 /usr/lib/gcc/arm-none-eabi/13.2.1/../../../arm-none-eabi/lib/thumb/nofp/libc.a(libc_a-memcpy-stub.o)

.debug_loclists
                0x00000000      0x48d
 .debug_loclists
                0x00000000      0x1c6 /usr/lib/gcc/arm-none-eabi/13.2.1/../../../arm-none-eabi/lib/thumb/nofp/libc.a(libc_a-memset.o)
 .debug_loclists
                0x000001c6      0x2c7 /usr/lib/gcc/arm-none-eabi/13.2.1/../../../arm-none-eabi/lib/thumb/nofp/libc.a(libc_a-memcpy-stub.o)
