Archive member included to satisfy reference by file (symbol)

hw_include/libdriver.a(gpio_pintypei2c_.o)
                              gcc/osram96x16.o (GPIOPinTypeI2C)
hw_include/libdriver.a(i2c_mastercontrol_.o)
                              gcc/osram96x16.o (I2CMasterControl)
hw_include/libdriver.a(i2c_masterdataput_.o)
                              gcc/osram96x16.o (I2CMasterDataPut)
hw_include/libdriver.a(i2c_masterinit_.o)
                              gcc/osram96x16.o (I2CMasterInit)
hw_include/libdriver.a(i2c_masterintstatus_.o)
                              gcc/osram96x16.o (I2CMasterIntStatus)
hw_include/libdriver.a(i2c_masterslaveaddrset_.o)
                              gcc/osram96x16.o (I2CMasterSlaveAddrSet)
hw_include/libdriver.a(interrupt_enable_.o)
                              gcc/main.o (IntEnable)
hw_include/libdriver.a(sysctl_clockget_.o)
                              hw_include/libdriver.a(i2c_masterinit_.o) (SysCtlClockGet)
hw_include/libdriver.a(sysctl_clockset_.o)
                              gcc/main.o (SysCtlClockSet)
hw_include/libdriver.a(sysctl_peripheralenable_.o)
                              gcc/main.o (SysCtlPeripheralEnable)
hw_include/libdriver.a(sysctl_pulrcgcregs_.o)
                              hw_include/libdriver.a(sysctl_peripheralenable_.o) (g_pulRCGCRegs)
hw_include/libdriver.a(sysctl_pulxtals_.o)
                              hw_include/libdriver.a(sysctl_clockget_.o) (g_pulXtals)
hw_include/libdriver.a(uart_charget_.o)
                              gcc/main.o (UARTCharGet)
hw_include/libdriver.a(uart_charsavail_.o)
                              gcc/main.o (UARTCharsAvail)
hw_include/libdriver.a(uart_configset_.o)
                              gcc/main.o (UARTConfigSet)
hw_include/libdriver.a(uart_disable_.o)
                              hw_include/libdriver.a(uart_configset_.o) (UARTDisable)
hw_include/libdriver.a(uart_enable_.o)
                              hw_include/libdriver.a(uart_configset_.o) (UARTEnable)
hw_include/libdriver.a(uart_intclear_.o)
                              gcc/main.o (UARTIntClear)
hw_include/libdriver.a(uart_intenable_.o)
                              gcc/main.o (UARTIntEnable)
hw_include/libdriver.a(uart_intregister_.o)
                              gcc/main.o (UARTIntRegister)
hw_include/libdriver.a(uart_intstatus_.o)
                              gcc/main.o (UARTIntStatus)
hw_include/libdriver.a(gpio_dirmodeset_.o)
                              hw_include/libdriver.a(gpio_pintypei2c_.o) (GPIODirModeSet)
hw_include/libdriver.a(gpio_padconfigset_.o)
                              hw_include/libdriver.a(gpio_pintypei2c_.o) (GPIOPadConfigSet)
hw_include/libdriver.a(i2c_masterenable_.o)
                              hw_include/libdriver.a(i2c_masterinit_.o) (I2CMasterEnable)
hw_include/libdriver.a(interrupt_register_.o)
                              hw_include/libdriver.a(uart_intregister_.o) (IntRegister)
hw_include/libdriver.a(interrupt_vtable_.o)
                              hw_include/libdriver.a(interrupt_register_.o) (g_pfnRAMVectors)
/usr/lib/gcc/arm-none-eabi/13.2.1/../../../arm-none-eabi/lib/thumb/nofp/libc.a(libc_a-memset.o)
                              gcc/tasks.o (memset)
/usr/lib/gcc/arm-none-eabi/13.2.1/../../../arm-none-eabi/lib/thumb/nofp/libc.a(libc_a-memcpy-stub.o)
                              gcc/queue.o (memcpy)

There are no discarded input sections

Memory Configuration

Name             Origin             Length             Attributes
FLASH            0x00000000         0x00010000         xr
SRAM             0x20000000         0x00002000         xrw
*default*        0x00000000         0xffffffff

Linker script and memory map


.text           0x00000000     0x48d4
 *(.isr_vector)
 .isr_vector    0x00000000       0xb4 gcc/startup.o
                0x00000000                g_pfnVectors
 *(.text*)
 .text          0x000000b4       0x54 gcc/startup.o
                0x000000b4                ResetISR
 .text          0x00000108      0x460 gcc/main.o
                0x00000108                main
                0x00000366                addValueToSignal
                0x000003ec                intToStr
                0x000004e8                vUART_ISR
 .text          0x00000568      0x15e gcc/list.o
                0x00000568                vListInitialise
                0x000005a6                vListInitialiseItem
                0x000005be                vListInsertEnd
                0x00000604                vListInsert
                0x00000674                uxListRemove
 *fill*         0x000006c6        0x2 
 .text          0x000006c8      0xc9c gcc/queue.o
                0x000006c8                xQueueGenericReset
                0x000007b0                xQueueGenericCreate
                0x00000874                xQueueGenericSend
                0x000009c8                xQueueGenericSendFromISR
                0x00000a92                xQueueGiveFromISR
                0x00000b4a                xQueueReceive
                0x00000c90                xQueueSemaphoreTake
                0x00000dcc                xQueuePeek
                0x00000f14                xQueueReceiveFromISR
                0x00000fd6                xQueuePeekFromISR
                0x0000103c                uxQueueMessagesWaiting
                0x0000105c                uxQueueSpacesAvailable
                0x00001086                uxQueueMessagesWaitingFromISR
                0x000010a4                vQueueDelete
                0x000010be                uxQueueGetQueueNumber
                0x000010d4                vQueueSetQueueNumber
                0x000010ee                ucQueueGetQueueType
                0x000012da                xQueueIsQueueEmptyFromISR
                0x00001334                xQueueIsQueueFullFromISR
 .text          0x00001364     0x1c10 gcc/tasks.o
                0x00001364                xTaskCreate
                0x000015f8                xTaskDelayUntil
                0x0000169c                vTaskDelay
                0x000016e4                eTaskGetState
                0x0000174c                vTaskStartScheduler
                0x000017c4                vTaskEndScheduler
                0x000017f4                vTaskSuspendAll
                0x00001810                xTaskResumeAll
                0x000019e8                xTaskGetTickCount
                0x00001a04                xTaskGetTickCountFromISR
                0x00001a24                uxTaskGetNumberOfTasks
                0x00001a38                pcTaskGetName
                0x00001b3e                xTaskGetHandle
                0x00001bc0                uxTaskGetSystemState
                0x00001c90                xTaskCatchUpTicks
                0x00001cc4                xTaskIncrementTick
                0x00001ed0                vTaskSwitchContext
                0x00001f5c                vTaskPlaceOnEventList
                0x00001f88                vTaskPlaceOnUnorderedEventList
                0x00001ff8                xTaskRemoveFromEventList
                0x00002188                vTaskRemoveFromUnorderedEventList
                0x000022c8                vTaskSetTimeOutState
                0x000022f8                vTaskInternalSetTimeOutState
                0x00002324                xTaskCheckForTimeOut
                0x000023a8                vTaskMissedYield
                0x000023c0                uxTaskGetTaskNumber
                0x000023ea                vTaskSetTaskNumber
                0x00002494                vTaskGetInfo
                0x0000261a                uxTaskGetStackHighWaterMark
                0x00002684                xTaskGetCurrentTaskHandle
                0x000026a0                uxTaskResetEventItemValue
                0x000026d0                ulTaskGenericNotifyTake
                0x00002784                xTaskGenericNotifyWait
                0x00002868                xTaskGenericNotify
                0x00002a2c                xTaskGenericNotifyFromISR
                0x00002c64                vTaskGenericNotifyGiveFromISR
                0x00002e18                xTaskGenericNotifyStateClear
                0x00002e70                ulTaskGenericNotifyValueClear
 *fill*         0x00002f74        0xc 
 .text          0x00002f80      0x250 gcc/port.o
                0x00002f80                pxPortInitialiseStack
                0x0000300a                vPortSVCHandler
                0x00003056                xPortStartScheduler
                0x00003098                vPortEndScheduler
                0x000030a4                vPortEnterCritical
                0x000030d8                vPortExitCritical
                0x0000310c                xPortPendSVHandler
                0x00003156                xPortSysTickHandler
                0x0000319c                vPortSetupTimerInterrupt
 .text          0x000031d0       0xe8 gcc/heap_1.o
                0x000031d0                pvPortMalloc
                0x00003274                vPortFree
                0x00003286                vPortInitialiseBlocks
                0x0000329c                xPortGetFreeHeapSize
 .text          0x000032b8      0x2dc gcc/BlockQ.o
                0x000032b8                vStartBlockingQueueTasks
                0x00003502                xAreBlockingQueuesStillRunning
 .text          0x00003594      0x184 gcc/PollQ.o
                0x00003594                vStartPolledQueueTasks
                0x000036d8                xArePollingQueuesStillRunning
 .text          0x00003718      0x114 gcc/integer.o
                0x00003718                vStartIntegerMathTasks
                0x000037d8                xAreIntegerMathsTaskStillRunning
 .text          0x0000382c      0x290 gcc/semtest.o
                0x0000382c                vStartSemaphoreTasks
                0x00003a60                xAreSemaphoreTasksStillRunning
 .text          0x00003abc      0x4c0 gcc/osram96x16.o
                0x00003bfc                OSRAMClear
                0x00003c6c                OSRAMStringDraw
                0x00003d74                OSRAMImageDraw
                0x00003e1a                OSRAMInit
                0x00003edc                OSRAMDisplayOn
                0x00003f50                OSRAMDisplayOff
 .text          0x00003f7c       0x20 hw_include/libdriver.a(gpio_pintypei2c_.o)
                0x00003f7c                GPIOPinTypeI2C
 .text          0x00003f9c        0x4 hw_include/libdriver.a(i2c_mastercontrol_.o)
                0x00003f9c                I2CMasterControl
 .text          0x00003fa0        0x4 hw_include/libdriver.a(i2c_masterdataput_.o)
                0x00003fa0                I2CMasterDataPut
 .text          0x00003fa4       0x34 hw_include/libdriver.a(i2c_masterinit_.o)
                0x00003fa4                I2CMasterInit
 .text          0x00003fd8       0x18 hw_include/libdriver.a(i2c_masterintstatus_.o)
                0x00003fd8                I2CMasterIntStatus
 .text          0x00003ff0        0x8 hw_include/libdriver.a(i2c_masterslaveaddrset_.o)
                0x00003ff0                I2CMasterSlaveAddrSet
 .text          0x00003ff8       0x5c hw_include/libdriver.a(interrupt_enable_.o)
                0x00003ff8                IntEnable
 .text          0x00004054       0x90 hw_include/libdriver.a(sysctl_clockget_.o)
                0x00004054                SysCtlClockGet
 .text          0x000040e4       0xcc hw_include/libdriver.a(sysctl_clockset_.o)
                0x000040e4                SysCtlClockSet
 .text          0x000041b0       0x1c hw_include/libdriver.a(sysctl_peripheralenable_.o)
                0x000041b0                SysCtlPeripheralEnable
 .text          0x000041cc        0x0 hw_include/libdriver.a(sysctl_pulrcgcregs_.o)
 .text          0x000041cc        0x0 hw_include/libdriver.a(sysctl_pulxtals_.o)
 .text          0x000041cc       0x10 hw_include/libdriver.a(uart_charget_.o)
                0x000041cc                UARTCharGet
 .text          0x000041dc       0x10 hw_include/libdriver.a(uart_charsavail_.o)
                0x000041dc                UARTCharsAvail
 .text          0x000041ec       0x38 hw_include/libdriver.a(uart_configset_.o)
                0x000041ec                UARTConfigSet
 .text          0x00004224       0x24 hw_include/libdriver.a(uart_disable_.o)
                0x00004224                UARTDisable
 .text          0x00004248       0x18 hw_include/libdriver.a(uart_enable_.o)
                0x00004248                UARTEnable
 .text          0x00004260        0x4 hw_include/libdriver.a(uart_intclear_.o)
                0x00004260                UARTIntClear
 .text          0x00004264        0x8 hw_include/libdriver.a(uart_intenable_.o)
                0x00004264                UARTIntEnable
 .text          0x0000426c       0x20 hw_include/libdriver.a(uart_intregister_.o)
                0x0000426c                UARTIntRegister
 .text          0x0000428c        0xc hw_include/libdriver.a(uart_intstatus_.o)
                0x0000428c                UARTIntStatus
 .text          0x00004298       0x48 hw_include/libdriver.a(gpio_dirmodeset_.o)
                0x00004298                GPIODirModeSet
 .text          0x000042e0      0x11c hw_include/libdriver.a(gpio_padconfigset_.o)
                0x000042e0                GPIOPadConfigSet
 .text          0x000043fc        0xc hw_include/libdriver.a(i2c_masterenable_.o)
                0x000043fc                I2CMasterEnable
 .text          0x00004408       0x3c hw_include/libdriver.a(interrupt_register_.o)
                0x00004408                IntRegister
 .text          0x00004444        0x0 hw_include/libdriver.a(interrupt_vtable_.o)
 .text          0x00004444       0xb0 /usr/lib/gcc/arm-none-eabi/13.2.1/../../../arm-none-eabi/lib/thumb/nofp/libc.a(libc_a-memset.o)
                0x00004444                memset
 .text          0x000044f4       0x90 /usr/lib/gcc/arm-none-eabi/13.2.1/../../../arm-none-eabi/lib/thumb/nofp/libc.a(libc_a-memcpy-stub.o)
                0x000044f4                memcpy
 *(.rodata*)
 .rodata        0x00004584       0x3d gcc/main.o
 *fill*         0x000045c1        0x3 
 .rodata        0x000045c4        0x9 gcc/tasks.o
                0x000045c4                uxTopUsedPriority
 *fill*         0x000045cd        0x3 
 .rodata        0x000045d0       0x30 gcc/BlockQ.o
 .rodata        0x00004600       0x10 gcc/PollQ.o
 .rodata        0x00004610        0x8 gcc/integer.o
 .rodata        0x00004618       0x20 gcc/semtest.o
 .rodata        0x00004638      0x25e gcc/osram96x16.o
 *fill*         0x00004896        0x2 
 .rodata        0x00004898        0xc hw_include/libdriver.a(sysctl_pulrcgcregs_.o)
                0x00004898                g_pulRCGCRegs
 .rodata        0x000048a4       0x30 hw_include/libdriver.a(sysctl_pulxtals_.o)
                0x000048a4                g_pulXtals
                0x000048d4                        _etext = .

.glue_7         0x000048d4        0x0
 .glue_7        0x000048d4        0x0 linker stubs

.glue_7t        0x000048d4        0x0
 .glue_7t       0x000048d4        0x0 linker stubs

.vfp11_veneer   0x000048d4        0x0
 .vfp11_veneer  0x000048d4        0x0 linker stubs

.v4_bx          0x000048d4        0x0
 .v4_bx         0x000048d4        0x0 linker stubs

.iplt           0x000048d4        0x0
 .iplt          0x000048d4        0x0 gcc/startup.o

.rel.dyn        0x000048d4        0x0
 .rel.iplt      0x000048d4        0x0 gcc/startup.o

.data           0x20000000       0xc0 load address 0x000048d4
                0x20000000                        _data = .
 *(vtable)
 vtable         0x20000000       0xb8 hw_include/libdriver.a(interrupt_vtable_.o)
                0x20000000                g_pfnRAMVectors
 *(.data)
 .data          0x200000b8        0x0 gcc/startup.o
 .data          0x200000b8        0x4 gcc/main.o
                0x200000b8                N
 .data          0x200000bc        0x0 gcc/list.o
 .data          0x200000bc        0x0 gcc/queue.o
 .data          0x200000bc        0x0 gcc/tasks.o
 .data          0x200000bc        0x4 gcc/port.o
 .data          0x200000c0        0x0 gcc/heap_1.o
 .data          0x200000c0        0x0 gcc/BlockQ.o
 .data          0x200000c0        0x0 gcc/PollQ.o
 .data          0x200000c0        0x0 gcc/integer.o
 .data          0x200000c0        0x0 gcc/semtest.o
 .data          0x200000c0        0x0 gcc/osram96x16.o
 .data          0x200000c0        0x0 hw_include/libdriver.a(gpio_pintypei2c_.o)
 .data          0x200000c0        0x0 hw_include/libdriver.a(i2c_mastercontrol_.o)
 .data          0x200000c0        0x0 hw_include/libdriver.a(i2c_masterdataput_.o)
 .data          0x200000c0        0x0 hw_include/libdriver.a(i2c_masterinit_.o)
 .data          0x200000c0        0x0 hw_include/libdriver.a(i2c_masterintstatus_.o)
 .data          0x200000c0        0x0 hw_include/libdriver.a(i2c_masterslaveaddrset_.o)
 .data          0x200000c0        0x0 hw_include/libdriver.a(interrupt_enable_.o)
 .data          0x200000c0        0x0 hw_include/libdriver.a(sysctl_clockget_.o)
 .data          0x200000c0        0x0 hw_include/libdriver.a(sysctl_clockset_.o)
 .data          0x200000c0        0x0 hw_include/libdriver.a(sysctl_peripheralenable_.o)
 .data          0x200000c0        0x0 hw_include/libdriver.a(sysctl_pulrcgcregs_.o)
 .data          0x200000c0        0x0 hw_include/libdriver.a(sysctl_pulxtals_.o)
 .data          0x200000c0        0x0 hw_include/libdriver.a(uart_charget_.o)
 .data          0x200000c0        0x0 hw_include/libdriver.a(uart_charsavail_.o)
 .data          0x200000c0        0x0 hw_include/libdriver.a(uart_configset_.o)
 .data          0x200000c0        0x0 hw_include/libdriver.a(uart_disable_.o)
 .data          0x200000c0        0x0 hw_include/libdriver.a(uart_enable_.o)
 .data          0x200000c0        0x0 hw_include/libdriver.a(uart_intclear_.o)
 .data          0x200000c0        0x0 hw_include/libdriver.a(uart_intenable_.o)
 .data          0x200000c0        0x0 hw_include/libdriver.a(uart_intregister_.o)
 .data          0x200000c0        0x0 hw_include/libdriver.a(uart_intstatus_.o)
 .data          0x200000c0        0x0 hw_include/libdriver.a(gpio_dirmodeset_.o)
 .data          0x200000c0        0x0 hw_include/libdriver.a(gpio_padconfigset_.o)
 .data          0x200000c0        0x0 hw_include/libdriver.a(i2c_masterenable_.o)
 .data          0x200000c0        0x0 hw_include/libdriver.a(interrupt_register_.o)
 .data          0x200000c0        0x0 hw_include/libdriver.a(interrupt_vtable_.o)
 .data          0x200000c0        0x0 /usr/lib/gcc/arm-none-eabi/13.2.1/../../../arm-none-eabi/lib/thumb/nofp/libc.a(libc_a-memset.o)
 .data          0x200000c0        0x0 /usr/lib/gcc/arm-none-eabi/13.2.1/../../../arm-none-eabi/lib/thumb/nofp/libc.a(libc_a-memcpy-stub.o)
                0x200000c0                        _edata = .

.igot.plt       0x200000c0        0x0 load address 0x00004994
 .igot.plt      0x200000c0        0x0 gcc/startup.o

.bss            0x200000c0     0x1f14 load address 0x00004994
                0x200000c0                        _bss = .
 *(.bss)
 .bss           0x200000c0      0x100 gcc/startup.o
 .bss           0x200001c0      0x194 gcc/main.o
                0x200001c0                xSensorQueue
                0x200001c4                xDisplayQueue
                0x200001c8                xFilterQueue
 .bss           0x20000354        0x0 gcc/list.o
 .bss           0x20000354        0x0 gcc/queue.o
 .bss           0x20000354       0xd8 gcc/tasks.o
                0x20000354                pxCurrentTCB
 .bss           0x2000042c        0x0 gcc/port.o
 .bss           0x2000042c     0x1b60 gcc/heap_1.o
 .bss           0x20001f8c       0x1e gcc/BlockQ.o
 *fill*         0x20001faa        0x2 
 .bss           0x20001fac        0xc gcc/PollQ.o
 .bss           0x20001fb8        0x4 gcc/integer.o
 .bss           0x20001fbc       0x14 gcc/semtest.o
 .bss           0x20001fd0        0x4 gcc/osram96x16.o
 .bss           0x20001fd4        0x0 hw_include/libdriver.a(gpio_pintypei2c_.o)
 .bss           0x20001fd4        0x0 hw_include/libdriver.a(i2c_mastercontrol_.o)
 .bss           0x20001fd4        0x0 hw_include/libdriver.a(i2c_masterdataput_.o)
 .bss           0x20001fd4        0x0 hw_include/libdriver.a(i2c_masterinit_.o)
 .bss           0x20001fd4        0x0 hw_include/libdriver.a(i2c_masterintstatus_.o)
 .bss           0x20001fd4        0x0 hw_include/libdriver.a(i2c_masterslaveaddrset_.o)
 .bss           0x20001fd4        0x0 hw_include/libdriver.a(interrupt_enable_.o)
 .bss           0x20001fd4        0x0 hw_include/libdriver.a(sysctl_clockget_.o)
 .bss           0x20001fd4        0x0 hw_include/libdriver.a(sysctl_clockset_.o)
 .bss           0x20001fd4        0x0 hw_include/libdriver.a(sysctl_peripheralenable_.o)
 .bss           0x20001fd4        0x0 hw_include/libdriver.a(sysctl_pulrcgcregs_.o)
 .bss           0x20001fd4        0x0 hw_include/libdriver.a(sysctl_pulxtals_.o)
 .bss           0x20001fd4        0x0 hw_include/libdriver.a(uart_charget_.o)
 .bss           0x20001fd4        0x0 hw_include/libdriver.a(uart_charsavail_.o)
 .bss           0x20001fd4        0x0 hw_include/libdriver.a(uart_configset_.o)
 .bss           0x20001fd4        0x0 hw_include/libdriver.a(uart_disable_.o)
 .bss           0x20001fd4        0x0 hw_include/libdriver.a(uart_enable_.o)
 .bss           0x20001fd4        0x0 hw_include/libdriver.a(uart_intclear_.o)
 .bss           0x20001fd4        0x0 hw_include/libdriver.a(uart_intenable_.o)
 .bss           0x20001fd4        0x0 hw_include/libdriver.a(uart_intregister_.o)
 .bss           0x20001fd4        0x0 hw_include/libdriver.a(uart_intstatus_.o)
 .bss           0x20001fd4        0x0 hw_include/libdriver.a(gpio_dirmodeset_.o)
 .bss           0x20001fd4        0x0 hw_include/libdriver.a(gpio_padconfigset_.o)
 .bss           0x20001fd4        0x0 hw_include/libdriver.a(i2c_masterenable_.o)
 .bss           0x20001fd4        0x0 hw_include/libdriver.a(interrupt_register_.o)
 .bss           0x20001fd4        0x0 hw_include/libdriver.a(interrupt_vtable_.o)
 .bss           0x20001fd4        0x0 /usr/lib/gcc/arm-none-eabi/13.2.1/../../../arm-none-eabi/lib/thumb/nofp/libc.a(libc_a-memset.o)
 .bss           0x20001fd4        0x0 /usr/lib/gcc/arm-none-eabi/13.2.1/../../../arm-none-eabi/lib/thumb/nofp/libc.a(libc_a-memcpy-stub.o)
 *(COMMON)
                0x20001fd4                        _ebss = .
LOAD gcc/startup.o
LOAD gcc/main.o
LOAD gcc/list.o
LOAD gcc/queue.o
LOAD gcc/tasks.o
LOAD gcc/port.o
LOAD gcc/heap_1.o
LOAD gcc/BlockQ.o
LOAD gcc/PollQ.o
LOAD gcc/integer.o
LOAD gcc/semtest.o
LOAD gcc/osram96x16.o
LOAD hw_include/libdriver.a
LOAD /usr/lib/gcc/arm-none-eabi/13.2.1/../../../arm-none-eabi/lib/thumb/nofp/libc.a
LOAD /usr/lib/gcc/arm-none-eabi/13.2.1/thumb/nofp/libgcc.a
OUTPUT(gcc/RTOSDemo.axf elf32-littlearm)
LOAD linker stubs

.debug_info     0x00000000     0x4bc9
 .debug_info    0x00000000      0x135 gcc/startup.o
 .debug_info    0x00000135      0x659 gcc/main.o
 .debug_info    0x0000078e      0x29f gcc/list.o
 .debug_info    0x00000a2d      0xf9b gcc/queue.o
 .debug_info    0x000019c8     0x1a06 gcc/tasks.o
 .debug_info    0x000033ce      0x2d7 gcc/port.o
 .debug_info    0x000036a5      0x18e gcc/heap_1.o
 .debug_info    0x00003833      0x44e gcc/BlockQ.o
 .debug_info    0x00003c81      0x33e gcc/PollQ.o
 .debug_info    0x00003fbf      0x217 gcc/integer.o
 .debug_info    0x000041d6      0x3d5 gcc/semtest.o
 .debug_info    0x000045ab      0x397 gcc/osram96x16.o
 .debug_info    0x00004942      0x135 /usr/lib/gcc/arm-none-eabi/13.2.1/../../../arm-none-eabi/lib/thumb/nofp/libc.a(libc_a-memset.o)
 .debug_info    0x00004a77      0x152 /usr/lib/gcc/arm-none-eabi/13.2.1/../../../arm-none-eabi/lib/thumb/nofp/libc.a(libc_a-memcpy-stub.o)

.debug_abbrev   0x00000000     0x154d
 .debug_abbrev  0x00000000       0xee gcc/startup.o
 .debug_abbrev  0x000000ee      0x22d gcc/main.o
 .debug_abbrev  0x0000031b       0xf3 gcc/list.o
 .debug_abbrev  0x0000040e      0x2bc gcc/queue.o
 .debug_abbrev  0x000006ca      0x369 gcc/tasks.o
 .debug_abbrev  0x00000a33      0x20a gcc/port.o
 .debug_abbrev  0x00000c3d      0x121 gcc/heap_1.o
 .debug_abbrev  0x00000d5e      0x161 gcc/BlockQ.o
 .debug_abbrev  0x00000ebf      0x12c gcc/PollQ.o
 .debug_abbrev  0x00000feb      0x122 gcc/integer.o
 .debug_abbrev  0x0000110d      0x189 gcc/semtest.o
 .debug_abbrev  0x00001296      0x136 gcc/osram96x16.o
 .debug_abbrev  0x000013cc       0xb7 /usr/lib/gcc/arm-none-eabi/13.2.1/../../../arm-none-eabi/lib/thumb/nofp/libc.a(libc_a-memset.o)
 .debug_abbrev  0x00001483       0xca /usr/lib/gcc/arm-none-eabi/13.2.1/../../../arm-none-eabi/lib/thumb/nofp/libc.a(libc_a-memcpy-stub.o)

.debug_aranges  0x00000000      0x1c0
 .debug_aranges
                0x00000000       0x20 gcc/startup.o
 .debug_aranges
                0x00000020       0x20 gcc/main.o
 .debug_aranges
                0x00000040       0x20 gcc/list.o
 .debug_aranges
                0x00000060       0x20 gcc/queue.o
 .debug_aranges
                0x00000080       0x20 gcc/tasks.o
 .debug_aranges
                0x000000a0       0x20 gcc/port.o
 .debug_aranges
                0x000000c0       0x20 gcc/heap_1.o
 .debug_aranges
                0x000000e0       0x20 gcc/BlockQ.o
 .debug_aranges
                0x00000100       0x20 gcc/PollQ.o
 .debug_aranges
                0x00000120       0x20 gcc/integer.o
 .debug_aranges
                0x00000140       0x20 gcc/semtest.o
 .debug_aranges
                0x00000160       0x20 gcc/osram96x16.o
 .debug_aranges
                0x00000180       0x20 /usr/lib/gcc/arm-none-eabi/13.2.1/../../../arm-none-eabi/lib/thumb/nofp/libc.a(libc_a-memset.o)
 .debug_aranges
                0x000001a0       0x20 /usr/lib/gcc/arm-none-eabi/13.2.1/../../../arm-none-eabi/lib/thumb/nofp/libc.a(libc_a-memcpy-stub.o)

.debug_line     0x00000000     0x2a49
 .debug_line    0x00000000       0x7b gcc/startup.o
 .debug_line    0x0000007b      0x336 gcc/main.o
 .debug_line    0x000003b1      0x196 gcc/list.o
 .debug_line    0x00000547      0x82b gcc/queue.o
 .debug_line    0x00000d72      0xb85 gcc/tasks.o
 .debug_line    0x000018f7      0x208 gcc/port.o
 .debug_line    0x00001aff      0x150 gcc/heap_1.o
 .debug_line    0x00001c4f      0x23b gcc/BlockQ.o
 .debug_line    0x00001e8a      0x1b9 gcc/PollQ.o
 .debug_line    0x00002043      0x164 gcc/integer.o
 .debug_line    0x000021a7      0x24b gcc/semtest.o
 .debug_line    0x000023f2      0x2b9 gcc/osram96x16.o
 .debug_line    0x000026ab      0x1bd /usr/lib/gcc/arm-none-eabi/13.2.1/../../../arm-none-eabi/lib/thumb/nofp/libc.a(libc_a-memset.o)
 .debug_line    0x00002868      0x1e1 /usr/lib/gcc/arm-none-eabi/13.2.1/../../../arm-none-eabi/lib/thumb/nofp/libc.a(libc_a-memcpy-stub.o)

.debug_str      0x00000000     0x1dd7
 .debug_str     0x00000000     0x1dd7 gcc/startup.o
                                0x164 (size before relaxing)
 .debug_str     0x00001dd7      0x412 gcc/main.o
 .debug_str     0x00001dd7      0x278 gcc/list.o
 .debug_str     0x00001dd7      0x813 gcc/queue.o
 .debug_str     0x00001dd7      0xf1a gcc/tasks.o
 .debug_str     0x00001dd7      0x302 gcc/port.o
 .debug_str     0x00001dd7      0x200 gcc/heap_1.o
 .debug_str     0x00001dd7      0x439 gcc/BlockQ.o
 .debug_str     0x00001dd7      0x32e gcc/PollQ.o
 .debug_str     0x00001dd7      0x25c gcc/integer.o
 .debug_str     0x00001dd7      0x3ce gcc/semtest.o
 .debug_str     0x00001dd7      0x274 gcc/osram96x16.o
 .debug_str     0x00001dd7      0x1a6 /usr/lib/gcc/arm-none-eabi/13.2.1/../../../arm-none-eabi/lib/thumb/nofp/libc.a(libc_a-memset.o)
 .debug_str     0x00001dd7      0x1c3 /usr/lib/gcc/arm-none-eabi/13.2.1/../../../arm-none-eabi/lib/thumb/nofp/libc.a(libc_a-memcpy-stub.o)

.comment        0x00000000      0x39a
 .comment       0x00000000       0x26 gcc/startup.o
                                 0x27 (size before relaxing)
 .comment       0x00000026       0x27 gcc/main.o
 .comment       0x00000026       0x27 gcc/list.o
 .comment       0x00000026       0x27 gcc/queue.o
 .comment       0x00000026       0x27 gcc/tasks.o
 .comment       0x00000026       0x27 gcc/port.o
 .comment       0x00000026       0x27 gcc/heap_1.o
 .comment       0x00000026       0x27 gcc/BlockQ.o
 .comment       0x00000026       0x27 gcc/PollQ.o
 .comment       0x00000026       0x27 gcc/integer.o
 .comment       0x00000026       0x27 gcc/semtest.o
 .comment       0x00000026       0x27 gcc/osram96x16.o
 .comment       0x00000026       0x22 hw_include/libdriver.a(gpio_pintypei2c_.o)
 .comment       0x00000048       0x22 hw_include/libdriver.a(i2c_mastercontrol_.o)
 .comment       0x0000006a       0x22 hw_include/libdriver.a(i2c_masterdataput_.o)
 .comment       0x0000008c       0x22 hw_include/libdriver.a(i2c_masterinit_.o)
 .comment       0x000000ae       0x22 hw_include/libdriver.a(i2c_masterintstatus_.o)
 .comment       0x000000d0       0x22 hw_include/libdriver.a(i2c_masterslaveaddrset_.o)
 .comment       0x000000f2       0x22 hw_include/libdriver.a(interrupt_enable_.o)
 .comment       0x00000114       0x22 hw_include/libdriver.a(sysctl_clockget_.o)
 .comment       0x00000136       0x22 hw_include/libdriver.a(sysctl_clockset_.o)
 .comment       0x00000158       0x22 hw_include/libdriver.a(sysctl_peripheralenable_.o)
 .comment       0x0000017a       0x22 hw_include/libdriver.a(sysctl_pulrcgcregs_.o)
 .comment       0x0000019c       0x22 hw_include/libdriver.a(sysctl_pulxtals_.o)
 .comment       0x000001be       0x22 hw_include/libdriver.a(uart_charget_.o)
 .comment       0x000001e0       0x22 hw_include/libdriver.a(uart_charsavail_.o)
 .comment       0x00000202       0x22 hw_include/libdriver.a(uart_configset_.o)
 .comment       0x00000224       0x22 hw_include/libdriver.a(uart_disable_.o)
 .comment       0x00000246       0x22 hw_include/libdriver.a(uart_enable_.o)
 .comment       0x00000268       0x22 hw_include/libdriver.a(uart_intclear_.o)
 .comment       0x0000028a       0x22 hw_include/libdriver.a(uart_intenable_.o)
 .comment       0x000002ac       0x22 hw_include/libdriver.a(uart_intregister_.o)
 .comment       0x000002ce       0x22 hw_include/libdriver.a(uart_intstatus_.o)
 .comment       0x000002f0       0x22 hw_include/libdriver.a(gpio_dirmodeset_.o)
 .comment       0x00000312       0x22 hw_include/libdriver.a(gpio_padconfigset_.o)
 .comment       0x00000334       0x22 hw_include/libdriver.a(i2c_masterenable_.o)
 .comment       0x00000356       0x22 hw_include/libdriver.a(interrupt_register_.o)
 .comment       0x00000378       0x22 hw_include/libdriver.a(interrupt_vtable_.o)
 .comment       0x0000039a       0x27 /usr/lib/gcc/arm-none-eabi/13.2.1/../../../arm-none-eabi/lib/thumb/nofp/libc.a(libc_a-memset.o)
 .comment       0x0000039a       0x27 /usr/lib/gcc/arm-none-eabi/13.2.1/../../../arm-none-eabi/lib/thumb/nofp/libc.a(libc_a-memcpy-stub.o)

.ARM.attributes
                0x00000000       0x2f
 .ARM.attributes
                0x00000000       0x2d gcc/startup.o
 .ARM.attributes
                0x0000002d       0x2d gcc/main.o
 .ARM.attributes
                0x0000005a       0x2d gcc/list.o
 .ARM.attributes
                0x00000087       0x2d gcc/queue.o
 .ARM.attributes
                0x000000b4       0x2d gcc/tasks.o
 .ARM.attributes
                0x000000e1       0x2d gcc/port.o
 .ARM.attributes
                0x0000010e       0x2d gcc/heap_1.o
 .ARM.attributes
                0x0000013b       0x2d gcc/BlockQ.o
 .ARM.attributes
                0x00000168       0x2d gcc/PollQ.o
 .ARM.attributes
                0x00000195       0x2d gcc/integer.o
 .ARM.attributes
                0x000001c2       0x2d gcc/semtest.o
 .ARM.attributes
                0x000001ef       0x2d gcc/osram96x16.o
 .ARM.attributes
                0x0000021c       0x31 hw_include/libdriver.a(gpio_pintypei2c_.o)
 .ARM.attributes
                0x0000024d       0x31 hw_include/libdriver.a(i2c_mastercontrol_.o)
 .ARM.attributes
                0x0000027e       0x31 hw_include/libdriver.a(i2c_masterdataput_.o)
 .ARM.attributes
                0x000002af       0x31 hw_include/libdriver.a(i2c_masterinit_.o)
 .ARM.attributes
                0x000002e0       0x31 hw_include/libdriver.a(i2c_masterintstatus_.o)
 .ARM.attributes
                0x00000311       0x31 hw_include/libdriver.a(i2c_masterslaveaddrset_.o)
 .ARM.attributes
                0x00000342       0x31 hw_include/libdriver.a(interrupt_enable_.o)
 .ARM.attributes
                0x00000373       0x31 hw_include/libdriver.a(sysctl_clockget_.o)
 .ARM.attributes
                0x000003a4       0x31 hw_include/libdriver.a(sysctl_clockset_.o)
 .ARM.attributes
                0x000003d5       0x31 hw_include/libdriver.a(sysctl_peripheralenable_.o)
 .ARM.attributes
                0x00000406       0x2f hw_include/libdriver.a(sysctl_pulrcgcregs_.o)
 .ARM.attributes
                0x00000435       0x2f hw_include/libdriver.a(sysctl_pulxtals_.o)
 .ARM.attributes
                0x00000464       0x31 hw_include/libdriver.a(uart_charget_.o)
 .ARM.attributes
                0x00000495       0x31 hw_include/libdriver.a(uart_charsavail_.o)
 .ARM.attributes
                0x000004c6       0x31 hw_include/libdriver.a(uart_configset_.o)
 .ARM.attributes
                0x000004f7       0x31 hw_include/libdriver.a(uart_disable_.o)
 .ARM.attributes
                0x00000528       0x31 hw_include/libdriver.a(uart_enable_.o)
 .ARM.attributes
                0x00000559       0x31 hw_include/libdriver.a(uart_intclear_.o)
 .ARM.attributes
                0x0000058a       0x31 hw_include/libdriver.a(uart_intenable_.o)
 .ARM.attributes
                0x000005bb       0x31 hw_include/libdriver.a(uart_intregister_.o)
 .ARM.attributes
                0x000005ec       0x31 hw_include/libdriver.a(uart_intstatus_.o)
 .ARM.attributes
                0x0000061d       0x31 hw_include/libdriver.a(gpio_dirmodeset_.o)
 .ARM.attributes
                0x0000064e       0x31 hw_include/libdriver.a(gpio_padconfigset_.o)
 .ARM.attributes
                0x0000067f       0x31 hw_include/libdriver.a(i2c_masterenable_.o)
 .ARM.attributes
                0x000006b0       0x31 hw_include/libdriver.a(interrupt_register_.o)
 .ARM.attributes
                0x000006e1       0x2f hw_include/libdriver.a(interrupt_vtable_.o)
 .ARM.attributes
                0x00000710       0x2a /usr/lib/gcc/arm-none-eabi/13.2.1/../../../arm-none-eabi/lib/thumb/nofp/libc.a(libc_a-memset.o)
 .ARM.attributes
                0x0000073a       0x2a /usr/lib/gcc/arm-none-eabi/13.2.1/../../../arm-none-eabi/lib/thumb/nofp/libc.a(libc_a-memcpy-stub.o)

.debug_frame    0x00000000     0x1350
 .debug_frame   0x00000000       0x7c gcc/startup.o
 .debug_frame   0x0000007c      0x144 gcc/main.o
 .debug_frame   0x000001c0       0xd8 gcc/list.o
 .debug_frame   0x00000298      0x3ac gcc/queue.o
 .debug_frame   0x00000644      0x6f8 gcc/tasks.o
 .debug_frame   0x00000d3c      0x160 gcc/port.o
 .debug_frame   0x00000e9c       0x9c gcc/heap_1.o
 .debug_frame   0x00000f38       0xa0 gcc/BlockQ.o
 .debug_frame   0x00000fd8       0x9c gcc/PollQ.o
 .debug_frame   0x00001074       0x7c gcc/integer.o
 .debug_frame   0x000010f0       0x80 gcc/semtest.o
 .debug_frame   0x00001170      0x180 gcc/osram96x16.o
 .debug_frame   0x000012f0       0x30 /usr/lib/gcc/arm-none-eabi/13.2.1/../../../arm-none-eabi/lib/thumb/nofp/libc.a(libc_a-memset.o)
 .debug_frame   0x00001320       0x30 /usr/lib/gcc/arm-none-eabi/13.2.1/../../../arm-none-eabi/lib/thumb/nofp/libc.a(libc_a-memcpy-stub.o)

.debug_loclists
                0x00000000      0x48d
 .debug_loclists
                0x00000000      0x1c6 /usr/lib/gcc/arm-none-eabi/13.2.1/../../../arm-none-eabi/lib/thumb/nofp/libc.a(libc_a-memset.o)
 .debug_loclists
                0x000001c6      0x2c7 /usr/lib/gcc/arm-none-eabi/13.2.1/../../../arm-none-eabi/lib/thumb/nofp/libc.a(libc_a-memcpy-stub.o)
